0x201df6
start record
0x2017d4
0x2017d6
0x2017d8
0x2017e4
0x2017e8
0x2017ec
0x2017ee
0x2017f0
0x201dfa
0x201dfc
0x2017d4
0x2017d6
0x2017d8
0x2017e4
0x2017e8
0x2017ec
0x2017ee
0x2017f0
0x201e00
0x201e04
0x201e08
0x201e0c
0x201e0e
0x201e10
0x201e12
0x201e16
0x201e1a
0x201e1e
0x2017d4
0x2017d6
0x2017d8
0x2017e4
0x2017e8
0x2017ec
0x2017ee
0x2017f0
0x201e22
0x201e26
0x201e28
0x201e2a
0x201e2c
0x201e2e
0x201e32
0x201e34
0x201e36
0x20c248
0x20c24a
0x20c24e
0x20c26e
0x20c270
0x20c274
0x20c266
0x20c268
0x20c26a
0x20c26c
0x206074
0x206076
0x206078
0x20607a
0x20607e
0x206082
0x206086
0x203636
0x203638
0x20363a
0x203640
0x203644
0x203646
0x203648
0x20364a
0x20364c
0x20366a
0x20366c
0x203656
0x203658
0x20365a
0x20365e
0x203660
0x203664
0x203666
0x2027a8
0x2027aa
0x2027ae
0x2027b0
0x2027b2
0x2027b4
0x2027b6
0x2027b8
0x2027ba
0x2027bc
0x2027c8
0x2027ca
0x2027cc
0x2027ce
0x202468
0x20246a
0x20246c
0x20246e
0x202470
0x202472
0x202474
0x202476
0x202478
0x20247c
0x202480
0x2024a2
0x2024a4
0x20248c
0x202490
0x202494
0x202496
0x202498
0x20249a
0x20249c
0x20249e
0x2024a0
0x2027d2
0x2027d4
0x2027d6
0x2027d8
0x2027dc
0x2027e0
0x2027e2
trigger pendsv from thread_flags_set
0x202aa0
0x202aa2
0x202aa4
0x202aa6
0x202aa8
0x2023ec
0x2023ee
0x2023f0
0x2023f2
0x2023f4
0x2023f6
0x20244a
0x20244c
0x20240c
0x20240e
0x202410
0x202412
0x202414
0x202416
0x20241a
0x20241e
0x202420
0x202422
0x202424
0x202426
0x202428
0x202446
0x202448
0x202aac
0x202aae
0x202ab0
0x202ab2
0x202734
0x202798
0x20279a
0x20279c
0x2027a0
0x2026ec
0x2026ee
0x2026f0
0x2026f4
0x2026f6
0x2026f8
0x2026fc
0x202700
0x202702
0x202706
0x206224
0x206208
0x20620a
0x203670
0x203672
0x203676
0x203678
0x20361c
0x20361e
0x203620
0x203622
0x203624
0x203626
0x203628
0x20362a
0x20362c
0x20362e
0x203630
0x20367c
0x203680
0x203682
0x203684
0x203686
0x20620e
0x206210
0x206226
0x206228
0x20622a
0x20622c
0x205e78
0x205e7c
0x205e7e
0x205e80
0x20c2ba
0x20c2be
0x20c2c0
0x20c2c2
0x20c2c6
0x20c2ca
0x20c2ce
0x20c2d0
0x20c2d2
0x20c2d6
0x20c2da
0x20c2dc
0x20c2de
0x20c2e8
0x20c2ea
0x20c2f4
0x20c2f6
0x20c300
0x20c302
0x20c304
0x20c306
0x20c308
0x20b5e0
0x20b5e2
0x20b5e6
0x20b5e8
0x20b5ea
0x20b5ec
0x20b5ee
0x20b5fc
0x20b5fe
0x20b600
0x20b602
0x20b622
0x20b624
0x20b626
0x20b4ee
0x20b4f0
0x20b4f2
0x20b4cc
0x20b4ce
0x20b4d0
0x20b4d4
0x20b4d6
0x20b4d8
0x20b4dc
0x201bbc
0x201bbe
0x201bc0
0x201bc2
0x201bc6
0x201bca
0x201bcc
0x201bd0
0x201cd0
0x201cd2
0x201cd4
0x201cd6
0x201cd8
0x201cda
0x201cdc
0x201cde
0x201ce0
0x201ce2
0x201ce4
0x201ce6
0x201cea
0x201cee
0x201cf0
0x201cf2
0x201cf4
0x201cf6
0x201cfa
0x201cfe
0x201d02
0x201d06
0x201d0a
0x201d0e
0x201d12
0x201d14
0x201cce
0x20b4de
0x20b4e0
0x20b4f6
0x20b4f8
0x20b4fa
0x20b4fc
0x20b4e4
0x20b4e6
0x20b4e8
0x20b4ea
0x20b4ec
0x201b20
0x201b22
0x201b24
0x201b26
0x201b28
0x201b2a
0x201b2c
0x201b2e
0x201b30
0x201b3a
0x201b3c
0x201b3e
0x201b52
0x201b54
0x201b56
0x201b5a
0x201b5c
0x201b60
0x20b500
0x20b502
0x20b504
0x20b506
0x20b62a
0x20b62c
0x20b62e
0x20b630
0x20b632
0x20b634
0x20195c
0x20195e
0x201960
0x2017d4
0x2017d6
0x2017d8
0x2017e4
0x2017e8
0x2017ec
0x2017ee
0x2017f0
0x201964
0x201966
0x20b636
0x20b638
0x20b63a
0x20b63c
0x20b63e
0x20b640
0x20c23a
0x20c23c
0x20c240
0x20c242
0x20c246
0x20b642
0x20b644
0x20b618
0x20b61a
0x20b61e
0x20b620
0x20c30c
0x20c30e
0x20c334
0x20c336
0x20c338
0x20c33a
0x20c31a
0x20c31c
0x20c31e
0x20c320
0x20c324
0x20c326
0x20c328
0x20c32a
0x20c32c
0x20c32e
0x20c332
0x206074
0x206076
0x206078
0x20607a
0x20607e
0x206082
0x206086
0x203636
0x203638
0x20363a
0x203640
0x203644
0x203646
0x203648
0x20364a
0x20364c
0x20366a
0x20366c
0x203656
0x203658
0x20365a
0x20365e
0x203660
0x203664
0x203666
0x2027a8
0x2027aa
0x2027ae
0x2027b0
0x2027b2
0x2027b4
0x2027b6
0x2027b8
0x2027ba
0x2027bc
0x2027be
0x2027c0
0x2027c2
0x2027c6
0x2027e8
0x20622e
0x206208
0x20620a
0x203670
0x203672
0x203676
0x203678
0x20361c
0x20361e
0x203620
0x203622
0x203624
0x203626
0x203628
0x20362a
0x20362c
0x20362e
0x203630
0x20367c
0x203680
0x203682
0x203684
0x203686
0x20620e
0x206210
0x206226
0x206228
0x20622a
0x20622c
0x205e78
0x205e7c
0x205e7e
0x205e80
0x20c2ba
0x20c2be
0x20c2c0
0x20c2c2
0x20c2c6
0x20c2ca
0x20c2ce
0x20c2d0
0x20c2d2
0x20c2d6
0x20c2da
0x20c2dc
0x20c2de
0x20c2e8
0x20c2ea
0x20c2f4
0x20c2f6
0x20c300
0x20c302
0x20c30c
0x20c30e
0x20c334
0x20c336
0x20c338
0x20c33a
0x20c31a
0x20c31c
0x20c31e
0x20c320
0x20c324
0x20c326
0x20c328
0x20c33c
0x20c33e
0x20c342
0x20c346
0x206074
0x206076
0x206078
0x20608a
0x20608c
0x20608e
0x206090
0x206092
0x206094
0x2060a8
0x2060aa
0x2060ac
0x2060ae
0x206f88
0x206f8c
0x206f8e
0x206f90
0x206f92
0x206f94
0x206f96
0x206f98
0x206f9a
0x206f9c
0x206f9e
0x20c1d8
0x20c1da
0x20c1dc
0x20c1de
0x20c1e0
0x20c1e2
0x20c1e4
0x20c1e6
0x20c1e8
0x20c1ea
0x20c1ee
0x20195c
0x20195e
0x201960
0x2017d4
0x2017d6
0x2017d8
0x2017e4
0x2017e8
0x2017ec
0x2017ee
0x2017f0
0x201964
0x201966
0x206fa0
0x206fa2
0x206fa4
0x206fa8
0x206faa
0x206fac
0x206fae
0x206fb0
0x2075c4
0x2075c8
0x2075ca
0x2075cc
0x2075ce
0x2075d0
0x2075d2
0x2075d4
0x2075d6
0x202324
0x202326
0x202328
0x20232c
0x20232e
0x202330
0x202332
0x202336
0x202338
0x20233c
0x2075da
0x2075dc
0x2075de
0x2075e0
0x2075e2
0x207574
0x207578
0x20757a
0x20757c
0x20757e
0x207580
0x207582
0x207428
0x20742a
0x20742c
0x20742e
0x207430
0x207432
0x207434
0x207438
0x20743a
0x20743c
0x20743e
0x207440
0x207442
0x207444
0x207446
0x207448
0x20744a
0x20744c
0x20744e
0x207450
0x207454
0x207482
0x207484
0x207486
0x20745a
0x20745c
0x207460
0x20746e
0x207470
0x207472
0x207474
0x207476
0x207478
0x20747c
0x207586
0x207588
0x20758a
0x20758c
0x20758e
0x207428
0x20742a
0x20742c
0x20742e
0x207430
0x207432
0x207434
0x207438
0x20743a
0x20743c
0x20743e
0x207440
0x207442
0x207444
0x207446
0x207448
0x20744a
0x20744c
0x20744e
0x207450
0x207454
0x207482
0x207484
0x207486
0x20745a
0x20745c
0x207460
0x20746e
0x207470
0x207472
0x207474
0x207476
0x207478
0x20747c
0x207592
0x207594
0x2075a6
0x2075b0
0x2075b2
0x2075b6
0x2075b8
0x2075bc
0x2075be
0x2075a0
0x2075a2
0x2075e6
0x2075e8
0x2075ea
0x202384
0x202386
0x202388
0x20238c
0x20238e
0x202390
0x202398
0x20239a
0x20239c
0x20239e
0x2023a0
0x202392
0x202396
0x2075ee
0x2075f0
0x206fb4
0x206fb6
0x206fb8
0x206fce
0x206fd0
0x206fd4
0x206fd6
0x206fd8
0x206fda
0x20c1d8
0x20c1da
0x20c1dc
0x20c1de
0x20c1e0
0x20c1e2
0x20c1f0
0x20c1f2
0x20c1f4
0x2019cc
0x2019ce
0x2019d0
0x2019d2
0x2019d4
0x2019d6
0x2019d8
0x2019dc
0x2019e2
0x2017ac
0x2017ae
0x2017b0
0x2017b4
0x2017c0
0x2017c4
0x2019e6
0x2019e8
0x2019ea
0x2019ec
0x2019ee
0x2019f0
0x2017fc
0x2017fe
0x201800
0x201804
0x201806
0x201808
0x20180a
0x20180c
0x20181a
0x20181e
0x201822
0x20180a
0x20180c
0x20181a
0x20181e
0x201822
0x20180a
0x20180c
0x20181a
0x20181e
0x201822
0x20180a
0x20180c
0x20181a
0x20181e
0x201822
0x20180a
0x20180c
0x20181a
0x20181e
0x201822
0x20180a
0x20180c
0x20181a
0x20181e
0x201822
0x20180a
0x20180c
0x20181a
0x20181e
0x201822
0x20180a
0x20180c
0x20181a
0x20181e
0x201822
0x20180a
0x20180c
0x20181a
0x20181e
0x201822
0x20180a
0x20180c
0x20181a
0x20181e
0x201822
0x20180a
0x20180c
0x20181a
0x20181e
0x201822
0x20180a
0x20180c
0x20181a
0x20181e
0x201822
0x20180a
0x20180c
0x20181a
0x20181e
0x201822
0x20180a
0x20180c
0x20181a
0x20181e
0x201822
0x20180a
0x20180c
0x20181a
0x20181e
0x201822
0x20180a
0x20180c
0x20181a
0x20181e
0x201822
0x20180a
0x20180c
0x20181a
0x20181e
0x201822
0x20180a
0x20180c
0x20181a
0x20181e
0x201822
0x20180a
0x20180c
0x20181a
0x20181e
0x201822
0x20180a
0x20180c
0x20181a
0x20181e
0x201822
0x20180a
0x20180c
0x20181a
0x20181e
0x201822
0x20180a
0x20180c
0x20181a
0x20181e
0x201822
0x20180a
0x20180c
0x20181a
0x20181e
0x201822
0x20180a
0x20180c
0x20181a
0x20181e
0x201822
0x20180a
0x20180c
0x20181a
0x20181e
0x201822
0x20180a
0x20180c
0x20181a
0x20181e
0x201822
0x20180a
0x20180c
0x20181a
0x20181e
0x201822
0x20180a
0x20180c
0x20181a
0x20181e
0x201822
0x20180a
0x20180c
0x20181a
0x20181e
0x201822
0x20180a
0x20180c
0x20181a
0x20181e
0x201822
0x20180a
0x20180c
0x20181a
0x20181e
0x201822
0x20180a
0x20180c
0x20181a
0x20181e
0x201822
0x20180a
0x20180c
0x20181a
0x20181e
0x201822
0x20180a
0x20180c
0x20181a
0x20181e
0x201822
0x20180a
0x20180c
0x20180e
0x2019f4
0x2019f6
0x2019f8
0x2017ac
0x2017ae
0x2017b0
0x2017b4
0x2017c0
0x2017c4
0x2019fc
0x201a00
0x201a02
0x201a04
0x201a06
0x201a08
0x201a0a
0x201a0c
0x2017ac
0x2017ae
0x2017b0
0x2017b4
0x2017c0
0x2017c4
0x201a10
0x201a14
0x201a16
0x201a18
0x201a1a
0x201a1c
0x201a1e
0x201a20
0x201a22
0x201a26
0x201a2a
0x201a2c
0x201a30
0x201a32
0x201a34
0x201a36
0x201a38
0x201a3c
0x20c1f6
0x20c1f8
0x20c1fc
0x20c1fe
0x20c200
0x20c204
0x20c206
0x20c208
0x206fdc
0x206fde
0x206fea
0x206fee
0x206ff0
0x207030
0x207032
0x20b38c
0x20b38e
0x20b390
0x20b394
0x20b396
0x20b3bc
0x20b3be
0x20b3a6
0x20b3aa
0x20b3ce
0x207036
0x207038
0x20703a
0x20703c
0x20703e
0x207040
0x207044
0x207046
0x207048
0x20704a
0x20b46a
0x20b46c
0x20b46e
0x20b474
0x20b476
0x20b47a
0x20b47c
0x20b47e
0x20b480
0x20b482
0x20b484
0x20b486
0x20b488
0x20b48a
0x20b48c
0x20b48e
0x20b490
0x20704e
0x207050
0x207052
0x207054
0x207056
0x20b3d0
0x20b3d2
0x20b3d4
0x20b3da
0x20b3dc
0x20b3e0
0x20b3e2
0x20b3e4
0x20b3e6
0x20b3e8
0x20b3ea
0x20b3ec
0x20b3ee
0x20b3f0
0x20b3f2
0x20b3f4
0x20b416
0x20b418
0x20b41c
0x20b45c
0x20b45e
0x20b444
0x20705a
0x20705e
0x207060
0x207062
0x207064
0x207066
0x20706a
0x20706c
0x20706e
0x206e5c
0x206e60
0x206e62
0x206e66
0x206e68
0x206e6a
0x206e6c
0x206e6e
0x206e70
0x206e72
0x206e76
0x2075c4
0x2075c8
0x2075ca
0x2075cc
0x2075ce
0x2075d0
0x2075d2
0x2075d4
0x2075d6
0x202324
0x202326
0x202328
0x20232c
0x20232e
0x202330
0x202332
0x202336
0x202338
0x20233c
0x2075da
0x2075dc
0x2075de
0x2075e0
0x2075e2
0x207574
0x207578
0x20757a
0x20757c
0x20757e
0x207580
0x207582
0x207428
0x20742a
0x20742c
0x20742e
0x207430
0x207432
0x207434
0x207438
0x20743a
0x20743c
0x20743e
0x207440
0x207442
0x207444
0x207446
0x207448
0x20744a
0x20744c
0x20744e
0x207450
0x207454
0x207482
0x207484
0x207486
0x20745a
0x20745c
0x207460
0x20746e
0x207470
0x207472
0x207474
0x207476
0x207478
0x20747c
0x207586
0x207588
0x20758a
0x20758c
0x20758e
0x207428
0x20742a
0x20742c
0x20742e
0x207430
0x207432
0x207434
0x207438
0x20743a
0x20743c
0x20743e
0x207440
0x207442
0x207444
0x207446
0x207448
0x20744a
0x20744c
0x20744e
0x207450
0x207454
0x207482
0x207484
0x207486
0x20745a
0x20745c
0x207460
0x20746e
0x207470
0x207472
0x207474
0x207476
0x207478
0x20747c
0x207592
0x207594
0x2075a6
0x2075b0
0x2075b2
0x2075b6
0x2075b8
0x2075bc
0x2075be
0x2075a0
0x2075a2
0x2075e6
0x2075e8
0x2075ea
0x202384
0x202386
0x202388
0x20238c
0x20238e
0x202390
0x202398
0x20239a
0x20239c
0x20239e
0x2023a0
0x202392
0x202396
0x2075ee
0x2075f0
0x206e7a
0x206e7c
0x206e7e
0x206e80
0x206e82
0x206e84
0x206e86
0x206e8a
0x206e8c
0x206e8e
0x206e90
0x206e94
0x206e96
0x206ea2
0x206ea4
0x206ea6
0x206ea8
0x206eaa
0x206eac
0x206eae
0x206eb0
0x206eb2
0x206eb4
0x206eb6
0x206eb8
0x20df1c
0x20df1e
0x20df20
0x20df24
0x20df28
0x20df2a
0x20df2e
0x20df30
0x20df34
0x20df2a
0x20df2e
0x20df30
0x20df34
0x20df36
0x206ebc
0x206ebe
0x207072
0x207074
0x207076
0x207078
0x20707c
0x20707e
0x207080
0x207084
0x207088
0x20708a
0x20708c
0x20708e
0x207090
0x207094
0x207096
0x20709a
0x20709c
0x2070a6
0x2070aa
0x2070ae
0x2070b0
0x2070b4
0x2070b6
0x2070b8
0x2070bc
0x2070be
0x2070c0
0x2070c2
0x2070c4
0x2070c8
0x2070ca
0x2070cc
0x20c276
0x20c278
0x20c27a
0x20c27c
0x20c27e
0x20c280
0x20c282
0x20c284
0x20c2ae
0x20c2b0
0x20c038
0x20c03a
0x20c03c
0x20c03e
0x20c040
0x20c042
0x20c044
0x20c046
0x20c0e0
0x20c0e2
0x20c0e4
0x20c0e8
0x20c0ea
0x20c092
0x2070ce
0x2070d0
0x2070d2
0x2070d4
0x207640
0x207644
0x207646
0x207648
0x20764a
0x20764c
0x202324
0x202326
0x202328
0x20232c
0x20232e
0x202330
0x202332
0x202336
0x202338
0x20233c
0x207650
0x207652
0x207654
0x207656
0x207658
0x20765a
0x20765c
0x20766c
0x20766e
0x207428
0x20742a
0x20742c
0x20742e
0x207430
0x207432
0x207434
0x207438
0x20743a
0x20743c
0x20743e
0x207440
0x207442
0x207444
0x207446
0x207448
0x20744a
0x20744c
0x20744e
0x207450
0x207454
0x207482
0x207484
0x207486
0x20745a
0x20745c
0x207460
0x20746e
0x207470
0x207472
0x207474
0x207476
0x207478
0x20747c
0x207672
0x207674
0x207676
0x207678
0x20767a
0x20767c
0x20767e
0x207680
0x207684
0x207686
0x207688
0x20768a
0x207428
0x20742a
0x20742c
0x20742e
0x207430
0x207432
0x207434
0x207438
0x20743a
0x20743c
0x20743e
0x207440
0x207442
0x207444
0x207446
0x207448
0x20744a
0x20744c
0x20744e
0x207450
0x207454
0x207482
0x207484
0x207486
0x20745a
0x20745c
0x207460
0x20746e
0x207470
0x207472
0x207474
0x207476
0x207478
0x20747c
0x20768e
0x207690
0x2076a2
0x2076a4
0x2076a6
0x207428
0x20742a
0x20742c
0x20742e
0x207430
0x207432
0x207434
0x207438
0x20743a
0x20743c
0x20743e
0x207440
0x207442
0x207444
0x207446
0x207448
0x20744a
0x20744c
0x20744e
0x207450
0x207454
0x207482
0x207484
0x207486
0x20745a
0x20745c
0x207460
0x20746e
0x207470
0x207472
0x207474
0x207476
0x207478
0x20747c
0x2076aa
0x2076ac
0x2076c0
0x2076c2
0x2076c4
0x2076c6
0x20df1c
0x20df1e
0x20df20
0x20df24
0x20df28
0x20df2a
0x20df2e
0x20df30
0x20df34
0x20df2a
0x20df2e
0x20df30
0x20df34
0x20df2a
0x20df2e
0x20df30
0x20df34
0x20df2a
0x20df2e
0x20df30
0x20df34
0x20df2a
0x20df2e
0x20df30
0x20df34
0x20df2a
0x20df2e
0x20df30
0x20df34
0x20df2a
0x20df2e
0x20df30
0x20df34
0x20df36
0x2076ca
0x2076ce
0x2076d0
0x2076d2
0x2076d4
0x20df1c
0x20df1e
0x20df20
0x20df24
0x20df28
0x20df2a
0x20df2e
0x20df30
0x20df34
0x20df2a
0x20df2e
0x20df30
0x20df34
0x20df2a
0x20df2e
0x20df30
0x20df34
0x20df2a
0x20df2e
0x20df30
0x20df34
0x20df2a
0x20df2e
0x20df30
0x20df34
0x20df2a
0x20df2e
0x20df30
0x20df34
0x20df2a
0x20df2e
0x20df30
0x20df34
0x20df2a
0x20df2e
0x20df30
0x20df34
0x20df2a
0x20df2e
0x20df30
0x20df34
0x20df2a
0x20df2e
0x20df30
0x20df34
0x20df2a
0x20df2e
0x20df30
0x20df34
0x20df2a
0x20df2e
0x20df30
0x20df34
0x20df2a
0x20df2e
0x20df30
0x20df34
0x20df2a
0x20df2e
0x20df30
0x20df34
0x20df2a
0x20df2e
0x20df30
0x20df34
0x20df2a
0x20df2e
0x20df30
0x20df34
0x20df2a
0x20df2e
0x20df30
0x20df34
0x20df2a
0x20df2e
0x20df30
0x20df34
0x20df2a
0x20df2e
0x20df30
0x20df34
0x20df2a
0x20df2e
0x20df30
0x20df34
0x20df2a
0x20df2e
0x20df30
0x20df34
0x20df2a
0x20df2e
0x20df30
0x20df34
0x20df2a
0x20df2e
0x20df30
0x20df34
0x20df2a
0x20df2e
0x20df30
0x20df34
0x20df2a
0x20df2e
0x20df30
0x20df34
0x20df2a
0x20df2e
0x20df30
0x20df34
0x20df2a
0x20df2e
0x20df30
0x20df34
0x20df36
0x2076d8
0x2076dc
0x2074f0
0x2074f2
0x2074f4
0x2074f6
0x2074f8
0x2074fa
0x2074fe
0x207500
0x207502
0x207504
0x207506
0x207508
0x20750a
0x20750c
0x20750e
0x207510
0x207514
0x207516
0x207518
0x20751a
0x20751c
0x20751e
0x207520
0x207522
0x207524
0x207526
0x207528
0x20752a
0x20752c
0x20752e
0x207530
0x207532
0x207534
0x207542
0x2076e0
0x2076e4
0x2076e6
0x2076e8
0x2076ea
0x2076ec
0x2076ee
0x2076f0
0x2076f4
0x2076f6
0x2076fa
0x2076fc
0x2076fe
0x202384
0x202386
0x202388
0x20238c
0x20238e
0x202390
0x202398
0x20239a
0x20239c
0x20239e
0x2023a0
0x202392
0x202396
0x207702
0x207704
0x207666
0x207668
0x2070d8
0x2070e4
0x2070e6
0x2070e8
0x2070ea
0x207388
0x20738a
0x20738c
0x20738e
0x207390
0x207392
0x207394
0x207396
0x207398
0x20739a
0x207392
0x207394
0x207396
0x207398
0x20739a
0x20739c
0x20739e
0x2073a0
0x2073a2
0x2073a4
0x2073a6
0x20732c
0x20732e
0x207330
0x207332
0x202324
0x202326
0x202328
0x20232c
0x20232e
0x202330
0x202332
0x202336
0x202338
0x20233c
0x207336
0x207338
0x20733a
0x207346
0x207348
0x20734a
0x20734c
0x207350
0x207352
0x207354
0x207356
0x20735c
0x20735e
0x207360
0x207362
0x207366
0x207368
0x2074f0
0x2074f2
0x2074f4
0x2074f6
0x2074f8
0x2074fa
0x2074fe
0x207500
0x207502
0x207504
0x207506
0x207508
0x20750a
0x20750c
0x207544
0x207546
0x207548
0x207508
0x20750a
0x20750c
0x20750e
0x207510
0x207514
0x207516
0x207518
0x20751a
0x20751c
0x20751e
0x207520
0x207522
0x207524
0x20754a
0x20754c
0x20754e
0x207550
0x207552
0x207554
0x207528
0x20752a
0x20752c
0x20752e
0x207530
0x207532
0x207534
0x207542
0x20736c
0x20736e
0x207370
0x2074f0
0x2074f2
0x2074f4
0x2074f6
0x2074f8
0x2074fa
0x2074fe
0x207500
0x207502
0x207504
0x207506
0x207508
0x20750a
0x20750c
0x207544
0x207546
0x207548
0x207508
0x20750a
0x20750c
0x20750e
0x207510
0x207514
0x207516
0x207518
0x20751a
0x20751c
0x20751e
0x207520
0x207522
0x207524
0x20754a
0x20754c
0x20754e
0x207550
0x207552
0x207554
0x207528
0x20752a
0x20752c
0x20752e
0x207530
0x207532
0x207534
0x207536
0x207538
0x20753a
0x20753c
0x20753e
0x207540
0x207542
0x207374
0x207376
0x20733a
0x20733c
0x20733e
0x207342
0x202384
0x202386
0x202388
0x20238c
0x20238e
0x202390
0x202398
0x20239a
0x20239c
0x20239e
0x2023a0
0x202392
0x202396
0x2073aa
0x2073ac
0x2073ae
0x2070ee
0x2070f0
0x2070f2
0x2070f4
0x2070f6
0x2070f8
0x2070fa
0x2070fe
0x207026
0x207028
0x20702a
0x20771c
0x20771e
0x207720
0x207722
0x207724
0x202324
0x202326
0x202328
0x20232c
0x20232e
0x202330
0x202332
0x202336
0x202338
0x20233c
0x207728
0x20772e
0x207732
0x207746
0x207748
0x20774a
0x20774c
0x20774e
0x207750
0x207752
0x207756
0x207758
0x20775a
0x207738
0x20773a
0x20773c
0x20773e
0x202384
0x202386
0x202388
0x20238c
0x20238e
0x202390
0x202398
0x20239a
0x20239c
0x20239e
0x2023a0
0x202392
0x202396
0x207742
0x207744
0x207780
0x20702e
0x206fc6
0x206fc8
0x206fca
0x2060b0
0x2060b2
0x2060b4
0x205f00
0x205f02
0x205f04
0x205f0a
0x205f0e
0x205f30
0x2060b8
0x2060ba
0x2060bc
0x2060be
0x2060c0
0x2060c4
0x2060c8
0x205dea
0x205dee
0x205df0
0x205df2
0x205df4
0x205df6
0x2072d2
0x2072d4
0x2072d6
0x2072d8
0x2072da
0x2072dc
0x2072de
0x207254
0x207256
0x207258
0x20725a
0x20725e
0x207260
0x207264
0x207268
0x20726a
0x20726c
0x207266
0x2072e2
0x2072e8
0x2072ea
0x2072dc
0x2072de
0x207254
0x20726e
0x207270
0x207264
0x207266
0x2072e2
0x2072e4
0x2072e6
0x205dfa
0x205dfc
0x205dfe
0x205e00
0x205e02
0x2072c8
0x2072ca
0x2072cc
0x2072ce
0x207254
0x207256
0x207258
0x20725a
0x20725e
0x207260
0x207264
0x207268
0x20726a
0x20726c
0x207266
0x205e06
0x205e08
0x205e0a
0x205e0c
0x2074c8
0x2074ca
0x2074cc
0x2074ce
0x2074d0
0x202324
0x202326
0x202328
0x20232c
0x20232e
0x202330
0x202332
0x202336
0x202338
0x20233c
0x2074d4
0x2074e0
0x2074e2
0x2074e4
0x2074e6
0x2074e8
0x2074d4
0x2074e0
0x2074e2
0x2074e4
0x2074e6
0x2074e8
0x2074d4
0x2074d6
0x2074da
0x2074dc
0x202384
0x202386
0x202388
0x20238c
0x20238e
0x202390
0x202398
0x20239a
0x20239c
0x20239e
0x2023a0
0x202392
0x202396
0x205e10
0x205e1a
0x205e1c
0x205e34
0x205e36
0x205e38
0x205e3c
0x205dd4
0x205dd6
0x205dd8
0x205dda
0x205ddc
0x205de0
0x202278
0x20227a
0x20227e
0x202282
0x20228a
0x20228c
0x20228e
0x202290
0x202292
0x20229a
0x20229e
0x2022a0
0x2022a2
0x202188
0x20218c
0x20218e
0x202190
0x202192
0x202196
0x202198
0x20219a
0x20219c
0x20219e
0x2021ac
0x2021ae
0x2021b0
0x202220
0x202222
0x202224
0x202228
0x20222a
0x20222c
0x202468
0x20246a
0x20246c
0x20246e
0x202470
0x202472
0x202474
0x202476
0x202478
0x20247c
0x202480
0x2024a2
0x2024a4
0x20248c
0x202490
0x202494
0x202496
0x202498
0x20249a
0x20249c
0x20249e
0x2024a0
0x202230
0x20221a
0x20221e
0x2021d0
0x2021d4
0x2021d6
trigger pendsv from _msg_send
0x202aa0
0x202aa2
0x202aa4
0x202aa6
0x202aa8
0x2023ec
0x2023ee
0x2023f0
0x2023f2
0x2023f4
0x2023f6
0x20244a
0x20244c
0x20240c
0x20240e
0x202410
0x202412
0x202414
0x202416
0x20241a
0x20241e
0x202420
0x202422
0x202424
0x202426
0x202428
0x202446
0x202448
0x202aac
0x202aae
0x202ab0
0x202ab2
0x2021dc
0x2021de
0x2021a8
0x205de4
0x205de6
0x205e40
0x205e42
0x205e2a
0x205e2c
0x2072ec
0x2072ee
0x2072f0
0x2072f2
0x207254
0x20726e
0x207270
0x207264
0x207266
0x205e30
0x205e32
0x205e10
0x205e12
0x205e14
0x205e16
0x2060cc
0x2060ce
0x2060d0
0x206096
0x20c348
0x20c34c
0x20c34e
0x20c350
0x20c352
0x20c356
0x20ba00
0x20ba02
0x20ba06
0x20ba08
0x20ba0a
0x20ba0c
0x20ba0e
0x20ba10
0x20b5e0
0x20b5e2
0x20b5e6
0x20b5e8
0x20b5ea
0x20b5ec
0x20b5ee
0x20b680
0x20b682
0x20b684
0x20b68e
0x20b690
0x20b692
0x20b532
0x20b534
0x20b536
0x20b538
0x20b53a
0x20b53c
0x20b53e
0x201bbc
0x201bbe
0x201bc0
0x201bc2
0x201bc6
0x201bca
0x201bcc
0x201bd0
0x201c98
0x201c9a
0x201c9c
0x201c9e
0x201ca0
0x201ca2
0x201ca4
0x201ca8
0x201cac
0x201cb0
0x201cb2
0x201cb6
0x201cba
0x201cbe
0x201cc2
0x201cc6
0x201cca
0x201cce
0x20b540
0x20b542
0x20b544
0x20b546
0x20b548
0x20b54a
0x20b54c
0x20b54e
0x201b20
0x201b22
0x201b24
0x201b26
0x201b28
0x201b2a
0x201b2c
0x201b2e
0x201b30
0x201b3a
0x201b3c
0x201b3e
0x201b52
0x201b54
0x201b56
0x201b5a
0x201b5c
0x201b60
0x20b550
0x20b552
0x20b554
0x20b556
0x20b696
0x20b698
0x20b616
0x20b618
0x20b61a
0x20b61e
0x20b620
0x20ba14
0x20ba16
0x20ba18
0x20ba1c
0x20ba1e
0x20622e
0x206208
0x20620a
0x203670
0x203672
0x203676
0x203678
0x20361c
0x20361e
0x203620
0x203632
0x203634
0x20367c
0x203680
0x203686
0x20620e
0x206210
0x206212
0x206214
0x2022f8
0x2022fa
0x202020
0x202022
0x202024
0x202028
0x20202a
0x20202c
0x20202e
0x202030
0x202032
0x202034
0x202038
0x20203a
0x2020ee
0x2020f2
0x2020f4
0x202046
0x202048
0x20204a
0x20204c
0x20204e
0x202052
0x202054
0x206218
0x20621a
0x20621c
0x206220
0x20278c
0x20278e
0x202790
0x202792
0x202794
0x202708
0x20270a
0x20270c
0x20270e
0x202710
0x202714
0x202716
0x202718
0x20271a
0x202736
0x20273a
0x202734
0x202798
0x20279a
0x20279c
0x2027a0
0x2026ec
0x2026ee
0x2026f0
0x2026f4
0x2026f6
0x2026f8
0x2026fc
0x202700
0x202702
0x202706
0x206224
0x206208
0x20620a
0x203670
0x203672
0x203676
0x203678
0x20361c
0x20361e
0x203620
0x203632
0x203634
0x20367c
0x203680
0x203686
0x20620e
0x206210
0x206212
0x206214
0x2022f8
0x2022fa
0x202020
0x202022
0x202024
0x202028
0x20202a
0x20202c
0x20202e
0x202030
0x202032
0x202034
0x202038
0x20203a
0x2020ee
0x2020f2
0x2020f4
0x202046
0x202048
0x20204a
0x20204c
0x20204e
0x202052
0x202054
0x206218
0x20621a
0x20621c
0x206220
0x20278c
0x20278e
0x202790
0x202792
0x202794
0x202708
0x20270a
0x20270c
0x20270e
0x202710
0x202714
0x202716
0x202718
0x20271a
0x20271c
0x20271e
0x202720
0x202468
0x20246a
0x20246c
0x20246e
0x2024a6
0x2024a8
0x2024aa
0x2024ac
0x2024ae
0x2024b2
0x2024b4
0x2024b6
0x2024b8
0x2024ba
0x2024bc
0x2024be
0x2024c2
0x2024c4
0x2024c6
0x2024ca
0x2024cc
0x2024ce
0x2024d2
0x2024d4
0x2024d8
0x2024da
0x2024de
0x20249c
0x20249e
0x2024a0
0x202724
0x202728
0x20272c
0x20272e
trigger pendsv from _thread_flags_wait_any
0x202aa0
0x202aa2
0x202aa4
0x202aa6
0x202aa8
0x2023ec
0x2023ee
0x2023f0
0x2023f2
0x2023f4
0x2023f6
0x20244a
0x20244c
0x20240c
0x20240e
0x202410
0x202412
0x202414
0x202416
0x20241a
0x20241e
0x202420
0x202422
0x202424
0x202426
0x202428
0x20242a
0x20242c
0x2023c8
0x2023ca
0x2023cc
0x2023ce
0x2023d0
0x2023d2
0x2023d4
0x2023d6
0x2023d8
0x2023e4
0x202430
0x202434
0x202436
0x202438
0x20243a
0x20243c
0x20243e
0x202440
0x202442
0x2029b0
0x2029b2
0x2029b6
0x2029ba
0x2029be
0x2029c2
0x2029c4
0x2029c8
0x202446
0x202448
0x202aac
0x202aae
0x202ab0
0x202ab2
0x202ab4
0x202ab6
0x202aba
0x202abc
0x202ac0
0x202ac4
0x202ac6
0x202ac8
0x202acc
0x202ad0
0x2020e2
0x2020e4
0x2020e6
0x2020e8
0x2020ea
0x2020ec
0x202052
0x202054
0x20793a
0x20793e
0x207942
0x207944
0x207948
0x20794a
0x20794c
0x20794e
0x207950
0x207952
0x207954
0x207956
0x207958
0x2075fc
0x2075fe
0x207600
0x207602
0x202324
0x202326
0x202328
0x20232c
0x20232e
0x202330
0x202332
0x202336
0x202338
0x20233c
0x207606
0x207610
0x207612
0x207614
0x207608
0x20760a
0x202384
0x202386
0x202388
0x20238c
0x20238e
0x202390
0x202398
0x20239a
0x20239c
0x20239e
0x2023a0
0x202392
0x202396
0x20760e
0x207636
0x207638
0x20795c
0x20795e
0x20798e
0x207990
0x20731a
0x20731c
0x207320
0x207322
0x207324
0x207994
0x207996
0x207998
0x2079a2
0x2079a4
0x2079a6
0x2079a8
0x2079d6
0x2079da
0x2079dc
0x2079ea
0x2079ee
0x2079f0
0x2079f2
0x2079f4
0x2079f6
0x2079f8
0x20917c
0x209180
0x209182
0x209184
0x209186
0x20918c
0x20918e
0x209190
0x209192
0x209194
0x209196
0x209198
0x2091a6
0x2091a8
0x2091aa
0x2091ae
0x2091b0
0x2091b4
0x2091b8
0x2091ba
0x2091be
0x2091c2
0x2091c6
0x2091ca
0x2092f6
0x2092f8
0x2092fa
0x208242
0x208244
0x2080f8
0x2080fc
0x2080fe
0x208104
0x208106
0x208108
0x20810a
0x20810c
0x208110
0x208114
0x208118
0x20811a
0x20811c
0x20814a
0x20814c
0x20814e
0x208152
0x20811a
0x20811c
0x20814a
0x20814c
0x20814e
0x208152
0x20811a
0x20811c
0x20814a
0x20814c
0x20814e
0x208152
0x20811a
0x20811c
0x20814a
0x20814c
0x20814e
0x208152
0x208154
0x208156
0x208248
0x20824a
0x20824c
0x20824e
0x2092fe
0x209300
0x209308
0x20930a
0x20930c
0x209310
0x2096d0
0x2096d4
0x2096d6
0x2096d8
0x2096da
0x2096dc
0x2096de
0x2096e0
0x2096e2
0x2096e4
0x2096e6
0x2096e8
0x2096ea
0x2096ec
0x2096ee
0x2096f0
0x2096f2
0x20defc
0x20defe
0x20df00
0x20df02
0x20df04
0x20df06
0x20df08
0x20df16
0x2096f6
0x20970a
0x20970c
0x209706
0x209314
0x209316
0x209318
0x20931a
0x20931c
0x209320
0x20891c
0x20891e
0x208920
0x208922
0x208924
0x20892a
0x20892c
0x20892e
0x20d9d8
0x20d9da
0x20cd44
0x20cd46
0x20cd48
0x20cd4a
0x20cd4c
0x20cd50
0x20cd52
0x20cd5c
0x20c9a8
0x20c9aa
0x20c9ac
0x20c9b2
0x20c9b4
0x20c9b8
0x20cd60
0x20cd62
0x20cd64
0x20cd66
0x20cd5a
0x209324
0x209326
0x209328
0x20932a
0x2092dc
0x2092de
0x2092e0
0x208dac
0x208db0
0x208db2
0x208db4
0x208db6
0x208db8
0x208dba
0x208dbc
0x208dbe
0x208dc0
0x208dc2
0x206e5c
0x206e60
0x206e62
0x206e66
0x206e68
0x206e6a
0x206e6c
0x206e6e
0x206e70
0x206e72
0x206e76
0x2075c4
0x2075c8
0x2075ca
0x2075cc
0x2075ce
0x2075d0
0x2075d2
0x2075d4
0x2075d6
0x202324
0x202326
0x202328
0x20232c
0x20232e
0x202330
0x202332
0x202336
0x202338
0x20233c
0x2075da
0x2075dc
0x2075de
0x2075e0
0x2075e2
0x207574
0x207578
0x20757a
0x20757c
0x20757e
0x207580
0x207582
0x207428
0x20742a
0x20742c
0x20742e
0x207430
0x207432
0x207434
0x207438
0x20743a
0x20743c
0x20743e
0x207440
0x207442
0x207444
0x207446
0x207448
0x20744a
0x20744c
0x20744e
0x207450
0x207454
0x207482
0x207484
0x207486
0x20745a
0x20745c
0x207460
0x20746e
0x207470
0x207472
0x207474
0x207476
0x207478
0x20747c
0x207586
0x207588
0x20758a
0x20758c
0x20758e
0x207428
0x20742a
0x20742c
0x20742e
0x207430
0x207432
0x207434
0x207438
0x20743a
0x20743c
0x20743e
0x207440
0x207442
0x207444
0x207446
0x207448
0x20744a
0x20744c
0x20744e
0x207450
0x207454
0x207482
0x207484
0x207486
0x20745a
0x20745c
0x207460
0x20746e
0x207470
0x207472
0x207474
0x207476
0x207478
0x20747c
0x207592
0x207594
0x2075a6
0x2075b0
0x2075b2
0x2075b6
0x2075b8
0x2075bc
0x2075be
0x2075a0
0x2075a2
0x2075e6
0x2075e8
0x2075ea
0x202384
0x202386
0x202388
0x20238c
0x20238e
0x202390
0x202398
0x20239a
0x20239c
0x20239e
0x2023a0
0x202392
0x202396
0x2075ee
0x2075f0
0x206e7a
0x206e7c
0x206e7e
0x206e80
0x206e82
0x206e84
0x206e86
0x206e8a
0x206e8c
0x206e8e
0x206e90
0x206e94
0x206ea2
0x206ea4
0x206ebc
0x206ebe
0x208dc6
0x208dc8
0x208dca
0x208dcc
0x208dd2
0x208dd4
0x208dd8
0x208dda
0x208dea
0x208dee
0x208df0
0x208df4
0x20731a
0x20731c
0x207320
0x207322
0x207326
0x207328
0x20731a
0x20731c
0x207320
0x207322
0x207324
0x208df8
0x208dfa
0x208dfc
0x208dfe
0x207388
0x20738a
0x20738c
0x20738e
0x207390
0x207392
0x207394
0x207396
0x207398
0x20739a
0x207392
0x207394
0x207396
0x207398
0x20739a
0x20739c
0x20739e
0x2073a0
0x2073a2
0x2073a4
0x2073a6
0x20732c
0x20732e
0x207330
0x207332
0x202324
0x202326
0x202328
0x20232c
0x20232e
0x202330
0x202332
0x202336
0x202338
0x20233c
0x207336
0x207338
0x20733a
0x207346
0x207348
0x20734a
0x20734c
0x207350
0x207352
0x207354
0x207356
0x20735c
0x20735e
0x207360
0x207362
0x207366
0x207368
0x2074f0
0x2074f2
0x2074f4
0x2074f6
0x2074f8
0x2074fa
0x2074fe
0x207500
0x207502
0x207504
0x207506
0x207508
0x20750a
0x20750c
0x207544
0x207546
0x207548
0x207508
0x20750a
0x20750c
0x20750e
0x207510
0x207514
0x207516
0x207518
0x20751a
0x20751c
0x20751e
0x207520
0x207522
0x207524
0x20754a
0x20754c
0x20754e
0x207550
0x207552
0x207554
0x207528
0x20752a
0x20752c
0x20752e
0x207530
0x207532
0x207534
0x207536
0x207538
0x20753a
0x20753c
0x20753e
0x207540
0x207542
0x20736c
0x20736e
0x207370
0x2074f0
0x2074f2
0x2074f4
0x2074f6
0x2074f8
0x2074fa
0x2074fe
0x207500
0x207502
0x207504
0x207506
0x207508
0x20750a
0x20750c
0x207544
0x207546
0x207548
0x207508
0x20750a
0x20750c
0x20750e
0x207510
0x207514
0x207516
0x207518
0x20751a
0x20751c
0x20751e
0x207520
0x207522
0x207524
0x20754a
0x20754c
0x20754e
0x207550
0x207552
0x207554
0x207556
0x20755c
0x20755e
0x207560
0x207562
0x207564
0x207566
0x207568
0x20756a
0x207528
0x20752a
0x20752c
0x20752e
0x207530
0x207532
0x207534
0x207536
0x207538
0x20753a
0x20753c
0x20753e
0x207540
0x207542
0x207374
0x207376
0x20733a
0x20733c
0x20733e
0x207342
0x202384
0x202386
0x202388
0x20238c
0x20238e
0x202390
0x202398
0x20239a
0x20239c
0x20239e
0x2023a0
0x202392
0x202396
0x2073aa
0x2073ac
0x2073ae
0x208e02
0x208e04
0x208e0c
0x208e0e
0x208e10
0x208e14
0x208e16
0x208e18
0x208e1c
0x208e22
0x208e24
0x208e26
0x208e28
0x208e2a
0x208b38
0x208b3a
0x208b3c
0x208b3e
0x20891c
0x20891e
0x208920
0x208922
0x208924
0x20892a
0x20892c
0x20892e
0x20d9d8
0x20d9da
0x20cd44
0x20cd46
0x20cd48
0x20cd4a
0x20cd4c
0x20cd50
0x20cd52
0x20cd5c
0x20c9a8
0x20c9aa
0x20c9ac
0x20c9b2
0x20c9b4
0x20c9b8
0x20cd60
0x20cd62
0x20cd64
0x20cd66
0x20cd5a
0x208b42
0x208b44
0x208b46
0x208b48
0x208b4a
0x208b4c
0x208b4e
0x208b50
0x208b52
0x208b54
0x207828
0x20782a
0x20782e
0x207830
0x207832
0x207838
0x20783a
0x20783e
0x206172
0x206174
0x206176
0x206178
0x206154
0x20c534
0x20c536
0x20c538
0x20c53a
0x20617c
0x20617e
0x206182
0x206184
0x206178
0x206154
0x20c534
0x20c53c
0x20c53e
0x20617c
0x206186
0x207842
0x207846
0x207848
in mem_manage_fault
