0xed4c
0xed50
0xed52
0xed54
0xfebc
0xfebe
0xfec2
0xfec4
0xfec6
0xfec8
0xed58
0xed5c
0xed84
0xfefc
0xfefe
0xff02
0xff04
0xff06
0xff08
0xed88
0xed8a
0xfff0
0xfff2
0xfff6
0xfff8
0xfffa
0xfffc
0xed8e
0xed90
0x10004
0x10006
0x1000a
0xed94
0x103c8
0x103ca
0x103ce
0x103ea
0xed98
0xed9a
0x103a4
0x103a6
0x103aa
0xed9e
0xeda0
0xff80
0xff82
0xff86
0xff88
0xff8a
0xff8c
0xeda4
0xfea4
0xfea6
0xfea8
0xfeac
0xfeb0
0xfeb4
0xeda8
0x10010
0x10012
0x10014
0x10016
0x1001a
0x1001e
0x10022
0xedac
0xffe0
0xffe2
0xffe4
0xffe8
0xedb0
0x103b0
0x103b2
0x103b4
0x103b6
0x103ba
0x103be
0xedb4
0xff70
0xff72
0xff74
0xff78
0xedb8
0xedbc
0xedbe
0xedc2
0xedc6
0xedc8
0xedcc
0xff18
0xff1a
0xedd0
0xedd2
0xedd4
0xedd6
0xedd8
0xedda
0xedde
0xede2
0xede4
0xede6
0xedea
0xedee
0xedf0
0xedf2
0xedf6
0xedf8
0xedfa
0xedfc
0xee00
0xee02
0xee06
0xee08
0xee0a
0xeed6
0xeeda
0xeede
0xeee2
0xe4a0
0xe4a2
0xe4a4
0xe4e6
0xe4e8
0xeee6
0xeee8
0xee12
0xee14
0xee18
0xee1c
0xee20
0xee22
0xee26
0xee28
0xee2c
0xee30
0xee34
0xee36
0xee38
0xee3a
0x13064
0x13066
0x13068
0x1306a
0x1306c
0x13070
0x13074
0x13076
0x13078
0x1307a
0x1306c
0x13070
0x13074
0x13076
0x13078
0x1307a
0x1306c
0x13070
0x13074
0x13076
0x13078
0x1307a
0x1306c
0x13070
0x13074
0x13076
0x13078
0x1307a
0x1306c
0x13070
0x13074
0x13076
0x13078
0x1307a
0x1306c
0x13070
0x13074
0x13076
0x1307c
0x1307e
0xee3e
0xee42
0xee44
0xee46
0xee48
0xee4a
0xee4c
0xee4e
0xee50
0xa2e4
0xa2e6
0xa2e8
0xa2ea
0xa2ec
0xa2ee
0xa2f0
0xa2f2
0xa2f4
0xa2f6
0xa2f8
0xa2fa
0xa2fc
0xa312
0xa314
0xa318
0xa31a
0xee54
0xee56
0xee58
0xee5a
0xee5c
0xfc6c
0xfc6e
0xfc70
0xfc72
0xfc74
0x34c8
0x34ca
0x34cc
0x34ce
0x34d0
0x34d2
0x34d6
0x34da
0x34dc
0x34de
0x34e2
0x34e6
0x34ea
0xfc78
0xfc7a
0xfc7c
0xfc7e
0xfc80
0xfc82
0xfc84
0xfc86
0xfc88
0xfc8c
0xfc8e
0xfc92
0xfc96
0x34a8
0x34aa
0x34ac
0x34ae
0x34b0
0x34b4
0x34b8
0x34ba
0x34bc
0x34c0
0xee60
0xfe74
0xfe76
0xfe78
0xfe7a
0xfe7c
0xfe7e
0xfe82
0xfe84
0xfe88
0xfe8a
0xfe8c
0xfe90
0xfe92
0xfe94
0xee64
0xee66
0xee6a
0xee6c
0xa320
0xa322
0xa324
0xa326
0xa328
0xa32a
0xa32c
0xa32e
0xa330
0xa332
0xa334
0xa338
0xa33a
0xa33c
0xa33e
0xa340
0xa342
0xa344
0xee70
0xee74
0xee76
0xee78
0xee7a
0xee7c
0xee7e
0xee80
0xee82
0x13084
0x13086
0x1308a
0x1308c
0x1308e
0x130a8
0x130aa
0x130ac
0x130b0
0x130b2
0x130b4
0x130b6
0x130b8
0x130c6
0x130ca
0x130ce
0x130b6
0x130b8
0x130c6
0x130ca
0x130ce
0x130b6
0x130b8
0x130c6
0x130ca
0x130ce
0x130b6
0x130b8
0x130c6
0x130ca
0x130ce
0x130b6
0x130b8
0x130c6
0x130ca
0x130ce
0x130b6
0x130b8
0x130c6
0x130ca
0x130ce
0x130b6
0x130b8
0x130c6
0x130ca
0x130ce
0x130b6
0x130b8
0x130c6
0x130ca
0x130ce
0x130b6
0x130b8
0x130c6
0x130ca
0x130ce
0x130b6
0x130b8
0x130ba
0x130be
0x130c2
0x130c4
0x13090
0x13092
0x13094
0x13096
0x13098
0xee86
0xee88
0x10120
0x10122
0x10126
0xee8c
0xee8e
0x101d8
0x101da
0x101de
0xee92
0xee94
0xee96
0xee98
0xfe44
0xfe46
0xee9c
0xee9e
0xeea0
0xeea2
0xeea4
0xfe48
0xfe4a
0xeea8
0xeeaa
0xeeac
0xef4a
0xef4c
0xeeb2
0xeeb4
0xa320
0xa322
0xa324
0xa326
0xa328
0xa32a
0xa32c
0xa32e
0xa330
0xa332
0xa334
0xa338
0xa33a
0xa33c
0xa33e
0xa340
0xa342
0xa344
0xeeb8
0xeeba
0xeebc
0xeebe
0xa350
0xa352
0xa354
0xa356
0xd310
0xd312
0xd314
0xa35a
0xa35c
0xa35e
0xa360
0xa362
0xa366
0x6ff0
0x6ff2
0x6ff4
0x6ff6
0x6ff8
0x6ffa
0x6ffc
0x6ffe
0xeec2
0xa370
0xa372
0xa374
0xa376
0xa378
0x70d8
0x70da
0x70dc
0x70de
0x70e0
0x70e2
0x70e4
0x70e6
0x70e8
0x70ec
0x70fa
0x70fc
0x70fe
0x7102
0x7104
0x7108
0x710a
0x710c
0x710e
0x7110
0x7112
0x7114
0x7116
0x6ff0
0x6ff2
0x6ff4
0x6ff6
0x6ff8
0x6ffa
0x6ffc
0x6ffe
0x711a
0x711c
0x711e
0x7120
0x7122
0x7124
0x10450
0x10452
0x1045c
0x1045e
0x10462
0x10466
0x7128
0x712a
0xeec6
0xeec8
0xe53e
0x353c
0x353e
0x3540
0x3542
0x3544
0x3546
0x3548
0x354a
0x14c98
0x12ef2
0x354e
0x3550
0xe542
0x33f0
0x33f2
0x33f4
0x33f6
0x33f8
0x3402
0xe546
0xe54a
0xe54c
0xe530
0xe532
0xe536
0xe538
0xe53a
0xfc4c
0xfc4e
0xfc52
0xfc54
0xfc56
0xfc58
0xfc5a
0xfc5c
0xe9e4
0xe9e6
0xe9e8
0xfea4
0xfea6
0xfea8
0xfeac
0xfeb0
0xfeb4
0xe9ec
0x10010
0x10012
0x10014
0x10016
0x1001a
0x1001e
0x10022
0xe9f0
0xffe0
0xffe2
0xffe4
0xffe8
0xe9f4
0x103b0
0x103b2
0x103b4
0x103b6
0x103ba
0x103be
0xe9f8
0xff70
0xff72
0xff74
0xff78
0xe9fc
0xffcc
0xffce
0xffd2
0xffd6
0xffda
0xea00
0xea02
0xea06
0xe9b8
0xe9ba
0xe9bc
0xe9be
0xfc6c
0xfc6e
0xfc70
0xfc72
0xfc74
0x34c8
0x34ca
0x34cc
0x34ce
0x34d0
0x34d2
0x34d6
0x34da
0x34dc
0x34de
0x34e2
0x34e6
0x34ea
0xfc78
0xfc7a
0xfc7c
0xfc7e
0xfc80
0xfc82
0xfc84
0xfc86
0xfc88
0xfc8c
0xfc8e
0xfc92
0xfc96
0x34a8
0x34aa
0x34ac
0x34ae
0x34b0
0x34b4
0x34b8
0x34ba
0x34bc
0x34c0
0xe9c2
0xfed0
0xfed2
0xfed6
0xfeda
0xfedc
0xe9c6
0xe9c8
0x1012c
0x1012e
0x10130
0x10132
0x10134
0x10136
0x10138
0x1013a
0x1013c
0x1013e
0x10140
0x10142
0xe9cc
0xe908
0xe90a
0xe90c
0xe90e
0xe910
0xe912
0x12e72
0x12e74
0x12e76
0x12e78
0x12e7a
0x12e7c
0x12e80
0x12e84
0x12e88
0x12e8c
0x12e8e
0x12e90
0x12e92
0x12e94
0x12e96
0x12e98
0x12e9a
0x12e9c
0x12e9e
0x12ea0
0x12ea2
0x12ea4
0x12ea6
0x12ea8
0x12eaa
0x12eae
0x12eb0
0x12eb2
0x12eb4
0x12eb8
0x12ebc
0x12ebe
0x12ec0
0x12ec2
0x12ec4
0x12ec6
0x12ec8
0x12eca
0x12ece
0x12ed0
0x12ed2
0x12ed6
0x12eda
0x12edc
0xe9d0
0xe9d4
0xe9d6
0xe8c4
0xe8c6
0xe8c8
0xa3f0
0xa3f2
0xa3f4
0xa3f6
0xa3f8
0xa3fa
0xa3fc
0xa3fe
0xa402
0xa404
0xe8cc
0xe8da
0xe8dc
0xe8de
0xe8e0
0xe8e2
0xe8e4
0xe8e6
0xe8e8
0xe8ea
0xa468
0xa46a
0xa46c
0xa46e
0xa470
0xa472
0xa474
0xa476
0xa478
0xa47c
0xa47e
0xa480
0xa482
0xa484
0xa486
0xa488
0xa48a
0xa48c
0xa48e
0xa490
0xa492
0xa494
0xa496
0xa498
0xd310
0xd312
0xd314
0xa49c
0xa49e
0xa4a0
0xa4a2
0xa4a4
0x6ff0
0x6ff2
0x6ff4
0x6ff6
0x6ff8
0x6ffa
0x6ffc
0x6ffe
0xa4a8
0xa4aa
0xa4ac
0xa4ae
0xa4b0
0x70d8
0x70da
0x70dc
0x70de
0x70e0
0x70e2
0x70e4
0x70e6
0x70e8
0x70ec
0x70ee
0x70f0
0x7174
0x7176
0xa4b4
0xa4b6
0xe8ee
0xe8f0
0xe53e
0x353c
0x353e
0x3540
0x3542
0x3544
0x354e
0x3550
0xe542
0x33f0
0x33f2
0x33f4
0x33f6
0x33f8
0x3402
0xe546
0xe54a
0xe54c
0x364c
0x364e
0x3650
0x3652
0x3654
0x3656
0x3658
0x365a
0x365c
0x3660
0x3662
0x3666
0x366a
0x366e
0x3670
0x3672
0x3674
0xe550
0xe552
0xe554
0xe558
0xe55a
0xe55c
0x7180
0x7182
0x7184
0x7186
0x718a
0x718e
0x7190
0x7194
0x7196
0x7198
0x719c
0x719e
0x71a2
0x71a6
0x71a8
0x71ac
0x71ae
0x71b2
0x71b4
0x71b6
0x71b8
0x71bc
0x71be
0x71c0
0x7000
0x7002
0x700c
0x700e
0x71c4
0x71c8
0x71ca
0x71cc
0x7238
0x723c
0x7240
0x7242
0x724c
0x7250
0x7254
0x7256
0x7260
0x7264
0x7268
0x726c
0x7270
0x71b6
0x71b8
0x71bc
0x71be
0x71c0
0x7000
0x7002
0x700c
0x700e
0x71c4
0x71c8
0x71ca
0x71cc
0x7238
0x723c
0x7240
0x7242
0x724c
0x7250
0x7254
0x7256
0x7260
0x7264
0x7268
0x726c
0x7270
0x71b6
0x71b8
0x71bc
0x71be
0x71c0
0x7000
0x7002
0x700c
0x700e
0x71c4
0x71c8
0x71ca
0x71cc
0x7238
0x723c
0x7240
0x7242
0x724c
0x7250
0x7254
0x7256
0x7260
0x7264
0x7268
0x726c
0x7270
0x71b6
0x71b8
0x71bc
0x71be
0x71c0
0x7000
0x7002
0x7004
0x7006
0x7008
0x700a
0x71c4
0x71c8
0x71ca
0x71cc
0x71ce
0x71d0
0x71d2
0x71d4
0x71d6
0x71da
0x71dc
0x71de
0x71e0
0x71e2
0x71e6
0x96a0
0x96a4
0x96a6
0x96a8
0x96ac
0x96ae
0x96b0
0x96b4
0x96b6
0x7000
0x7002
0x7004
0x7006
0x7008
0x700a
0x96ba
0x96bc
0x96be
0x96c0
0x96c2
0x96c4
0x96c6
0x96c8
0xd350
0xd352
0xd354
0xd356
0xd358
0xd35a
0xd374
0xd376
0xd370
0xd372
0x96cc
0x96ce
0x96d0
0x97a8
0x97aa
0x97ac
0x97ae
0x97b0
0x97b2
0x97b6
0x97b8
0x9802
0x9804
0x9806
0x9808
0x7010
0x7012
0x7014
0x7016
0x7024
0x7026
0x701c
0x701e
0x7020
0x7022
0x980c
0x980e
0x9810
0xb624
0xb626
0xb628
0xb62a
0xb62e
0xb630
0xb636
0xb638
0xb63a
0xb63c
0x2348
0x234c
0x234e
0x2350
0x2354
0x2356
0x2358
0x235a
0x235c
0x235e
0x2360
0x2362
0x2364
0x2366
0x236a
0x236c
0x2370
0x2372
0x2376
0x13084
0x13086
0x1308a
0x1308c
0x1308e
0x13090
0x13092
0x13094
0x13096
0x130d0
0x130d4
0x130d8
0x13094
0x13096
0x130d0
0x130d4
0x130d8
0x13094
0x13096
0x130d0
0x130d4
0x130d8
0x13094
0x13096
0x13098
0x237a
0x237e
0x2380
0x2382
0x13084
0x13086
0x1308a
0x1308c
0x1308e
0x13090
0x13092
0x13094
0x13096
0x130d0
0x130d4
0x130d8
0x13094
0x13096
0x130d0
0x130d4
0x130d8
0x13094
0x13096
0x130d0
0x130d4
0x130d8
0x13094
0x13096
0x130d0
0x130d4
0x130d8
0x13094
0x13096
0x13098
0x2386
0x2388
0x238a
0x238e
0x13084
0x13086
0x1308a
0x1308c
0x1308e
0x13090
0x13092
0x13094
0x13096
0x130d0
0x130d4
0x130d8
0x13094
0x13096
0x130d0
0x130d4
0x130d8
0x13094
0x13096
0x130d0
0x130d4
0x130d8
0x13094
0x13096
0x130d0
0x130d4
0x130d8
0x13094
0x13096
0x130d0
0x130d4
0x130d8
0x13094
0x13096
0x13098
0x2392
0x2394
0x2396
0x72c4
0x72c6
0x72c8
0x72ca
0x72cc
0x72ce
0x72d0
0x72d2
0x72d6
0x72e8
0x72ea
0x72d2
0x72d6
0x72e8
0x72ea
0x72d2
0x72d6
0x72e8
0x72ea
0x72d2
0x72d6
0x72e8
0x72ea
0x72d2
0x72d6
0x72e8
0x72ea
0x72ec
0x72ee
0x239a
0x239e
0x23a2
0x23a6
0x23aa
0x23ac
0x23b0
0x23b4
0x23b8
0x23ba
0x23bc
0x23c0
0x23c4
0x23c6
0x23ca
0x23cc
0x23d0
0x23d2
0x23d6
0x23da
0xf1c8
0xf1ca
0x23de
0x23e0
0x23e4
0x23e8
0xf1cc
0xf1ce
0xf1d2
0x23ec
0x23f0
0x23f4
0x23f6
0x23fa
0x23fe
0x2402
0x2404
0x2406
0x240a
0x240e
0x2412
0x2416
0x2418
0x241c
0x2420
0x2424
0x2426
0x2428
0x242c
0x2430
0x2434
0x2436
0x2438
0x243c
0x243e
0x2442
0x2446
0x244a
0x244c
0x244e
0x2450
0x2454
0x2458
0x245c
0x245e
0x2460
0x2462
0x2464
0x2468
0x246a
0x246c
0x2470
0x13084
0x13086
0x1308a
0x1308c
0x1308e
0x130a8
0x130aa
0x130ac
0x130b0
0x130b2
0x130b4
0x130b6
0x130b8
0x130c6
0x130ca
0x130ce
0x130b6
0x130b8
0x130ba
0x130be
0x130c2
0x130c4
0x13090
0x13092
0x13094
0x13096
0x13098
0x2474
0x2476
0x247a
0x247c
0x2480
0x2484
0x13084
0x13086
0x1308a
0x1308c
0x1308e
0x130a8
0x130aa
0x130ac
0x130b0
0x130b2
0x130b4
0x130b6
0x130b8
0x130c6
0x130ca
0x130ce
0x130b6
0x130b8
0x130ba
0x130be
0x130c2
0x130c4
0x13090
0x13092
0x13094
0x13096
0x130d0
0x130d4
0x130d8
0x13094
0x13096
0x130d0
0x130d4
0x130d8
0x13094
0x13096
0x13098
0x2488
0x248c
0x2490
0x2494
0x2496
0x2498
0x249a
0x249e
0x13084
0x13086
0x1308a
0x1308c
0x1308e
0x13090
0x13092
0x13094
0x13096
0x130d0
0x130d4
0x130d8
0x13094
0x13096
0x130d0
0x130d4
0x130d8
0x13094
0x13096
0x130d0
0x130d4
0x130d8
0x13094
0x13096
0x130d0
0x130d4
0x130d8
0x13094
0x13096
0x130d0
0x130d4
0x130d8
0x13094
0x13096
0x130d0
0x130d4
0x130d8
0x13094
0x13096
0x13098
0x24a2
0x24a6
0x24aa
0x24ae
0x24b2
0x24b6
0x24b8
0x24ba
0x24bc
0x24c0
0x24c4
0x24c6
0x13084
0x13086
0x1308a
0x1308c
0x1308e
0x130a8
0x130aa
0x130ac
0x130b0
0x130b2
0x130b4
0x130b6
0x130b8
0x130c6
0x130ca
0x130ce
0x130b6
0x130b8
0x130ba
0x130be
0x130c2
0x130c4
0x13090
0x13092
0x13094
0x13096
0x130d0
0x130d4
0x130d8
0x13094
0x13096
0x130d0
0x130d4
0x130d8
0x13094
0x13096
0x13098
0x24ca
0x24ce
0x24d2
0x24d6
0x2684
0x2686
0x2688
0x268a
0x130da
0x130dc
0x130de
0x130e0
0x130e2
0x13108
0x1310a
0x1310c
0x13110
0x13112
0x130e0
0x130e2
0x13108
0x1310a
0x1310c
0x13110
0x13112
0x130e0
0x130e2
0x13108
0x1310a
0x1310c
0x13110
0x13112
0x130e0
0x130e2
0x130e4
0x130e8
0x130ec
0x130f0
0x130f2
0x130f4
0x130f6
0x130f8
0x130fc
0x13100
0x13102
0x13104
0x1311a
0x1311e
0x13102
0x13104
0x1311a
0x1311e
0x13102
0x13104
0x1311a
0x1311e
0x13102
0x13104
0x13106
0x268e
0x2692
0x2696
0x2698
0x269a
0x269c
0x13084
0x13086
0x1308a
0x1308c
0x1308e
0x13090
0x13092
0x13094
0x13096
0x130d0
0x130d4
0x130d8
0x13094
0x13096
0x130d0
0x130d4
0x130d8
0x13094
0x13096
0x130d0
0x130d4
0x130d8
0x13094
0x13096
0x130d0
0x130d4
0x130d8
0x13094
0x13096
0x130d0
0x130d4
0x130d8
0x13094
0x13096
0x130d0
0x130d4
0x130d8
0x13094
0x13096
0x13098
0x26a0
0x24fc
0x2500
0x2502
0x2504
0x2506
0x250a
0x250e
0x2512
0x2514
0x2516
0x2518
0xb040
0xb042
0xb046
0x6f94
0x6f96
0x6f98
0x6f9c
0x251c
0x251e
0x2520
0x2522
0x2526
0x2528
0xa14c
0xa14e
0xa150
0xa152
0xa154
0x6ff0
0x6ff2
0x6ff4
0x6ff6
0x6ff8
0x6ffa
0x6ffc
0x6ffe
0x252c
0x252e
0x2530
0x2532
0x2534
0x2536
0x2538
0x253a
0x267a
0x267e
0x2682
0x2568
0x256a
0xa14c
0xa14e
0xa150
0xa152
0xa154
0x6ff0
0x6ff2
0x6ff4
0x6ff6
0x6ff8
0x6ffa
0x6ffc
0x6ffe
0x256e
0xa160
0xa162
0xa164
0x11d94
0x11d96
0x11d98
0x11d9c
0x11da0
0x11da4
0x11da8
0x14fd8
0x14fda
0x14fde
0x14fe2
0x14fe6
0x14fea
0x14f4e
0x14f50
0x14f52
0x14f54
0x14f56
0x14f58
0x14f5a
0x14f5c
0x14fee
0x14ff0
0x14ff4
0x14ff8
0x14ffa
0x14ffe
0x15002
0x15006
0x1500a
0x1500c
0x1500e
0x11838
0x1183a
0x1183e
0x11840
0x1184e
0x11852
0x11854
0x11856
0x11858
0x1185c
0x15012
0x15014
0x15018
0x1501a
0x1501c
0x1501e
0x15022
0x15026
0x1502a
0x151a8
0x151aa
0x151ae
0x151b2
0x151b6
0x151ba
0x151bc
0x151ce
0x151d2
0x151c4
0x151c8
0x151cc
0x1502e
0x15030
0x11dac
0x11dae
0x11db0
0x11db2
0x14f62
0x14f64
0x14f68
0x14f6c
0x14f70
0x14f74
0x118e4
0x118e6
0x118e8
0x118ea
0x118ec
0x118ee
0x118f0
0x118f2
0x118f4
0x118f8
0x118fa
0x118fc
0x118fe
0x11900
0x11902
0x11904
0x11906
0x11936
0x1193a
0x1193c
0x1193e
0x11940
0x11926
0x11928
0x1192c
0x1192e
0x11930
0x11932
0x11864
0x11866
0x11868
0x1186a
0x1186e
0x14f4e
0x14f50
0x14f52
0x14f54
0x14f56
0x14f58
0x14f5a
0x14f5c
0x11872
0x11874
0x11876
0x11878
0x1187a
0x1187c
0x11880
0x11882
0x11886
0x11888
0x1188a
0x1188c
0x1188e
0x11890
0x11892
0x11894
0x11896
0x1189c
0x1189e
0x118a0
0x1178c
0x1178e
0x11790
0x11792
0x117ac
0x118a4
0x118a6
0x1189a
0x14f78
0x14f7c
0x14f80
0x11db6
0x11db8
0x11dba
0x11dbe
0x14ed2
0x14ed4
0x14ed8
0x14ede
0x14ee2
0x14ee6
0x2572
0x2576
0x2578
0x257a
0x257e
0x2580
0x2584
0x2586
0x258a
0x258c
0x2590
0x100
0x118
0x11c
0x120
0x130
0x134
0x136
0x138
0x13a
0x13c
0x13e
0x244
0x246
0x25a
0x25e
0x260
0x2f6
0x2fa
0x2fe
0x302
0x304
0x308
0x30c
0x310
0x312
0x316
0x31a
0x31e
0x322
0x326
0x32a
0x32e
0x330
0x334
0x338
0x34c
0x350
0x354
0x358
0x35c
0x360
0x364
0x366
0x378
0x37c
0x380
0x384
0x386
0x388
0x38a
0x38c
0x38e
0x390
0x394
0x398
0x39c
0x3a0
0x3a2
0x3a4
0x3a8
0x3aa
0x1d0
0x124
0x128
0x12c
0x12e
0x2594
0x2598
0x259a
0x259e
0x25a2
0x25a6
0x25aa
0x25ac
0x25ae
0x25b0
0x25b2
0x25b6
0x25ba
0x25bc
0x7070
0x7072
0x7074
0x7076
0x70a0
0x70a4
0x70a6
0x70a8
0x70ac
0x70b0
0x70b2
0x70b4
0x70b6
0x70b8
0x70be
0x70c0
0x70c2
0x70c4
0x70c6
0x70c8
0x70ca
0x10450
0x10452
0x10454
0x10456
0x1045c
0x1045e
0x10462
0x10466
0x25c0
0x25c2
0x25c4
0xaa74
0xaa76
0xaa78
0xaa7a
0xaa7c
0xaa80
0xaa84
0x25c8
0x25ca
0x25cc
0x25ce
0x25d0
0x25d2
0x25d4
0x8050
0x8054
0x8058
0x805a
0x805e
0x8060
0x8062
0x8064
0x8068
0x806c
0x806e
0x8072
0x8076
0x807a
0x807c
0x807e
0x8080
0x8082
0x8084
0x8086
0x808a
0x808c
0x8090
0x8094
0x8098
0x809c
0x80a0
0x80a4
0x80a8
0x80aa
0x80ac
0x80ae
0x80b0
0x80b4
0x80b6
0x80ba
0x10478
0x1047a
0x1047c
0x80bc
0x80be
0x80c0
0x80c2
0x10484
0x10486
0x10488
0x1048a
0x1048c
0x1048e
0x104c4
0x104c6
0x104c8
0x104ca
0x104cc
0x104ce
0x104d0
0x104d2
0x70d8
0x70da
0x70dc
0x70de
0x70e0
0x712c
0x10414
0x10416
0x10418
0x10426
0x10428
0x1042a
0x1042c
0x10430
0x10434
0x10436
0x7130
0x7132
0x7134
0x7136
0x7138
0x103fc
0x103fe
0x10400
0x10402
0x10404
0x10406
0x34f0
0x34f2
0x34f4
0x34f8
0x34fc
0x34fe
0x3502
0x3504
0x713c
0x713e
0x7140
0x7144
0x7146
0x7148
0x714a
0x714e
0x7152
0x7154
0x7156
0x7158
0x715a
0x70e4
0x70e6
0x70e8
0x70ec
0x70fa
0x70fc
0x70fe
0x7102
0x7104
0x7108
0x710a
0x710c
0x710e
0x7110
0x7112
0x7114
0x7116
0x6ff0
0x6ff2
0x6ff4
0x6ff6
0x6ff8
0x6ffa
0x6ffc
0x6ffe
0x711a
0x711c
0x711e
0x7120
0x7122
0x7124
0x10450
0x10452
0x10454
0x10456
0x1045c
0x1045e
0x10462
0x10466
0x7128
0x712a
0x80c4
0x80c6
0x25d8
0x25dc
0x25de
0x25e0
0x25e2
0x25e4
0xb040
0xb042
0xb046
0x6f94
0x6f96
0x6f98
0x6f9c
0x25e8
0x25ec
0x25f0
0x25f2
0x25f6
0x25f8
0x25fa
0x25fc
0x100
0x118
0x11c
0x120
0x130
0x134
0x136
0x138
0x13a
0x13c
0x13e
0x244
0x246
0x25a
0x25e
0x260
0x2f6
0x2fa
0x2fe
0x302
0x304
0x308
0x30c
0x310
0x312
0x316
0x31a
0x31e
0x322
0x326
0x32a
0x32e
0x330
0x334
0x338
0x34c
0x350
0x354
0x358
0x35c
0x360
0x364
0x366
0x368
0x36a
0x36e
0x370
0x372
0x3cc
0x3ce
0x378
0x37c
0x380
0x384
0x386
0x388
0x38a
0x38c
0x38e
0x390
0x394
0x398
0x39c
0x3a0
0x3a2
0x3a4
0x3a8
0x3aa
0x1d0
0x124
0x128
0x12c
0x12e
0x2600
0x2602
0x2604
0x2608
0x260c
0x260e
0x2612
0x2616
0x261a
0x261c
0x261e
0x2620
0x2622
0x2624
0x2626
0x262a
0x262c
0x262e
0x2630
0x2634
0x2636
0x263a
0x263c
0x100
0x102
0x118
0x11c
0x120
0x130
0x134
0x136
0x138
0x13a
0x13c
0x13e
0x142
0x144
0x146
0x148
0x14c
0x14e
0x152
0x156
0x15a
0x15c
0x160
0x162
0x166
0x168
0x16c
0x16e
0x172
0x176
0x17a
0x17c
0x192
0x194
0x196
0x19a
0x19e
0x1a2
0x1a6
0x1a8
0x1be
0x1c0
0x1c4
0x1c6
0x1c8
0x1ca
0x1cc
0x1d0
0x124
0x128
0x12c
0x12e
0x2640
0x2642
0x2646
0x2648
0x264c
0x2650
0x100
0x118
0x11c
0x120
0x130
0x134
0x136
0x138
0x13a
0x13c
0x13e
0x244
0x246
0x25a
0x25e
0x260
0x2f6
0x2fa
0x2fe
0x302
0x304
0x308
0x30c
0x310
0x312
0x316
0x31a
0x31e
0x322
0x326
0x32a
0x32e
0x330
0x334
0x338
0x34c
0x350
0x354
0x358
0x35c
0x360
0x364
0x366
0x378
0x37c
0x380
0x384
0x386
0x388
0x38a
0x38c
0x38e
0x390
0x394
0x398
0x39c
0x3a0
0x3a2
0x3a4
0x3a8
0x3aa
0x1d0
0x124
0x128
0x12c
0x12e
0x2654
0x2656
0x2658
0x265c
0x265e
0x2660
0x2662
0x2664
0x2666
0x7f04
0x7f08
0x7f0c
0x7f10
0x7f12
0x7f16
0x7f18
0x7f1a
0x7f1e
0x7f22
0x7f26
0x7f2a
0x7f2e
0x7f30
0x7f32
0x7f34
0x7f38
0x7f3a
0x7f3c
0x7f3e
0x7f40
0x7f44
0x7f46
0x7f4a
0x7f4e
0x7f52
0x7f56
0x7f5a
0x7f5e
0x7f60
0x7f62
0x7f64
0x7f66
0x7f68
0x7f6a
0x7f6c
0x7f6e
0x7f70
0x7f72
0x7f74
0x7f76
0x7f78
0x7f7a
0x7f7c
0x7f7e
0x7f80
0x7f82
0x7f86
0x7f88
0x7f8a
0x7f8e
0x7f92
0x10478
0x1047a
0x1047c
0x7f94
0x7f96
0x7f98
0x7f9a
0x10484
0x10486
0x10488
0x1048a
0x1048c
0x1048e
0x104c4
0x104c6
0x104c8
0x104ca
0x104cc
0x104ce
0x104d0
0x104d2
0x70d8
0x70da
0x70dc
0x70de
0x70e0
0x712c
0x10414
0x10416
0x10418
0x10426
0x10428
0x1042a
0x1042c
0x10430
0x10434
0x10436
0x7130
0x7132
0x7134
0x7136
0x7138
0x103fc
0x103fe
0x10400
0x10402
0x10404
0x10406
0x34f0
0x34f2
0x34f4
0x34f8
0x34fc
0x34fe
0x3502
0x3504
0x713c
0x713e
0x7140
0x7144
0x7146
0x7148
0x714a
0x714e
0x7152
0x7154
0x7156
0x7158
0x715a
0x70e4
0x70e6
0x70e8
0x70ec
0x70ee
0x70f0
0x7174
0x7176
0x7f9c
0x7f9e
0x266a
0x266c
0x266e
0x2670
0x7070
0x7072
0x7074
0x7076
0x7078
0x707c
0x707e
0x7080
0x7084
0x7088
0x708a
0x708c
0x708e
0x7090
0x7092
0x7094
0x7096
0x7098
0x709a
0x709c
0x103f0
0x103f2
0x103f4
0x34a8
0x34aa
0x34ac
0x34ae
0x34b0
0x34b4
0x34b8
0x34ba
0x34bc
0x34c0
0x2674
0x2676
0x9814
0x96b0
0x96b4
0x96b6
0x7000
0x7002
0x7004
0x7006
0x7008
0x700a
0x96ba
0x96bc
0x96be
0x96c0
0x96c2
0x96c4
0x96c6
0x96c8
0xd350
0xd352
0xd354
0xd356
0xd358
0xd35a
0xd374
0xd376
0xd370
0xd372
0x96cc
0x96ce
0x96d0
0x97a8
0x97aa
0x97ac
0x97ae
0x97b0
0x97b2
0x97b6
0x97b8
0x982a
0x982c
0x982e
0x9830
0x7010
0x7012
0x7014
0x7016
0x7024
0x7026
0x701c
0x701e
0x7020
0x7022
0x9834
0x9836
0x983a
0x983e
0x9840
0x9844
0x9848
0x984c
0x9850
0x9854
0x9856
0x9858
0x985a
0x985c
0x985e
0x9860
0x9864
0x9868
0x986a
0x986c
0x9870
0x9874
0x9876
0x987a
0x987c
0x987e
0x9880
0x9884
0x9886
0x98de
0x98e2
0x98e6
0x98ea
0x98ec
0x98ee
0x98f2
0x98f4
0x96b0
0x96b4
0x96b6
0x7000
0x7002
0x700c
0x700e
0x96ba
0x96bc
0x96be
0x973c
0x973e
0x9740
0x9744
0xd31c
0xd31e
0xd320
0xd322
0xd324
0xd326
0xd328
0xd346
0xd348
0xd342
0xd344
0x9748
0x974a
0x974c
0x9824
0x9826
0x71e8
0x71ea
0x71ec
0x71f0
0x71f2
0x71f6
0x71fa
0x71fc
0x7200
0x7202
0x7206
0x7208
0x7010
0x7012
0x7014
0x7016
0x7024
0x7026
0x701c
0x701e
0x7020
0x7022
0x720c
0x720e
0x7210
0x7214
0x7216
0x721a
0x721c
0x7220
0x7222
0x7224
0x7226
0x7228
0x722a
0x7000
0x7002
0x700c
0x700e
0x722e
0x7230
0x7232
0x7288
0x728c
0x728e
0x7290
0x7238
0x723c
0x7240
0x7242
0x724c
0x7250
0x7254
0x7256
0x7260
0x7264
0x7268
0x726c
0x7270
0x7272
0x7276
0x72a6
0x72a8
0xe560
0xe564
0xe566
0x7180
0x7182
0x7184
0x7186
0x718a
0x718e
0x7190
0x7194
0x7196
0x7198
0x719c
0x719e
0x71a2
0x71a6
0x71a8
0x71ac
0x71ae
0x71b2
0x71b4
0x71b6
0x71b8
0x71bc
0x71be
0x71c0
0x7000
0x7002
0x700c
0x700e
0x71c4
0x71c8
0x71ca
0x71cc
0x7238
0x723c
0x7240
0x7242
0x724c
0x7250
0x7254
0x7256
0x7260
0x7264
0x7268
0x726c
0x7270
0x71b6
0x71b8
0x71bc
0x71be
0x71c0
0x7000
0x7002
0x700c
0x700e
0x71c4
0x71c8
0x71ca
0x71cc
0x7238
0x723c
0x7240
0x7242
0x724c
0x7250
0x7254
0x7256
0x7260
0x7264
0x7268
0x726c
0x7270
0x71b6
0x71b8
0x71bc
0x71be
0x71c0
0x7000
0x7002
0x7004
0x7006
0x7008
0x700a
0x71c4
0x71c8
0x71ca
0x71cc
0x71ce
0x71d0
0x71d2
0x71d4
0x71d6
0x71da
0x71dc
0x71de
0x71e0
0x71e2
0x71e6
0x77fc
0x77fe
0x7800
0x7804
0x7808
0x780a
0x780c
0x780e
0x7810
0x7812
0x7814
0x7816
0x781a
0x781e
0x7924
0x7928
0x792c
0x792e
0x7932
0x7934
0x7938
0x793a
0x793e
0x7940
0x7944
0x7948
0x794a
0x794c
0x786e
0x7870
0x7874
0x7876
0x7878
0x787a
0x787e
0x7882
0x7884
0x7888
0x788c
0x788e
0x7890
0x7894
0x7896
0x7898
0x789c
0x789e
0x78a2
0x798e
0x7990
0x7992
0x7996
0x799a
0x799c
0x787e
0x7882
0x7884
0x7888
0x788c
0x788e
0x7890
0x7894
0x7896
0x7898
0x789c
0x789e
0x78a2
0x798e
0x7990
0x7992
0x7996
0x799a
0x799c
0x787e
0x7882
0x7884
0x7888
0x788c
0x788e
0x7890
0x7894
0x7896
0x7898
0x789c
0x789e
0x78a2
0x78a4
0x78a8
0x78aa
0x78ac
0x78ae
0x78b2
0x78b4
0x78b6
0x78b8
0x78ba
0x78be
0x78c0
0x78c2
0x78c6
0x78ca
0x78cc
0x78d0
0x78d4
0x78d8
0x78dc
0x78de
0x78e2
0x78e4
0x78e6
0x78e8
0x78ec
0x7328
0x732a
0x732c
0x732e
0x7330
0x7332
0x7336
0x733a
0x7388
0x738a
0x738c
0x738e
0x7390
0x7362
0x7364
0x7366
0x7368
0x736c
0x736e
0x7372
0x7382
0x7384
0x7386
0x78f0
0x78f2
0x78f4
0x78f6
0x78f8
0x78fa
0x78fc
0x78fe
0x7902
0x7904
0x7906
0x794e
0xf938
0xf93a
0xf93e
0x7952
0x7956
0x7958
0x795a
0x795e
0x7960
0x7962
0x7966
0x7968
0x796a
0x796c
0x796e
0x7972
0x7908
0x790a
0x790c
0x790e
0x7910
0x7912
0x7914
0xd740
0x7916
0x791a
0x791e
0x7920
0x7922
0x7890
0x7894
0x7896
0x7898
0x789c
0x789e
0x78a2
0x78a4
0x78a8
0x78aa
0x78ac
0x78ae
0x78b2
0x78b4
0x78b6
0x7974
0x7976
0x7890
0x7894
0x7896
0x7898
0x789c
0x789e
0x78a2
0x798e
0x7990
0x7992
0x7996
0x799a
0x799c
0x787e
0x7882
0x7884
0x7888
0x788c
0x788e
0x7890
0x7894
0x7896
0x7898
0x789c
0x789e
0x78a2
0x798e
0x7990
0x7992
0x7996
0x7b22
0x7b24
0x7b28
0x7b2c
0x7b30
0x7b32
0x7b34
0x7b38
0x7b3a
0x7cb4
0x7cb6
0x7cb8
0x7398
0x739c
0x739e
0x73a0
0x73a2
0x73a4
0x73a6
0x73a8
0x73aa
0x73ac
0x73b0
0x73b2
0x73b4
0x73b8
0x73ba
0x73bc
0x73be
0x73c2
0x73c4
0x73c6
0x73c8
0x73ca
0x73cc
0x75aa
0x75ac
0x75b0
0x75b2
0x75b4
0x75b8
0x75ba
0x75bc
0x75c0
0x75c2
0x75c6
0x770c
0x770e
0x7710
0x7712
0x7714
0x7718
0x771a
0x771c
0x73bc
0x73be
0x73c2
0x73c4
0x73c6
0x73c8
0x73ca
0x73cc
0x75aa
0x75ac
0x75b0
0x75b2
0x75b4
0x75b8
0x75ba
0x75bc
0x75c0
0x75c2
0x75c6
0x770c
0x770e
0x7710
0x7712
0x7714
0x7718
0x771a
0x771c
0x73bc
0x73be
0x73c2
0x73c4
0x73c6
0x73c8
0x73ca
0x73cc
0x75aa
0x75ac
0x75b0
0x75b2
0x75b4
0x75b8
0x75ba
0x75bc
0x75c0
0x75c2
0x75c6
0x75ca
0x75cc
0x75ce
0x75d0
0x75d2
0x75d4
0x75d6
0x75d8
0x75b4
0x75b8
0x75ba
0x75bc
0x75c0
0x75c2
0x75c6
0x75ca
0x75cc
0x75ce
0x75d0
0x75d2
0x75d4
0x75d6
0x75d8
0x75da
0x75de
0x75e0
0x75e4
0x75e8
0x75ec
0x75f0
0x75f2
0x75f6
0x75fa
0x7686
0x768a
0x768c
0x7690
0x7694
0x7698
0x769a
0x769e
0x76a2
0x76a6
0x76a8
0x76aa
0x76ac
0x76b0
0x76b2
0x76b6
0x76b8
0x76bc
0x76be
0x76c0
0x76c4
0x76c6
0x76ca
0x76cc
0x76d0
0x76d2
0x76d4
0x76d6
0x76d8
0x76da
0x76dc
0x76de
0x76e0
0x76e4
0x76e6
0x76e8
0x76ea
0x76ec
0x76ee
0x76f0
0x76f2
0x76f4
0x740a
0x740c
0x740e
0x7410
0x7414
0x7416
0x741a
0x741e
0x7422
0x7426
0x7428
0x742a
0x7674
0x7676
0x7678
0x767a
0x74c6
0x74c8
0x74ca
0x74ce
0x74d0
0x74d2
0x74d4
0x761c
0x761e
0x7620
0x7624
0x7628
0x7652
0x7656
0x7634
0x7636
0x7648
0x764a
0x764c
0x764e
0x7650
0x7580
0x7584
0x7586
0x758a
0x758e
0x7592
0x7596
0x7598
0x759c
0xd7a0
0x759e
0x75a2
0x75a6
0x75aa
0x75ac
0x75b0
0x75b2
0x75b4
0x75b8
0x75ba
0x75bc
0x75c0
0x75c2
0x75c6
0x770c
0x770e
0x7710
0x7712
0x7714
0x7718
0x771a
0x771c
0x73bc
0x73be
0x73c2
0x73c4
0x73c6
0x73c8
0x73ca
0x73cc
0x75aa
0x75ac
0x75b0
0x75b2
0x75b4
0x75b8
0x75ba
0x75bc
0x75c0
0x75c2
0x75c6
0x770c
0x770e
0x7710
0x7712
0x7714
0x7718
0x7726
0x7728
0x7cbc
0x7cc0
0x7cc2
0x7cc4
0x7cc6
0x7cc8
0x7cca
0x7e16
0x7e1a
0x7e1e
0x7e20
0x7e22
0x7e26
0x7e28
0x7d58
0x7d5c
0x7d5e
0x7d60
0x7d62
0x7d64
0x7df0
0x7df2
0x7df6
0x7dfa
0x7dfc
0x7d5c
0x7d5e
0x7d60
0x7d62
0x7d64
0x7df0
0x7df2
0x7df6
0x7dfa
0x7dfc
0x7d5c
0x7d5e
0x7d60
0x7d62
0x7d64
0x7d66
0x7d68
0x7d6c
0x7d6e
0x7d72
0x7d74
0x7d76
0x7d78
0x7d7a
0x7ddc
0x7dde
0x7de0
0x7de2
0x7de4
0x7de6
0x7de8
0x7dea
0x7dec
0x7dee
0x7d66
0x7d68
0x7d6c
0x7d6e
0x7d72
0x7d74
0x7d76
0x7d78
0x7d7a
0x7ddc
0x7dde
0x7de0
0x7de2
0x7de4
0x7de6
0x7de8
0x7dea
0x7dec
0x7dee
0x7df0
0x7df2
0x7df6
0x7dfa
0x7dfc
0x7d5c
0x7d5e
0x7d60
0x7d62
0x7d64
0x7df0
0x7df2
0x7df6
0x7c60
0x7c62
0x7c66
0x7c6a
0x7e68
0x7e6c
0x7cd4
0x7cd6
0x7cda
0x7cdc
0x7cde
0x7ce2
0x7ce6
0x7cea
0x7cee
0x7cf0
0xf938
0xf93a
0xf93e
0x7cf4
0x7cf8
0x7cfc
0x7cfe
0x7d02
0x7d04
0x7d06
0x7d08
0x7d0a
0x7d0c
0x7d10
0x7d12
0x7d14
0x10520
0x10522
0x10524
0xf944
0xf946
0xf94a
0xf94e
0x7d16
0xf938
0xf93a
0xf93e
0x7d1a
0x7d1c
0x7d1e
0x7d22
0x7d26
0x7d28
0x7d2a
0x7d2c
0x7d30
0x7d32
0x7d34
0x7d36
0x71e8
0x71ea
0x71ec
0x71f0
0x71f2
0x71f6
0x71fa
0x71fc
0x7200
0x7202
0x7206
0x7208
0x7010
0x7012
0x7014
0x7016
0x7024
0x7026
0x701c
0x701e
0x7020
0x7022
0x720c
0x720e
0x7210
0x7214
0x7216
0x721a
0x721c
0x7220
0x7222
0x7224
0x7226
0x7228
0x722a
0x7000
0x7002
0x700c
0x700e
0x722e
0x7230
0x7232
0x7288
0x728c
0x7292
0x7296
0x7298
0x729a
0x729c
0x729e
0x72a2
0x10450
0x10452
0x10454
0x10456
0x1045c
0x1045e
0x10462
0x10466
0x72a6
0x72a8
0x3676
0x367a
0x367c
0x33f0
0x33f2
0x33f4
0x33f6
0x33f8
0x33fa
0x33fc
0x3400
0x3402
0x364c
0x364e
0x3650
0x3652
0x3654
0x3656
0x3658
0x365a
0x365c
0x3660
0x3662
0x3666
0x366a
0x366e
0x3670
0x3672
0x3674
0xe550
0xe552
0xe554
0xe558
0xe55a
0xe55c
0x7180
0x7182
0x7184
0x7186
0x72ba
0xe560
0xe564
0xe566
0x7180
0x7182
0x7184
0x7186
0x718a
0x718e
0x7190
0x7194
0x7196
0x7198
0x719c
0x719e
0x71a2
0x71a6
0x71a8
0x71ac
0x71ae
0x71b2
0x71b4
0x71b6
0x71b8
0x71bc
0x71be
0x71c0
0x7000
0x7002
0x700c
0x700e
0x71c4
0x71c8
0x71ca
0x71cc
0x7238
0x723c
0x7240
0x7242
0x724c
0x7250
0x7254
0x7256
0x7260
0x7264
0x7268
0x726c
0x7270
0x71b6
0x71b8
0x71bc
0x71be
0x71c0
0x7000
0x7002
0x700c
0x700e
0x71c4
0x71c8
0x71ca
0x71cc
0x7238
0x723c
0x7240
0x7242
0x724c
0x7250
0x7254
0x7256
0x7260
0x7264
0x7268
0x726c
0x7270
0x71b6
0x71b8
0x71bc
0x71be
0x71c0
0x7000
0x7002
0x700c
0x700e
0x71c4
0x71c8
0x71ca
0x71cc
0x7238
0x723c
0x7240
0x7242
0x7244
0x7248
0x724a
0x724c
0x7250
0x7254
0x7256
0x7258
0x725c
0x725e
0x7260
0x7264
0x7268
0x726c
0x7270
0x71b6
0x71b8
0x71bc
0x71be
0x71c0
0x7000
0x7002
0x700c
0x700e
0x71c4
0x71c8
0x71ca
0x71cc
0x7238
0x723c
0x7240
0x7242
0x724c
0x7250
0x7254
0x7256
0x7260
0x7264
0x7268
0x726c
0x7270
0x7272
0x7276
0x7278
0x727a
0x72a6
0x72a8
0x3676
0x367a
0x367c
0x33f0
0x33f2
0x33f4
0x33f6
0x33f8
0x33fa
0x33fc
0x3400
0x3402
0x3440
0x3442
0x3444
0x3448
0x344a
0x344e
0x3452
0x3454
0x3458
0x345c
0x345e
0x3462
0x3464
0x3466
0x3468
0x346a
0x346c
0x346e
0x3472
0x3476
0x347a
0x347e
0x342c
0x342e
0x3430
0x830e
0x82d0
0x82d4
0x82d6
0x9da0
0x9da4
0x9da6
0x9daa
0x9dac
0x9dae
0x9db0
0x9db2
0x9db4
0x9db6
0x9db8
0x9dbc
0x7000
0x7002
0x7004
0x7006
0x7008
0x700a
0x9dc0
0x9dc2
0x9dc4
0x9dc8
0x9dca
0x9dcc
0x9dce
0x9dd0
0x95d4
0x95d8
0x95da
0x95dc
0x95de
0x95e0
0x95e2
0x95e4
0x95e6
0x95e8
0x95ea
0x95ec
0x95ee
0x95f0
0x967e
0x9682
0x9684
0x9dd4
0x9dd6
0x9dd8
0x9ddc
0x9dde
0x9de2
0x9de4
0x9de8
0x9dec
0x9dee
0x95d4
0x95d8
0x95da
0x95dc
0x95de
0x95e0
0x95e2
0x95e4
0x95e6
0x95e8
0x95ea
0x95ec
0x95ee
0x95f0
0x967e
0x9682
0x9684
0x9df2
0x9df4
0x9df8
0x9dfa
0x9dfc
0x9dfe
0x9e00
0x9e02
0x9ee2
0x9ee4
0x9ee6
0x9ee8
0x9eea
0x9eec
0x82da
0x82dc
0x82e0
0x82e2
0x82e4
0x82e6
0x82e8
0x82ea
0x82ec
0x9f30
0x9f32
0x9f34
0x9f36
0x9f38
0x9f3a
0x9f3c
0x9f3e
0x7010
0x7012
0x7014
0x7016
0x7018
0x701a
0x701c
0x701e
0x7020
0x7022
0x9f42
0x9f44
0x6f5c
0x6f5e
0x6f60
0x6f62
0x6f64
0x6f88
0x6f8a
0x6f72
0x6f74
0x6f76
0x6f78
0x13084
0x13086
0x1308a
0x1308c
0x1308e
0x130a8
0x130aa
0x130ac
0x130b0
0x130b2
0x130b4
0x130b6
0x130b8
0x130c6
0x130ca
0x130ce
0x130b6
0x130b8
0x130ba
0x130be
0x130c2
0x130c4
0x13090
0x13092
0x13094
0x13096
0x13098
0x6f7c
0x6f7e
0x6f82
0x6f84
0x6f86
0x9f48
0x9f4a
0x9f4c
0x9f4e
0x9f54
0x9f58
0x9f5a
0x9f5c
0x9f60
0x9f62
0x9f64
0x9f66
0x9f6a
0x9f6c
0x9f6e
0x9f72
0x6f5c
0x6f5e
0x6f60
0x6f62
0x6f64
0x6f88
0x6f8a
0x6f72
0x6f74
0x6f76
0x6f78
0x13084
0x13086
0x1308a
0x1308c
0x1308e
0x130a8
0x130aa
0x130ac
0x130b0
0x130b2
0x130b4
0x130b6
0x130b8
0x130c6
0x130ca
0x130ce
0x130b6
0x130b8
0x130ba
0x130be
0x130c2
0x130c4
0x13090
0x13092
0x13094
0x13096
0x13098
0x6f7c
0x6f7e
0x6f82
0x6f84
0x6f86
0x9f76
0x9f7a
0x9f7e
0x9f82
0x9f84
0xaac8
0xaaca
0xaacc
0xaad0
0xaad4
0x9f88
0x9f8a
0x9f8c
0xdb64
0xdb72
0xdb74
0x1517e
0x15180
0x15182
0x151a2
0x151a6
0x151a0
0x9f90
0x9f92
0x82f0
0x82f2
0x82f4
0x9544
0x9546
0x9548
0x954a
0x954c
0x955a
0x955c
0x82f8
0x82fa
0x82fc
0x82fe
0x14d98
0x14d9a
0x14d9c
0x14d9e
0x14cce
0x14cd2
0x14cd4
0x14cd6
0x14cd8
0x14cdc
0x14ce0
0x14ce4
0x14ce8
0x14cec
0x14d26
0x14d2a
0x14d2c
0x14d0e
0x14d10
0x14d14
0x14d16
0x14d18
0x14d1a
0x14d1c
0x14d1e
0x14d20
0x14d22
0x14d24
0x14d40
0x14d42
0x14d44
0x15462
0x15464
0x15466
0x15468
0x1546a
0x1546e
0x15470
0x15472
0x15474
0x15478
0x1529a
0x1529c
0x1529e
0x152a0
0x152a2
0x152a4
0x152a6
0x152c0
0x152d0
0x152d2
0x152d4
0x152d6
0x152d8
0x152da
0x152dc
0x152de
0x152e0
0x152e2
0x152e4
0x152e6
0x14f14
0x14f16
0x14f18
0x14f1c
0x14f20
0x14f24
0x14f28
0x14f2a
0x11838
0x1183a
0x1183e
0x11840
0x1184e
0x11852
0x11854
0x11856
0x11858
0x1185c
0x14f2e
0x14f30
0x14f34
0x14f36
0x14f38
0x14f3a
0x14f3e
0x14f42
0x14f46
0x14f4a
0x151a8
0x151aa
0x151ae
0x151b2
0x151b6
0x151ba
0x151bc
0x151ce
0x151d2
0x151c4
0x151c8
0x151cc
0x152ea
0x152ec
0x152ee
0x152f2
0x152f4
0x152f6
0x152f8
0x152fa
0x15300
0x15302
0x15304
0x15306
0x15308
0x14f62
0x14f64
0x14f68
0x14f6c
0x14f70
0x14f74
0x118e4
0x118e6
0x118e8
0x118ea
0x118ec
0x118ee
0x118f0
0x118f2
0x118f4
0x118f8
0x118fa
0x118fc
0x118fe
0x11900
0x11902
0x11904
0x11906
0x11908
0x1190c
0x11910
0x11912
0x11914
0x11916
0x11936
0x1193a
0x1193c
0x1193e
0x11940
0x11926
0x11928
0x1192c
0x1192e
0x11930
0x11932
0x11864
0x11866
0x11868
0x1186a
0x1186e
0x14f4e
0x14f50
0x14f52
0x14f54
0x14f56
0x14f58
0x14f5a
0x14f5c
0x11872
0x11874
0x11876
0x11878
0x1187a
0x1187c
0x11880
0x11882
0x11886
0x11888
0x1188a
0x1188c
0x1188e
0x11890
0x11892
0x11894
0x11896
0x11898
0x1189a
0x14f78
0x14f7c
0x14f80
0x1530c
0x152fc
0x152fe
0x152c2
0x152c4
0x152c6
0x152c8
0x152ac
0x152ae
0x152b0
0x152b2
0x152b6
0x152b8
0x152bc
0x152be
0x152ca
0x14d48
0x14d4a
0x14d4c
0x14ed2
0x14ed4
0x14ed8
0x14eda
0x340c
0x340e
0x3410
0x3412
0x3414
0x3416
0x3418
0x341a
0x341c
0x3420
0x3422
0x3424
0x3428
0x3440
0x3442
0x3444
0x3448
0x344a
0x344e
0x3452
0x3454
0x3458
0x345c
0x345e
0x3462
0x3464
0x3466
0x3468
0x346a
0x346c
0x346e
0x3472
0x3476
0x347a
0x347e
0x342c
0x342e
0x3430
0x14d50
0x14d52
0x14d02
0x8302
0x82d0
0x82d4
0x82d6
0x9da0
0x9da4
0x9da6
0x9daa
0x9dac
0x9dae
0x9db0
0x9db2
0x9db4
0x9db6
0x9db8
0x9dbc
0x7000
0x7002
0x7004
0x7006
0x7008
0x700a
0x9dc0
0x9dc2
0x9dc4
0x9dc8
0x9dca
0x9dcc
0x9dce
0x9dd0
0x95d4
0x95d8
0x95da
0x95dc
0x95de
0x95e0
0x95e2
0x95e4
0x95e6
0x95e8
0x95ea
0x95ec
0x95ee
0x95f0
0x967e
0x9682
0x9684
0x9dd4
0x9dd6
0x9dd8
0x9ddc
0x9dde
0x9de2
0x9de4
0x9de8
0x9dec
0x9dee
0x95d4
0x95d8
0x95da
0x95dc
0x95de
0x95e0
0x95e2
0x95e4
0x95e6
0x95e8
0x95ea
0x95ec
0x95ee
0x95f0
0x967e
0x9682
0x9684
0x9df2
0x9df4
0x9df8
0x9dfa
0x9dfc
0x9dfe
0x9e00
0x9e02
0x9ee2
0x9ee4
0x9ee6
0x9ee8
0x9eea
0x9eec
0x82da
0x82dc
0x82e0
0x82e2
0x82e4
0x82e6
0x82e8
0x82ea
0x82ec
0x9f30
0x9f32
0x9f34
0x9f36
0x9f38
0x9f3a
0x9f3c
0x9f3e
0x7010
0x7012
0x7014
0x7016
0x7018
0x701a
0x701c
0x701e
0x7020
0x7022
0x9f42
0x9f44
0x6f5c
0x6f5e
0x6f60
0x6f62
0x6f64
0x6f66
0x6f68
0x6f6c
0x6f6e
0x6f70
0x6f72
0x6f74
0x6f76
0x6f78
0x13084
0x13086
0x1308a
0x1308c
0x1308e
0x130a8
0x130aa
0x130ac
0x130b0
0x130b2
0x130b4
0x130b6
0x130b8
0x130c6
0x130ca
0x130ce
0x130b6
0x130b8
0x130ba
0x130be
0x130c2
0x130c4
0x13090
0x13092
0x13094
0x13096
0x13098
0x6f7c
0x6f7e
0x6f82
0x6f84
0x6f86
0x9f48
0x9f4a
0x9f4c
0x9f4e
0x9f50
0x9f52
0x82f0
0x82f2
0x82f4
0x9544
0x9546
0x9548
0x954a
0x954c
0x954e
0x9550
0x9552
0x9554
0x9556
0x9558
0x82f8
0x82fa
0x82fc
0x82fe
0x14d98
0x14d9a
0x14d9c
0x14d9e
0x14cce
0x14cd2
0x14cd4
0x14cd6
0x14cd8
0x14cdc
0x14ce0
0x14ce4
0x14ce8
0x14cec
0x14d26
0x14d2a
0x14d2c
0x14d0e
0x14d10
0x14d14
0x14d2e
0x14d30
0x14d34
0x14d36
0x14d38
0x14d3a
0x14d54
0x14d56
0x14d5a
0x14d5c
0x14d5e
0x14d22
0x14d24
0x14d40
0x14d42
0x14d44
0x15462
0x15464
0x15466
0x15468
0x1547c
0x14d48
0x14d4a
0x14d4c
0x14ed2
0x14ed4
0x14ed8
0x14eda
0x340c
0x340e
0x3410
0x3412
0x3414
0x3416
0x3418
0x341a
0x341c
0x3420
0x3422
0x3424
0x3428
0x3440
0x3442
0x3444
0x3448
0x344a
0x344e
0x3452
0x3454
0x3458
0x345c
0x345e
0x3462
0x3464
0x3466
0x3468
0x346a
0x346c
0x346e
0x3472
0x3476
0x347a
0x347e
0x342c
0x342e
0x3430
0x14d50
0x14d52
0x14d02
0x8302
0x82d0
0x82d4
0x82d6
0x9da0
0x9da4
0x9da6
0x9daa
0x9dac
0x9dae
0x9db0
0x9db2
0x9db4
0x9db6
0x9db8
0x9dbc
0x7000
0x7002
0x700c
0x700e
0x9dc0
0x9dc2
0x9dc4
0x9efa
0x9efc
0x9efe
0x9f00
0x95d4
0x95d8
0x95da
0x95dc
0x95de
0x95e0
0x95e2
0x95e4
0x95e6
0x95e8
0x95ea
0x95ec
0x95ee
0x95f0
0x967e
0x9682
0x9684
0x9f04
0x9f06
0x9f08
0x9f0a
0x82da
0x82dc
0x82e0
0x82e2
0x82e4
0x82e6
0x82e8
0x82ea
0x8304
0x8308
0x830a
0x11de0
0x11de2
0x11de4
0x11de8
0x11dec
0x11df0
0x11df4
0x11df6
0x11e08
0x11e18
0x11e1a
0x11c24
0x11c26
0x11c28
0x11c2a
0x11c2c
0x11c2e
0x11c30
0x11c32
0x11c34
0x11b38
0x11b3a
0x11b3c
0x11b3e
0x11b40
0x11b44
0x11b48
0x11b4c
0x11b50
0x11b04
0x11b06
0x11b0a
0x11b0c
0x11b0e
0x11b10
0x11b12
0x11838
0x1183a
0x1183e
0x11840
0x11842
0x11844
0x11846
0x11848
0x1184a
0x1184c
0x1184e
0x11852
0x11854
0x11856
0x11858
0x1185c
0x11b16
0x11b18
0x11b1c
0x11b1e
0x11b20
0x11b22
0x11b24
0x11b26
0x11b28
0x11b2c
0x11864
0x11866
0x11868
0x1186a
0x1186e
0x14f4e
0x14f50
0x14f52
0x14f54
0x14f56
0x14f58
0x14f5a
0x14f5c
0x11872
0x11874
0x11876
0x11878
0x1187a
0x1187c
0x11880
0x11882
0x11886
0x1189c
0x1189e
0x118a0
0x1178c
0x1178e
0x11790
0x11792
0x117ac
0x118a4
0x118a6
0x1189a
0x11b54
0x11b56
0x11b5a
0x11b5c
0x11b5e
0x11b60
0x11b62
0x11b64
0x11b66
0x11b68
0x11b6a
0x11b6c
0x11b6e
0x11bc8
0x11bca
0x11bcc
0x11bce
0x11bd0
0x11bd2
0x11bd4
0x11b90
0x11b94
0x11b98
0x11b9a
0x11bd6
0x11c38
0x11c3a
0x11c3e
0x340c
0x340e
0x3410
0x3412
0x3414
0x3416
0x3418
0x341a
0x341c
0x3420
0x3422
0x3424
0x3428
0x3440
0x3442
0x3444
0x3448
0x344a
0x344e
0x3452
0x3454
0x3458
0x345c
0x345e
0x3462
0x3464
0x3466
0x3468
0x346a
0x346c
0x346e
0x3472
0x3476
0x347a
0x347e
0x342c
0x342e
0x3430
0x122ca
0x122cc
0x122d0
0x122d4
0x122d8
0x122dc
0x12286
0x12288
0x1228a
0x1228c
0x15244
0x15246
0x15248
0x1524c
0x1524e
0x15250
0x15254
0x15258
0x1525c
0x15260
0x15262
0x1527a
0x1527c
0x15266
0x1526a
0x1527e
0x15282
0x15286
0x1528a
0x1528e
0x15292
0x15296
0x15298
0x1524e
0x15250
0x15252
0x12290
0x12294
0x12298
0x122b2
0x122b4
0x122b6
0x14e70
0x14e7a
0x14e7e
0x14e82
0x14e86
0x14e8a
0x14e8c
0x14e8e
0x14e90
0x14e92
0x14e96
0x14e98
0x14e9a
0x14e9c
0x14e9e
0x14ea0
0x14d70
0x14d72
0x14d74
0x14d76
0x14d78
0x14d7a
0x14d84
0x14d86
0x14ea4
0x14ea8
0x14eac
0x14eae
0x14e32
0x14e34
0x821a
0x821c
0x821e
0x8220
0x8222
0x8224
0x8202
0x8258
0x825a
0x825c
0x8260
0x8262
0x4ebc
0x4ebe
0x4ec0
0x4ec2
0x149a0
0x149a2
0x149a4
0x149a6
0x149a8
0x1057c
0x10580
0x10582
0x10584
0x10586
0x14998
0x1499a
0x15228
0x1522a
0x12210
0x12212
0x12216
0x1221a
0x1221e
0x12222
0x335c
0x3360
0x3364
0x3368
0x336c
0x336e
0x3372
0x3374
0x3376
0x3378
0x337c
0x3380
0x3384
0x12226
0x12228
0x1222c
0x1222e
0x12232
0x12236
0x1223a
0x1223c
0x1223e
0x1522e
0x15232
0x15236
0x1523a
0x1523c
0x15240
0x15242
0x1499e
0x1058a
0x1058c
0x10590
0x10594
0x10598
0x1059c
0x1059e
0x105a0
0x105a2
0x105a4
0x105a6
0x10602
0x10604
0x10606
0x10608
0x1060c
0x10610
0x10612
0x10614
0x10616
0x10618
0x1061c
0x1061e
0x10620
0x10622
0x10624
0x105bc
0x105be
0x105c0
0x105c2
0x105c4
0x105c6
0x105d6
0x105d8
0x105da
0x105de
0x105e0
0x105e2
0x105e4
0x105e6
0x105e8
0x105ea
0x10550
0x10552
0x10554
0x10556
0x1055a
0x1055c
0x1055e
0x10560
0x10562
0x10564
0x10566
0x10568
0x1056a
0x10534
0x10536
0x10538
0x1053c
0x1053e
0x10540
0x10542
0x10544
0x10546
0x1056e
0x10572
0x10576
0x105ec
0x105ee
0x105f0
0x10646
0x10648
0x1064a
0x1064c
0x1064e
0x10650
0x10652
0x10654
0x10656
0x10658
0x1063c
0x1063e
0x10640
0x4ec6
0x4ec8
0x4eca
0x4ecc
0x4ece
0x149de
0x149e0
0x149e2
0x149e4
0x4ed2
0x4ed4
0x4ed6
0x8266
0x8268
0x826a
0x826c
0x826e
0x9048
0x904c
0x904e
0x9050
0x9052
0x9054
0x9056
0x9058
0x905a
0x905c
0x905e
0x9060
0x9072
0x9076
0x9078
0x945c
0x9460
0x9464
0x9466
0x946a
0xe050
0xe052
0xe054
0xe056
0xe05a
0xe05c
0xe05e
0x946e
0x907c
0x907e
0x9080
0x9084
0x9086
0x908a
0x908c
0x908e
0x9090
0x9094
0x9098
0x909c
0x909e
0x90a0
0x90a4
0x90a6
0x90a8
0x90aa
0x90ae
0x90b0
0x90b2
0x90b4
0x90b6
0x90ba
0x90be
0x90c0
0x94a2
0x94a4
0x94a6
0x83a0
0x83a2
0x83a6
0x83a8
0x83aa
0x83ac
0x83ae
0x14a08
0x14a0a
0x14a0c
0x14a0e
0x14a10
0x14a12
0x83b2
0x83b4
0x83b6
0x83b8
0x83ba
0x83bc
0x83be
0x14a08
0x14a0a
0x14a0c
0x14a0e
0x14a10
0x14a12
0x83c2
0x83c4
0x83c6
0x83c8
0x83cc
0x14a08
0x14a0a
0x14a0c
0x14a0e
0x14a10
0x14a12
0x94aa
0x94ac
0x94b0
0x94b4
0x94b6
0x94ba
0x94bc
0x94be
0x94c0
0x94c2
0x94c4
0x13084
0x13086
0x1308a
0x1308c
0x1308e
0x13090
0x13092
0x13094
0x13096
0x130d0
0x130d4
0x130d8
0x13094
0x13096
0x130d0
0x130d4
0x130d8
0x13094
0x13096
0x130d0
0x130d4
0x130d8
0x13094
0x13096
0x130d0
0x130d4
0x130d8
0x13094
0x13096
0x130d0
0x130d4
0x130d8
0x13094
0x13096
0x130d0
0x130d4
0x130d8
0x13094
0x13096
0x13098
0x94c8
0x94ca
0x94cc
0x94ce
0x94d2
0x94d6
0x94da
0x94de
0x94e0
0x9134
0x9136
0x8272
0x8274
0x8276
0x8278
0x9fc0
0x9fc4
0x9fc6
0x9fc8
0x9fca
0x9fcc
0x9fce
0x9fd0
0x9fd2
0x9fd4
0x9fd6
0x9fd8
0x9fec
0x9ff0
0x9ff2
0x9ff4
0x9ff6
0x9ff8
0x9ffa
0x9ffc
0x6f5c
0x6f5e
0x6f60
0x6f62
0x6f64
0x6f66
0x6f68
0x6f6c
0x6f6e
0x6f70
0x6f72
0x6f74
0x6f76
0x6f78
0x13084
0x13086
0x1308a
0x1308c
0x1308e
0x130a8
0x130aa
0x130ac
0x130b0
0x130b2
0x130b4
0x130b6
0x130b8
0x130c6
0x130ca
0x130ce
0x130b6
0x130b8
0x130ba
0x130be
0x130c2
0x130c4
0x13090
0x13092
0x13094
0x13096
0x13098
0x6f7c
0x6f7e
0x6f82
0x6f84
0x6f86
0xa000
0xa002
0xa004
0xa006
0xa008
0xa00a
0xa00c
0xa00e
0xa012
0xa014
0xa018
0xa01a
0xa01c
0xa01e
0xa020
0xa022
0xa024
0xa026
0xa028
0xa02a
0xa08e
0xa090
0xa092
0xa094
0xa096
0xa098
0xa09a
0xa09e
0xa0a0
0xa0a4
0xa0a6
0xa0a8
0xa0aa
0xa0ac
0xa0ae
0xa0b0
0xa0b2
0xa0b4
0xa0b6
0xa0b8
0x6f28
0x6f2a
0x6f2c
0x6f2e
0x6f30
0x6f32
0x6f36
0x6f38
0x6f3a
0x6f3c
0x6f40
0x6f42
0x13084
0x13086
0x1308a
0x1308c
0x1308e
0x130a8
0x130aa
0x130ac
0x130b0
0x130b2
0x130b4
0x130b6
0x130b8
0x130c6
0x130ca
0x130ce
0x130b6
0x130b8
0x130ba
0x130be
0x130c2
0x130c4
0x13090
0x13092
0x13094
0x13096
0x13098
0x6f46
0x6f48
0x6f4a
0x6f4c
0x6f50
0x6f52
0x6f54
0x6f56
0x6f58
0x6f5a
0xa0bc
0xa0be
0xa0c0
0xa0c4
0xa0c6
0x6f28
0x6f2a
0x6f2c
0x6f2e
0x6f30
0x6f32
0x6f36
0x6f38
0x6f3a
0x6f3c
0x6f40
0x6f42
0x13084
0x13086
0x1308a
0x1308c
0x1308e
0x130a8
0x130aa
0x130ac
0x130b0
0x130b2
0x130b4
0x130b6
0x130b8
0x130c6
0x130ca
0x130ce
0x130b6
0x130b8
0x130ba
0x130be
0x130c2
0x130c4
0x13090
0x13092
0x13094
0x13096
0x13098
0x6f46
0x6f48
0x6f4a
0x6f4c
0x6f50
0x6f52
0x6f54
0x6f56
0x6f58
0x6f5a
0xa0ca
0xa0cc
0xa0ce
0xa0d0
0xa0d4
0xa0d6
0xa0d8
0xa0da
0xa0de
0xa0e0
0xa0e2
0xa0e4
0xa0e6
0xa0e8
0xa0ea
0xa060
0x827c
0x827e
0x8280
0x8282
0x8252
0x4378
0x437a
0x437c
0x437e
0x4380
0x43ce
0x43d0
0x43d2
0x14a56
0x14a58
0x14a5a
0x14a5c
0x14a5e
0x14a60
0x14a62
0x14a64
0x43d6
0x43d8
0x43da
0x43dc
0x43de
0x13282
0x13284
0x13288
0x1328a
0x1328c
0x1328e
0x13290
0x13292
0x13294
0x13296
0x1328c
0x1328e
0x13290
0x1329c
0x1329e
0x132a0
0x132a2
0x132a4
0x132a6
0x132a8
0x3c30
0x3c32
0x3c34
0x3c36
0x3c38
0x14a56
0x14a58
0x14a5a
0x14a5c
0x14a5e
0x14a60
0x14a62
0x14a64
0x3c3c
0x3c3e
0x3c40
0x3c42
0x3c46
0x3c48
0x13282
0x13284
0x13288
0x1328a
0x1328c
0x1328e
0x13290
0x1329c
0x1329e
0x132a0
0x132a2
0x132a4
0x132a6
0x132a8
0x1367a
0x1367c
0x1367e
0x13680
0x13682
0x13686
0x1368a
0x1368e
0x13690
0x13694
0x13698
0x1369c
0x136a0
0x136a4
0x136a8
0x136ac
0x136ae
0x136b2
0x136b4
0x136b6
0x132b8
0x132ba
0x13084
0x13086
0x1308a
0x1308c
0x1308e
0x13090
0x13092
0x13094
0x13096
0x130d0
0x130d4
0x130d8
0x13094
0x13096
0x130d0
0x130d4
0x130d8
0x13094
0x13096
0x130d0
0x130d4
0x130d8
0x13094
0x13096
0x130d0
0x130d4
0x130d8
0x13094
0x13096
0x130d0
0x130d4
0x130d8
0x13094
0x13096
0x130d0
0x130d4
0x130d8
0x13094
0x13096
0x130d0
0x130d4
0x130d8
0x13094
0x13096
0x13098
0x136ba
0x136bc
0x136be
0x136c0
0x136c4
0x136c6
0x136ca
0x13084
0x13086
0x1308a
0x1308c
0x1308e
0x13090
0x13092
0x13094
0x13096
0x130d0
0x130d4
0x130d8
0x13094
0x13096
0x130d0
0x130d4
0x130d8
0x13094
0x13096
0x130d0
0x130d4
0x130d8
0x13094
0x13096
0x130d0
0x130d4
0x130d8
0x13094
0x13096
0x130d0
0x130d4
0x130d8
0x13094
0x13096
0x130d0
0x130d4
0x130d8
0x13094
0x13096
0x13098
0x136ce
0x136d0
0x136d2
0x136d6
0x136d8
0x136dc
0x13084
0x13086
0x1308a
0x1308c
0x1308e
0x13090
0x13092
0x13094
0x13096
0x130d0
0x130d4
0x130d8
0x13094
0x13096
0x130d0
0x130d4
0x130d8
0x13094
0x13096
0x130d0
0x130d4
0x130d8
0x13094
0x13096
0x130d0
0x130d4
0x130d8
0x13094
0x13096
0x130d0
0x130d4
0x130d8
0x13094
0x13096
0x130d0
0x130d4
0x130d8
0x13094
0x13096
0x13098
0x136e0
0x136e2
0x4d90
0x4d92
0x4d94
0x4d96
0x4d98
0x4dc4
0x4dc6
0x4dca
0x4dcc
0x4dce
0x132b8
0x132ba
0x13084
0x13086
0x1308a
0x1308c
0x1308e
0x130a8
0x130aa
0x130ac
0x130b0
0x130b2
0x130b4
0x130b6
0x130b8
0x130c6
0x130ca
0x130ce
0x130b6
0x130b8
0x130ba
0x130be
0x130c2
0x130c4
0x13090
0x13092
0x13094
0x13096
0x130d0
0x130d4
0x130d8
0x13094
0x13096
0x130d0
0x130d4
0x130d8
0x13094
0x13096
0x130d0
0x130d4
0x130d8
0x13094
0x13096
0x13098
0x4dd2
0x4dd6
0x4dd8
0x4dda
0x4ddc
0x4dde
0x4e24
0x4e26
0x4e28
0x132b8
0x132ba
0x13084
0x13086
0x1308a
0x1308c
0x1308e
0x130a8
0x130aa
0x130ac
0x130b0
0x130b2
0x130b4
0x130b6
0x130b8
0x130c6
0x130ca
0x130ce
0x130b6
0x130b8
0x130ba
0x130be
0x130c2
0x130c4
0x13090
0x13092
0x13094
0x13096
0x130d0
0x130d4
0x130d8
0x13094
0x13096
0x130d0
0x130d4
0x130d8
0x13094
0x13096
0x130d0
0x130d4
0x130d8
0x13094
0x13096
0x13098
0x4e2c
0x4df8
0x4dfa
0x4dfc
0x4dfe
0x4e00
0x3c50
0x3c52
0x3c54
0x3c56
0x3c58
0x3c5a
0x54d8
0x54da
0x54dc
0x54de
0x54e2
0x54e4
0x136ea
0x136ee
0x136f0
0x136f4
0x54e8
0x54ee
0x54f0
0x54f2
0x54f4
0x550c
0x550e
0x5510
0x5512
0x13826
0x13828
0x1382a
0x1382c
0x1382e
0x13830
0x13832
0x13836
0x13838
0x1383a
0x13064
0x13066
0x13068
0x1306a
0x1306c
0x13070
0x13074
0x13076
0x13078
0x1307a
0x1306c
0x13070
0x13074
0x13076
0x13078
0x1307a
0x1307c
0x1307e
0x1383e
0x13840
0x13842
0x13844
0x13846
0x1384a
0x1384c
0x13064
0x13066
0x13068
0x1306a
0x1306c
0x13070
0x13074
0x13076
0x13078
0x1307a
0x1306c
0x13070
0x13074
0x13076
0x13078
0x1307a
0x1307c
0x1307e
0x13850
0x13854
0x13856
0x5516
0x5518
0x551a
0x54ea
0x54ec
0x3c5e
0x3c60
0x3c62
0x3c64
0x3c66
0x3c68
0x3c6a
0x3c6e
0x3c70
0x3c74
0x3c76
0x3c78
0x54d8
0x54da
0x54dc
0x54de
0x54e2
0x54e4
0x136ea
0x136ee
0x136f0
0x136f4
0x54e8
0x54ee
0x54f0
0x54f2
0x54f4
0x550c
0x550e
0x5510
0x5512
0x13826
0x13828
0x1382a
0x1382c
0x1382e
0x13830
0x13832
0x13836
0x13838
0x1383a
0x13064
0x13066
0x13068
0x1306a
0x1306c
0x13070
0x13074
0x13076
0x13078
0x1307a
0x1306c
0x13070
0x13074
0x13076
0x13078
0x1307a
0x1306c
0x13070
0x13074
0x13076
0x13078
0x1307a
0x1306c
0x13070
0x13074
0x13076
0x13078
0x1307a
0x1306c
0x13070
0x13074
0x13076
0x13078
0x1307a
0x1306c
0x13070
0x13074
0x13076
0x13078
0x1307a
0x1306c
0x13070
0x13074
0x13076
0x1307c
0x1307e
0x1383e
0x13862
0x13864
0x13856
0x5516
0x5518
0x54f6
0x54f8
0x54fa
0x54fc
0x54fe
0x5500
0x5502
0x5504
0x13726
0x13728
0x1372c
0x13730
0x13732
0x13736
0x13738
0x1373a
0x1373e
0x5508
0x550a
0x54ec
0x3c7c
0x3c7e
0x4e04
0x4e06
0x4e08
0x4e0a
0x4e0c
0x4e0e
0x4e12
0x132f2
0x132f4
0x132f8
0x132fc
0x13300
0x13304
0x13308
0x1330a
0x1330e
0x4e16
0x4e2e
0x4e30
0x4e32
0x4e36
0x132b8
0x132ba
0x13084
0x13086
0x1308a
0x1308c
0x1308e
0x130a8
0x130aa
0x130ac
0x130b0
0x130b2
0x130b4
0x130b6
0x130b8
0x130c6
0x130ca
0x130ce
0x130b6
0x130b8
0x130ba
0x130be
0x130c2
0x130c4
0x13090
0x13092
0x13094
0x13096
0x130d0
0x130d4
0x130d8
0x13094
0x13096
0x130d0
0x130d4
0x130d8
0x13094
0x13096
0x130d0
0x130d4
0x130d8
0x13094
0x13096
0x13098
0x4e3a
0x4e3c
0x4e3e
0x4e42
0x4e46
0x4e48
0x4e4a
0x4e4e
0x4e52
0x4e54
0x4e56
0x4e5a
0x4e5e
0x4e60
0x4e62
0x4e64
0x4e66
0x4e68
0x4e6a
0x4e6c
0x4e70
0x132b8
0x132ba
0x13084
0x13086
0x1308a
0x1308c
0x1308e
0x13090
0x13092
0x13094
0x13096
0x130d0
0x130d4
0x130d8
0x13094
0x13096
0x130d0
0x130d4
0x130d8
0x13094
0x13096
0x130d0
0x130d4
0x130d8
0x13094
0x13096
0x130d0
0x130d4
0x130d8
0x13094
0x13096
0x130d0
0x130d4
0x130d8
0x13094
0x13096
0x130d0
0x130d4
0x130d8
0x13094
0x13096
0x130d0
0x130d4
0x130d8
0x13094
0x13096
0x13098
0x4e74
0x4e76
0x4e78
0x4e7c
0x4e7e
0x4e82
0x132b8
0x132ba
0x13084
0x13086
0x1308a
0x1308c
0x1308e
0x13090
0x13092
0x13094
0x13096
0x130d0
0x130d4
0x130d8
0x13094
0x13096
0x130d0
0x130d4
0x130d8
0x13094
0x13096
0x130d0
0x130d4
0x130d8
0x13094
0x13096
0x130d0
0x130d4
0x130d8
0x13094
0x13096
0x130d0
0x130d4
0x130d8
0x13094
0x13096
0x130d0
0x130d4
0x130d8
0x13094
0x13096
0x130d0
0x130d4
0x130d8
0x13094
0x13096
0x13098
0x4e86
0x4e8a
0x132ac
0x132b0
0x132b2
0x132b6
0x4e8e
0x4e90
0x4e92
0x4e96
0x4e98
0x4e9c
0x4e9e
0x4ea0
0x4cec
0x4cee
0x4cf0
0x4cf2
0x4cf4
0x4cf6
0x4cfa
0x4cfc
0x4cfe
0x4d00
0x4d02
0x4d06
0x52bc
0x52c0
0x52c2
0x52c6
0x52c8
0x52ca
0x52cc
0x136ea
0x136ee
0x136f0
0x136f4
0x52d0
0x52d2
0x52d4
0x52d6
0x4d0a
0x4d0c
0x4d2a
0x4d2c
0x4ea4
0x4ea6
0x4ea8
0x5338
0x533a
0x533c
0x533e
0x5340
0x5344
0x5346
0x534e
0x5350
0x5352
0x5354
0x5358
0x535a
0x535c
0x5360
0x5364
0x14d88
0x14d8a
0x14d8e
0x14d92
0x14d96
0x5368
0x536a
0x536c
0x122ec
0x122ee
0x122f0
0x122f4
0x122f8
0x122fc
0x12300
0x12302
0x12304
0x12306
0x12308
0x1230a
0x1231a
0x1231e
0x12320
0x12322
0x12324
0x12328
0x1529a
0x1529c
0x1529e
0x152a0
0x152a2
0x152a4
0x152a6
0x152c0
0x152d0
0x152d2
0x152d4
0x152d6
0x152d8
0x152da
0x152dc
0x152de
0x152e0
0x152e2
0x152e4
0x152e6
0x14f14
0x14f16
0x14f18
0x14f1c
0x14f20
0x14f24
0x14f28
0x14f2a
0x11838
0x1183a
0x1183e
0x11840
0x1184e
0x11852
0x11854
0x11856
0x11858
0x1185c
0x14f2e
0x14f30
0x14f34
0x14f36
0x14f38
0x14f3a
0x14f3e
0x14f42
0x14f46
0x14f4a
0x151a8
0x151aa
0x151ae
0x151b2
0x151b6
0x151ba
0x151bc
0x151ce
0x151d2
0x151c4
0x151c8
0x151cc
0x152ea
0x152ec
0x152ee
0x152f2
0x152f4
0x152f6
0x152f8
0x152fa
0x15300
0x15302
0x15304
0x15306
0x15308
0x14f62
0x14f64
0x14f68
0x14f6c
0x14f70
0x14f74
0x118e4
0x118e6
0x118e8
0x118ea
0x118ec
0x118ee
0x118f0
0x118f2
0x118f4
0x118f8
0x118fa
0x118fc
0x118fe
0x11900
0x11902
0x11904
0x11906
0x11908
0x1190c
0x11910
0x11912
0x1191c
0x1191e
0x11922
0x11924
0x11926
0x11928
0x1192c
0x1192e
0x11930
0x11932
0x11864
0x11866
0x11868
0x1186a
0x1186e
0x14f4e
0x14f50
0x14f52
0x14f54
0x14f56
0x14f58
0x14f5a
0x14f5c
0x11872
0x11874
0x11876
0x11878
0x1187a
0x1187c
0x11880
0x11882
0x11886
0x11888
0x1188a
0x1188c
0x1188e
0x11890
0x11892
0x11894
0x11896
0x11898
0x1189a
0x14f78
0x14f7c
0x14f80
0x1530c
0x152fc
0x152fe
0x152c2
0x152c4
0x152c6
0x152c8
0x152ac
0x152ae
0x152b0
0x152b2
0x152b6
0x152b8
0x152bc
0x152be
0x152ca
0x1232c
0x1232e
0x12330
0x12332
0x14ed2
0x14ed4
0x14ed8
0x14eda
0x340c
0x340e
0x3410
0x3412
0x3414
0x3416
0x3418
0x341a
0x341c
0x3420
0x3422
0x3424
0x3428
0x3440
0x3442
0x3444
0x3448
0x344a
0x344e
0x3452
0x3454
0x3458
0x345c
0x345e
0x3462
0x3464
0x3466
0x3468
0x346a
0x346c
0x346e
0x3472
0x3476
0x347a
0x347e
0x342c
0x342e
0x3430
0x12336
0x12316
0x12318
0x5370
0x5372
0x5374
0x5378
0x57f4
0x57f8
0x57fa
0x57fc
0x5800
0x5802
0x5804
0x580c
0x580e
0x5810
0x5812
0x59c4
0x59c6
0x59c8
0x59ca
0x59cc
0x59ce
0x11438
0x1143a
0x1143c
0x1143e
0x11442
0x11446
0x1144a
0x1144e
0x11450
0x11452
0x11454
0x11456
0x11458
0x1145a
0x1145c
0x1145e
0x11460
0x11464
0x11468
0x11486
0x59d2
0x59d4
0x59d6
0x59d8
0x59da
0x59dc
0x130da
0x130dc
0x130de
0x130e0
0x130e2
0x130e4
0x130e8
0x130ec
0x130f0
0x130f2
0x130f4
0x130f6
0x13114
0x13118
0x130f4
0x130f6
0x13114
0x13118
0x130f4
0x130f6
0x13114
0x13118
0x130f4
0x130f6
0x13114
0x13118
0x130f4
0x130f6
0x13114
0x13118
0x130f4
0x130f6
0x13114
0x13118
0x130f4
0x130f6
0x13114
0x13118
0x130f4
0x130f6
0x13114
0x13118
0x130f4
0x130f6
0x13114
0x13118
0x130f4
0x130f6
0x13114
0x13118
0x130f4
0x130f6
0x13114
0x13118
0x130f4
0x130f6
0x13114
0x13118
0x130f4
0x130f6
0x13114
0x13118
0x130f4
0x130f6
0x13114
0x13118
0x130f4
0x130f6
0x13114
0x13118
0x130f4
0x130f6
0x13114
0x13118
0x130f4
0x130f6
0x13114
0x13118
0x130f4
0x130f6
0x13114
0x13118
0x130f4
0x130f6
0x13114
0x13118
0x130f4
0x130f6
0x13114
0x13118
0x130f4
0x130f6
0x13114
0x13118
0x130f4
0x130f6
0x13114
0x13118
0x130f4
0x130f6
0x13114
0x13118
0x130f4
0x130f6
0x13114
0x13118
0x130f4
0x130f6
0x13114
0x13118
0x130f4
0x130f6
0x13114
0x13118
0x130f4
0x130f6
0x13114
0x13118
0x130f4
0x130f6
0x13114
0x13118
0x130f4
0x130f6
0x13114
0x13118
0x130f4
0x130f6
0x13114
0x13118
0x130f4
0x130f6
0x13114
0x13118
0x130f4
0x130f6
0x13114
0x13118
0x130f4
0x130f6
0x13114
0x13118
0x130f4
0x130f6
0x13114
0x13118
0x130f4
0x130f6
0x13114
0x13118
0x130f4
0x130f6
0x13114
0x13118
0x130f4
0x130f6
0x13114
0x13118
0x130f4
0x130f6
0x13114
0x13118
0x130f4
0x130f6
0x13114
0x13118
0x130f4
0x130f6
0x13114
0x13118
0x130f4
0x130f6
0x13114
0x13118
0x130f4
0x130f6
0x13114
0x13118
0x130f4
0x130f6
0x13114
0x13118
0x130f4
0x130f6
0x13114
0x13118
0x130f4
0x130f6
0x13114
0x13118
0x130f4
0x130f6
0x13114
0x13118
0x130f4
0x130f6
0x13114
0x13118
0x130f4
0x130f6
0x13114
0x13118
0x130f4
0x130f6
0x13114
0x13118
0x130f4
0x130f6
0x13114
0x13118
0x130f4
0x130f6
0x13114
0x13118
0x130f4
0x130f6
0x13114
0x13118
0x130f4
0x130f6
0x13114
0x13118
0x130f4
0x130f6
0x13114
0x13118
0x130f4
0x130f6
0x13114
0x13118
0x130f4
0x130f6
0x13114
0x13118
0x130f4
0x130f6
0x13114
0x13118
0x130f4
0x130f6
0x13114
0x13118
0x130f4
0x130f6
0x130f8
0x130fc
0x13100
0x13102
0x13104
0x13106
0x59e0
0x59e2
0x59e4
0x59e6
0x59e8
0x59ea
0x59ec
0x15052
0x15054
0x15056
0x15058
0x1505c
0x15060
0x15064
0x15068
0x1506a
0x59f0
0x59f2
0x59f4
0x59f6
0x59f8
0x5814
0x5816
0x5818
0x581a
0x581c
0x581e
0x5822
0x5824
0x5828
0x582c
0x1516e
0x15170
0x15174
0x15178
0x1517a
0x1517c
0x5830
0x5834
0x5838
0x583a
0x583e
0x5842
0x5844
0x5846
0x584a
0x584c
0x584e
0x5852
0x5854
0x5858
0x585a
0x585c
0x585e
0x5862
0x5864
0x5866
0x593c
0x593e
0x5940
0x5942
0x14d88
0x14d8a
0x14d8e
0x14d92
0x14d96
0x5946
0x5948
0x594c
0x594e
0x5950
0x5954
0x1516e
0x15170
0x15174
0x15178
0x1517a
0x1517c
0x5958
0x595a
0x595e
0x5868
0x586a
0x586e
0x5870
0x5874
0x5878
0x587c
0x587e
0x5880
0x5884
0x5886
0x5888
0x588a
0x5892
0x5894
0x5802
0x5804
0x580c
0x580e
0x5810
0x5812
0x57d8
0x57da
0x57dc
0x57de
0x57e0
0x57e2
0x57e4
0x5814
0x5816
0x5818
0x581a
0x581c
0x581e
0x5822
0x5824
0x5828
0x582c
0x1516e
0x15170
0x15174
0x15178
0x1517a
0x1517c
0x5830
0x5834
0x5838
0x583a
0x583e
0x5842
0x5844
0x5846
0x584a
0x584c
0x584e
0x5852
0x5896
0x5898
0x589a
0x5858
0x585a
0x585c
0x585e
0x5862
0x5864
0x5866
0x138bc
0x5868
0x586a
0x586e
0x5870
0x5874
0x5878
0x587c
0x587e
0x5880
0x5884
0x5886
0x5888
0x588a
0x5892
0x5894
0x5802
0x5804
0x580c
0x580e
0x5810
0x5812
0x6eb0
0x6eb2
0x6eb4
0x6eb6
0x6eb8
0x6eba
0x6ebc
0x5814
0x5816
0x5818
0x581a
0x581c
0x581e
0x5822
0x5824
0x5828
0x582c
0x1516e
0x15170
0x15174
0x15178
0x1517a
0x1517c
0x5830
0x5834
0x5838
0x583a
0x583e
0x5842
0x5844
0x5846
0x584a
0x584c
0x584e
0x5852
0x5896
0x5898
0x589a
0x5858
0x585a
0x585c
0x585e
0x5862
0x5864
0x5868
0x586a
0x586e
0x5870
0x5874
0x5878
0x587c
0x587e
0x5880
0x5884
0x5886
0x5888
0x588a
0x5892
0x5894
0x5802
0x5804
0x5806
0x5808
0x537c
0x537e
0x5382
0x4f8c
0x4f8e
0x4f90
0x4f92
0x4f94
0x4f96
0x4fa4
0x4fa6
0x4fa8
0x4faa
0x2778
0x2780
0x2782
0x127dc
0x127de
0x127e0
0x127e2
0x127e6
0x127e8
0x2c50
0x2c52
0x2c54
0x2c56
0x2c58
0x2c5a
0x2c5c
0x2c5e
0x2928
0x292c
0x292e
0x2930
0x2932
0x2934
0x2936
0x2938
0x293a
0x293e
0x2940
0x2942
0x2950
0x2952
0x2956
0x2958
0x295a
0x2944
0x2946
0x2948
0x294c
0x294e
0x286c
0x286e
0x2870
0x2872
0x2874
0x2876
0x3138
0x313a
0x313c
0x313e
0x3140
0x314c
0x314e
0x3150
0x3152
0x3154
0x10c2c
0x10c2e
0x10c30
0x10c32
0x10c34
0x10c36
0x10c38
0x10c3a
0x10c3c
0x10c3e
0x10c40
0x10c44
0x10c46
0x10c48
0x10c44
0x10c46
0x10c48
0x10c44
0x10c46
0x10c48
0x10c44
0x10c46
0x10c48
0x10c44
0x10c46
0x10c48
0x10c44
0x10c46
0x10c48
0x10c44
0x10c46
0x10c48
0x10c44
0x10c46
0x10c48
0x10c44
0x10c46
0x10c48
0x10c44
0x10c46
0x10c48
0x10c44
0x10c46
0x10c48
0x10c44
0x10c46
0x10c48
0x10c44
0x10c46
0x10c48
0x10c44
0x10c46
0x10c48
0x10c44
0x10c46
0x10c48
0x10c44
0x10c46
0x10c48
0x10c44
0x10c46
0x10c48
0x10c44
0x10c46
0x10c48
0x10c44
0x10c46
0x10c48
0x10c44
0x10c46
0x10c48
0x10c44
0x10c46
0x10c48
0x10c44
0x10c46
0x10c48
0x10c44
0x10c46
0x10c48
0x10c44
0x10c46
0x10c48
0x10c44
0x10c46
0x10c48
0x10c44
0x10c46
0x10c48
0x10c44
0x10c46
0x10c48
0x10c44
0x10c46
0x10c48
0x10c44
0x10c46
0x10c48
0x10c44
0x10c46
0x10c48
0x10c44
0x10c46
0x10c48
0x10c44
0x10c46
0x10c48
0x10c44
0x10c46
0x10c48
0x10c44
0x10c46
0x10c48
0x10c44
0x10c46
0x10c48
0x10c44
0x10c46
0x10c48
0x10c44
0x10c46
0x10c48
0x10c44
0x10c46
0x10c48
0x10c44
0x10c46
0x10c48
0x10c44
0x10c46
0x10c48
0x10c44
0x10c46
0x10c48
0x10c44
0x10c46
0x10c48
0x10c44
0x10c46
0x10c48
0x10c44
0x10c46
0x10c48
0x10c44
0x10c46
0x10c48
0x10c44
0x10c46
0x10c48
0x10c44
0x10c46
0x10c48
0x10c44
0x10c46
0x10c48
0x10c44
0x10c46
0x10c48
0x10c44
0x10c46
0x10c48
0x10c44
0x10c46
0x10c48
0x10c44
0x10c46
0x10c48
0x10c44
0x10c46
0x10c48
0x10c44
0x10c46
0x10c48
0x10c44
0x10c46
0x10c48
0x10c44
0x10c46
0x10c48
0x10c44
0x10c46
0x10c48
0x10c44
0x10c46
0x10c48
0x10c44
0x10c46
0x10c48
0x10c44
0x10c46
0x10c48
0x10c44
0x10c46
0x10c48
0x10c44
0x10c46
0x10c48
0x10c44
0x10c46
0x10c48
0x10c44
0x10c46
0x10c48
0x10c44
0x10c46
0x10c48
0x10c44
0x10c46
0x10c48
0x10c44
0x10c46
0x10c48
0x10c44
0x10c46
0x10c48
0x10c44
0x10c46
0x10c48
0x10c44
0x10c46
0x10c48
0x10c44
0x10c46
0x10c48
0x10c44
0x10c46
0x10c48
0x10c44
0x10c46
0x10c48
0x10c44
0x10c46
0x10c48
0x10c44
0x10c46
0x10c48
0x10c44
0x10c46
0x10c48
0x10c44
0x10c46
0x10c48
0x10c44
0x10c46
0x10c48
0x10c44
0x10c46
0x10c48
0x10c44
0x10c46
0x10c48
0x10c44
0x10c46
0x10c48
0x10c44
0x10c46
0x10c48
0x10c44
0x10c46
0x10c48
0x10c44
0x10c46
0x10c48
0x10c44
0x10c46
0x10c48
0x10c44
0x10c46
0x10c48
0x10c44
0x10c46
0x10c48
0x10c44
0x10c46
0x10c48
0x10c44
0x10c46
0x10c48
0x10c44
0x10c46
0x10c48
0x10c44
0x10c46
0x10c48
0x10c44
0x10c46
0x10c48
0x10c44
0x10c46
0x10c48
0x10c44
0x10c46
0x10c48
0x10c44
0x10c46
0x10c48
0x10c44
0x10c46
0x10c48
0x10c44
0x10c46
0x10c48
0x10c44
0x10c46
0x10c48
0x10c44
0x10c46
0x10c48
0x10c44
0x10c46
0x10c48
0x10c44
0x10c46
0x10c48
0x10c44
0x10c46
0x10c48
0x10c44
0x10c46
0x10c48
0x10c44
0x10c46
0x10c48
0x10c44
0x10c46
0x10c48
0x10c44
0x10c46
0x10c48
0x10c44
0x10c46
0x10c48
0x10c44
0x10c46
0x10c48
0x10c44
0x10c46
0x10c48
0x10c44
0x10c46
0x10c48
0x10c44
0x10c46
0x10c48
0x10c44
0x10c46
0x10c48
0x10c44
0x10c46
0x10c48
0x10c44
0x10c46
0x10c48
0x10c44
0x10c46
0x10c48
0x10c44
0x10c46
0x10c48
0x10c44
0x10c46
0x10c48
0x10c44
0x10c46
0x10c48
0x10c44
0x10c46
0x10c48
0x10c44
0x10c46
0x10c48
0x10c44
0x10c46
0x10c48
0x10c44
0x10c46
0x10c48
0x10c44
0x10c46
0x10c48
0x10c44
0x10c46
0x10c48
0x10c44
0x10c46
0x10c48
0x10c44
0x10c46
0x10c48
0x10c44
0x10c46
0x10c48
0x10c44
0x10c46
0x10c48
0x10c44
0x10c46
0x10c48
0x10c44
0x10c46
0x10c48
0x10c44
0x10c46
0x10c48
0x10c44
0x10c46
0x10c48
0x10c44
0x10c46
0x10c48
0x10c44
0x10c46
0x10c48
0x10c44
0x10c46
0x10c48
0x10c44
0x10c46
0x10c48
0x10c44
0x10c46
0x10c48
0x10c44
0x10c46
0x10c48
0x10c44
0x10c46
0x10c48
0x10c44
0x10c46
0x10c48
0x10c44
0x10c46
0x10c48
0x10c44
0x10c46
0x10c48
0x10c44
0x10c46
0x10c48
0x10c44
0x10c46
0x10c48
0x10c44
0x10c46
0x10c48
0x10c44
0x10c46
0x10c48
0x10c44
0x10c46
0x10c48
0x10c44
0x10c46
0x10c48
0x10c44
0x10c46
0x10c48
0x10c44
0x10c46
0x10c48
0x10c44
0x10c46
0x10c48
0x10c44
0x10c46
0x10c48
0x10c44
0x10c46
0x10c48
0x10c44
0x10c46
0x10c48
0x10c44
0x10c46
0x10c48
0x10c44
0x10c46
0x10c48
0x10c44
0x10c46
0x10c48
0x10c44
0x10c46
0x10c48
0x10c44
0x10c46
0x10c48
0x10c44
0x10c46
0x10c48
0x10c44
0x10c46
0x10c48
0x10c44
0x10c46
0x10c48
0x10c44
0x10c46
0x10c48
0x10c44
0x10c46
0x10c48
0x10c44
0x10c46
0x10c48
0x10c44
0x10c46
0x10c48
0x10c44
0x10c46
0x10c48
0x10c44
0x10c46
0x10c48
0x10c44
0x10c46
0x10c48
0x10c44
0x10c46
0x10c48
0x10c44
0x10c46
0x10c48
0x10c44
0x10c46
0x10c48
0x10c44
0x10c46
0x10c48
0x10c44
0x10c46
0x10c48
0x10c44
0x10c46
0x10c48
0x10c44
0x10c46
0x10c48
0x10c44
0x10c46
0x10c48
0x10c44
0x10c46
0x10c48
0x10c44
0x10c46
0x10c48
0x10c44
0x10c46
0x10c48
0x10c44
0x10c46
0x10c48
0x10c44
0x10c46
0x10c48
0x10c44
0x10c46
0x10c48
0x10c44
0x10c46
0x10c48
0x10c44
0x10c46
0x10c48
0x10c44
0x10c46
0x10c48
0x10c44
0x10c46
0x10c48
0x10c44
0x10c46
0x10c48
0x10c44
0x10c46
0x10c48
0x10c44
0x10c46
0x10c48
0x10c44
0x10c46
0x10c48
0x10c44
0x10c46
0x10c48
0x10c44
0x10c46
0x10c48
0x10c44
0x10c46
0x10c48
0x10c44
0x10c46
0x10c48
0x10c44
0x10c46
0x10c48
0x10c44
0x10c46
0x10c48
0x10c44
0x10c46
0x10c48
0x10c44
0x10c46
0x10c48
0x10c44
0x10c46
0x10c48
0x10c44
0x10c46
0x10c48
0x10c44
0x10c46
0x10c48
0x10c44
0x10c46
0x10c48
0x10c44
0x10c46
0x10c48
0x10c44
0x10c46
0x10c48
0x10c44
0x10c46
0x10c48
0x10c44
0x10c46
0x10c48
0x10c44
0x10c46
0x10c48
0x10c44
0x10c46
0x10c48
0x10c44
0x10c46
0x10c48
0x10c44
0x10c46
0x10c48
0x10c44
0x10c46
0x10c48
0x10c44
0x10c46
0x10c48
0x10c44
0x10c46
0x10c48
0x10c44
0x10c46
0x10c48
0x10c44
0x10c46
0x10c48
0x10c44
0x10c46
0x10c48
0x10c44
0x10c46
0x10c48
0x10c44
0x10c46
0x10c48
0x10c44
0x10c46
0x10c48
0x10c44
0x10c46
0x10c48
0x10c44
0x10c46
0x10c48
0x10c44
0x10c46
0x10c48
0x10c44
0x10c46
0x10c48
0x10c44
0x10c46
0x10c48
0x10c44
0x10c46
0x10c48
0x10c44
0x10c46
0x10c48
0x10c44
0x10c46
0x10c48
0x10c44
0x10c46
0x10c48
0x10c44
0x10c46
0x10c48
0x10c44
0x10c46
0x10c48
0x10c44
0x10c46
0x10c48
0x10c44
0x10c46
0x10c48
0x10c44
0x10c46
0x10c48
0x10c44
0x10c46
0x10c48
0x10c44
0x10c46
0x10c48
0x10c44
0x10c46
0x10c48
0x10c44
0x10c46
0x10c48
0x10c44
0x10c46
0x10c48
0x10c44
0x10c46
0x10c48
0x10c44
0x10c46
0x10c48
0x10c44
0x10c46
0x10c48
0x10c44
0x10c46
0x10c48
0x10c44
0x10c46
0x10c48
0x10c44
0x10c46
0x10c48
0x10c44
0x10c46
0x10c48
0x10c44
0x10c46
0x10c48
0x10c44
0x10c46
0x10c48
0x10c44
0x10c46
0x10c48
0x10c44
0x10c46
0x10c48
0x10c44
0x10c46
0x10c48
0x10c44
0x10c46
0x10c48
0x10c44
0x10c46
0x10c48
0x10c44
0x10c46
0x10c48
0x10c44
0x10c46
0x10c48
0x10c44
0x10c46
0x10c48
0x10c44
0x10c46
0x10c48
0x10c44
0x10c46
0x10c48
0x10c44
0x10c46
0x10c48
0x10c44
0x10c46
0x10c48
0x10c44
0x10c46
0x10c48
0x10c44
0x10c46
0x10c48
0x10c44
0x10c46
0x10c48
0x10c44
0x10c46
0x10c48
0x10c44
0x10c46
0x10c48
0x10c44
0x10c46
0x10c48
0x10c44
0x10c46
0x10c48
0x10c44
0x10c46
0x10c48
0x10c44
0x10c46
0x10c48
0x10c44
0x10c46
0x10c48
0x10c44
0x10c46
0x10c48
0x10c44
0x10c46
0x10c48
0x10c44
0x10c46
0x10c48
0x10c44
0x10c46
0x10c48
0x10c44
0x10c46
0x10c48
0x10c44
0x10c46
0x10c48
0x10c44
0x10c46
0x10c48
0x10c44
0x10c46
0x10c48
0x10c44
0x10c46
0x10c48
0x10c44
0x10c46
0x10c48
0x10c44
0x10c46
0x10c48
0x10c44
0x10c46
0x10c48
0x10c44
0x10c46
0x10c48
0x10c44
0x10c46
0x10c48
0x10c44
0x10c46
0x10c48
0x10c44
0x10c46
0x10c48
0x10c44
0x10c46
0x10c48
0x10c44
0x10c46
0x10c48
0x10c44
0x10c46
0x10c48
0x10c44
0x10c46
0x10c48
0x10c44
0x10c46
0x10c48
0x10c44
0x10c46
0x10c48
0x10c44
0x10c46
0x10c48
0x10c44
0x10c46
0x10c48
0x10c44
0x10c46
0x10c48
0x10c44
0x10c46
0x10c48
0x10c44
0x10c46
0x10c48
0x10c44
0x10c46
0x10c48
0x10c44
0x10c46
0x10c48
0x10c44
0x10c46
0x10c48
0x10c44
0x10c46
0x10c48
0x10c44
0x10c46
0x10c48
0x10c44
0x10c46
0x10c48
0x10c44
0x10c46
0x10c48
0x10c44
0x10c46
0x10c48
0x10c44
0x10c46
0x10c48
0x10c44
0x10c46
0x10c48
0x10c44
0x10c46
0x10c48
0x10c44
0x10c46
0x10c48
0x10c44
0x10c46
0x10c48
0x10c44
0x10c46
0x10c48
0x10c44
0x10c46
0x10c48
0x10c44
0x10c46
0x10c48
0x10c44
0x10c46
0x10c48
0x10c44
0x10c46
0x10c48
0x10c44
0x10c46
0x10c48
0x10c44
0x10c46
0x10c48
0x10c4a
0x10c4c
0x10c4e
0x10c50
0x10c52
0x3156
0x3158
0x2950
0x2952
0x2956
0x2958
0x295a
0x2944
0x2946
0x2948
0x294c
0x294e
0x286c
0x286e
0x2870
0x2872
0x2874
0x2876
0x3138
0x313a
0x313c
0x313e
0x3140
0x314c
0x314e
0x3150
0x3152
0x3154
0x10c2c
0x10c2e
0x10c30
0x10c32
0x10c34
0x10c36
0x10c38
0x10c3a
0x10c3c
0x10c3e
0x10c40
0x10c44
0x10c46
0x10c48
0x10c44
0x10c46
0x10c48
0x10c44
0x10c46
0x10c48
0x10c44
0x10c46
0x10c48
0x10c44
0x10c46
0x10c48
0x10c44
0x10c46
0x10c48
0x10c44
0x10c46
0x10c48
0x10c44
0x10c46
0x10c48
0x10c44
0x10c46
0x10c48
0x10c44
0x10c46
0x10c48
0x10c44
0x10c46
0x10c48
0x10c44
0x10c46
0x10c48
0x10c44
0x10c46
0x10c48
0x10c44
0x10c46
0x10c48
0x10c44
0x10c46
0x10c48
0x10c44
0x10c46
0x10c48
0x10c44
0x10c46
0x10c48
0x10c44
0x10c46
0x10c48
0x10c44
0x10c46
0x10c48
0x10c44
0x10c46
0x10c48
0x10c44
0x10c46
0x10c48
0x10c44
0x10c46
0x10c48
0x10c44
0x10c46
0x10c48
0x10c44
0x10c46
0x10c48
0x10c44
0x10c46
0x10c48
0x10c44
0x10c46
0x10c48
0x10c44
0x10c46
0x10c48
0x10c44
0x10c46
0x10c48
0x10c44
0x10c46
0x10c48
0x10c44
0x10c46
0x10c48
0x10c44
0x10c46
0x10c48
0x10c44
0x10c46
0x10c48
0x10c44
0x10c46
0x10c48
0x10c44
0x10c46
0x10c48
0x10c44
0x10c46
0x10c48
0x10c44
0x10c46
0x10c48
0x10c44
0x10c46
0x10c48
0x10c44
0x10c46
0x10c48
0x10c44
0x10c46
0x10c48
0x10c44
0x10c46
0x10c48
0x10c44
0x10c46
0x10c48
0x10c44
0x10c46
0x10c48
0x10c44
0x10c46
0x10c48
0x10c44
0x10c46
0x10c48
0x10c44
0x10c46
0x10c48
0x10c44
0x10c46
0x10c48
0x10c44
0x10c46
0x10c48
0x10c44
0x10c46
0x10c48
0x10c44
0x10c46
0x10c48
0x10c44
0x10c46
0x10c48
0x10c44
0x10c46
0x10c48
0x10c44
0x10c46
0x10c48
0x10c44
0x10c46
0x10c48
0x10c44
0x10c46
0x10c48
0x10c44
0x10c46
0x10c48
0x10c44
0x10c46
0x10c48
0x10c44
0x10c46
0x10c48
0x10c44
0x10c46
0x10c48
0x10c44
0x10c46
0x10c48
0x10c44
0x10c46
0x10c48
0x10c44
0x10c46
0x10c48
0x10c44
0x10c46
0x10c48
0x10c44
0x10c46
0x10c48
0x10c44
0x10c46
0x10c48
0x10c44
0x10c46
0x10c48
0x10c44
0x10c46
0x10c48
0x10c44
0x10c46
0x10c48
0x10c44
0x10c46
0x10c48
0x10c44
0x10c46
0x10c48
0x10c44
0x10c46
0x10c48
0x10c44
0x10c46
0x10c48
0x10c44
0x10c46
0x10c48
0x10c44
0x10c46
0x10c48
0x10c44
0x10c46
0x10c48
0x10c44
0x10c46
0x10c48
0x10c44
0x10c46
0x10c48
0x10c44
0x10c46
0x10c48
0x10c44
0x10c46
0x10c48
0x10c44
0x10c46
0x10c48
0x10c44
0x10c46
0x10c48
0x10c44
0x10c46
0x10c48
0x10c44
0x10c46
0x10c48
0x10c44
0x10c46
0x10c48
0x10c44
0x10c46
0x10c48
0x10c44
0x10c46
0x10c48
0x10c44
0x10c46
0x10c48
0x10c44
0x10c46
0x10c48
0x10c44
0x10c46
0x10c48
0x10c44
0x10c46
0x10c48
0x10c44
0x10c46
0x10c48
0x10c44
0x10c46
0x10c48
0x10c44
0x10c46
0x10c48
0x10c44
0x10c46
0x10c48
0x10c44
0x10c46
0x10c48
0x10c44
0x10c46
0x10c48
0x10c44
0x10c46
0x10c48
0x10c44
0x10c46
0x10c48
0x10c44
0x10c46
0x10c48
0x10c44
0x10c46
0x10c48
0x10c44
0x10c46
0x10c48
0x10c44
0x10c46
0x10c48
0x10c44
0x10c46
0x10c48
0x10c44
0x10c46
0x10c48
0x10c44
0x10c46
0x10c48
0x10c44
0x10c46
0x10c48
0x10c44
0x10c46
0x10c48
0x10c44
0x10c46
0x10c48
0x10c44
0x10c46
0x10c48
0x10c44
0x10c46
0x10c48
0x10c44
0x10c46
0x10c48
0x10c44
0x10c46
0x10c48
0x10c44
0x10c46
0x10c48
0x10c44
0x10c46
0x10c48
0x10c44
0x10c46
0x10c48
0x10c44
0x10c46
0x10c48
0x10c44
0x10c46
0x10c48
0x10c44
0x10c46
0x10c48
0x10c44
0x10c46
0x10c48
0x10c44
0x10c46
0x10c48
0x10c44
0x10c46
0x10c48
0x10c44
0x10c46
0x10c48
0x10c44
0x10c46
0x10c48
0x10c44
0x10c46
0x10c48
0x10c44
0x10c46
0x10c48
0x10c44
0x10c46
0x10c48
0x10c44
0x10c46
0x10c48
0x10c44
0x10c46
0x10c48
0x10c44
0x10c46
0x10c48
0x10c44
0x10c46
0x10c48
0x10c44
0x10c46
0x10c48
0x10c44
0x10c46
0x10c48
0x10c44
0x10c46
0x10c48
0x10c44
0x10c46
0x10c48
0x10c44
0x10c46
0x10c48
0x10c44
0x10c46
0x10c48
0x10c44
0x10c46
0x10c48
0x10c44
0x10c46
0x10c48
0x10c44
0x10c46
0x10c48
0x10c44
0x10c46
0x10c48
0x10c44
0x10c46
0x10c48
0x10c44
0x10c46
0x10c48
0x10c44
0x10c46
0x10c48
0x10c44
0x10c46
0x10c48
0x10c44
0x10c46
0x10c48
0x10c44
0x10c46
0x10c48
0x10c44
0x10c46
0x10c48
0x10c44
0x10c46
0x10c48
0x10c44
0x10c46
0x10c48
0x10c44
0x10c46
0x10c48
0x10c44
0x10c46
0x10c48
0x10c44
0x10c46
0x10c48
0x10c44
0x10c46
0x10c48
0x10c44
0x10c46
0x10c48
0x10c44
0x10c46
0x10c48
0x10c44
0x10c46
0x10c48
0x10c44
0x10c46
0x10c48
0x10c44
0x10c46
0x10c48
0x10c44
0x10c46
0x10c48
0x10c44
0x10c46
0x10c48
0x10c44
0x10c46
0x10c48
0x10c44
0x10c46
0x10c48
0x10c44
0x10c46
0x10c48
0x10c44
0x10c46
0x10c48
0x10c44
0x10c46
0x10c48
0x10c44
0x10c46
0x10c48
0x10c44
0x10c46
0x10c48
0x10c44
0x10c46
0x10c48
0x10c44
0x10c46
0x10c48
0x10c44
0x10c46
0x10c48
0x10c44
0x10c46
0x10c48
0x10c44
0x10c46
0x10c48
0x10c44
0x10c46
0x10c48
0x10c44
0x10c46
0x10c48
0x10c44
0x10c46
0x10c48
0x10c44
0x10c46
0x10c48
0x10c44
0x10c46
0x10c48
0x10c44
0x10c46
0x10c48
0x10c44
0x10c46
0x10c48
0x10c44
0x10c46
0x10c48
0x10c44
0x10c46
0x10c48
0x10c44
0x10c46
0x10c48
0x10c44
0x10c46
0x10c48
0x10c44
0x10c46
0x10c48
0x10c44
0x10c46
0x10c48
0x10c44
0x10c46
0x10c48
0x10c44
0x10c46
0x10c48
0x10c44
0x10c46
0x10c48
0x10c44
0x10c46
0x10c48
0x10c44
0x10c46
0x10c48
0x10c44
0x10c46
0x10c48
0x10c44
0x10c46
0x10c48
0x10c44
0x10c46
0x10c48
0x10c44
0x10c46
0x10c48
0x10c44
0x10c46
0x10c48
0x10c44
0x10c46
0x10c48
0x10c44
0x10c46
0x10c48
0x10c44
0x10c46
0x10c48
0x10c44
0x10c46
0x10c48
0x10c44
0x10c46
0x10c48
0x10c44
0x10c46
0x10c48
0x10c44
0x10c46
0x10c48
0x10c44
0x10c46
0x10c48
0x10c44
0x10c46
0x10c48
0x10c44
0x10c46
0x10c48
0x10c44
0x10c46
0x10c48
0x10c44
0x10c46
0x10c48
0x10c44
0x10c46
0x10c48
0x10c44
0x10c46
0x10c48
0x10c44
0x10c46
0x10c48
0x10c44
0x10c46
0x10c48
0x10c44
0x10c46
0x10c48
0x10c44
0x10c46
0x10c48
0x10c44
0x10c46
0x10c48
0x10c44
0x10c46
0x10c48
0x10c44
0x10c46
0x10c48
0x10c44
0x10c46
0x10c48
0x10c44
0x10c46
0x10c48
0x10c44
0x10c46
0x10c48
0x10c44
0x10c46
0x10c48
0x10c44
0x10c46
0x10c48
0x10c44
0x10c46
0x10c48
0x10c44
0x10c46
0x10c48
0x10c44
0x10c46
0x10c48
0x10c44
0x10c46
0x10c48
0x10c44
0x10c46
0x10c48
0x10c44
0x10c46
0x10c48
0x10c44
0x10c46
0x10c48
0x10c44
0x10c46
0x10c48
0x10c44
0x10c46
0x10c48
0x10c44
0x10c46
0x10c48
0x10c44
0x10c46
0x10c48
0x10c44
0x10c46
0x10c48
0x10c44
0x10c46
0x10c48
0x10c44
0x10c46
0x10c48
0x10c44
0x10c46
0x10c48
0x10c44
0x10c46
0x10c48
0x10c44
0x10c46
0x10c48
0x10c44
0x10c46
0x10c48
0x10c44
0x10c46
0x10c48
0x10c44
0x10c46
0x10c48
0x10c44
0x10c46
0x10c48
0x10c44
0x10c46
0x10c48
0x10c44
0x10c46
0x10c48
0x10c44
0x10c46
0x10c48
0x10c44
0x10c46
0x10c48
0x10c44
0x10c46
0x10c48
0x10c44
0x10c46
0x10c48
0x10c44
0x10c46
0x10c48
0x10c44
0x10c46
0x10c48
0x10c44
0x10c46
0x10c48
0x10c44
0x10c46
0x10c48
0x10c44
0x10c46
0x10c48
0x10c44
0x10c46
0x10c48
0x10c44
0x10c46
0x10c48
0x10c44
0x10c46
0x10c48
0x10c44
0x10c46
0x10c48
0x10c44
0x10c46
0x10c48
0x10c44
0x10c46
0x10c48
0x10c44
0x10c46
0x10c48
0x10c44
0x10c46
0x10c48
0x10c44
0x10c46
0x10c48
0x10c44
0x10c46
0x10c48
0x10c44
0x10c46
0x10c48
0x10c44
0x10c46
0x10c48
0x10c44
0x10c46
0x10c48
0x10c44
0x10c46
0x10c48
0x10c44
0x10c46
0x10c48
0x10c44
0x10c46
0x10c48
0x10c44
0x10c46
0x10c48
0x10c44
0x10c46
0x10c48
0x10c44
0x10c46
0x10c48
0x10c44
0x10c46
0x10c48
0x10c44
0x10c46
0x10c48
0x10c44
0x10c46
0x10c48
0x10c44
0x10c46
0x10c48
0x10c44
0x10c46
0x10c48
0x10c44
0x10c46
0x10c48
0x10c44
0x10c46
0x10c48
0x10c44
0x10c46
0x10c48
0x10c44
0x10c46
0x10c48
0x10c44
0x10c46
0x10c48
0x10c44
0x10c46
0x10c48
0x10c44
0x10c46
0x10c48
0x10c44
0x10c46
0x10c48
0x10c44
0x10c46
0x10c48
0x10c44
0x10c46
0x10c48
0x10c44
0x10c46
0x10c48
0x10c44
0x10c46
0x10c48
0x10c44
0x10c46
0x10c48
0x10c44
0x10c46
0x10c48
0x10c44
0x10c46
0x10c48
0x10c44
0x10c46
0x10c48
0x10c44
0x10c46
0x10c48
0x10c44
0x10c46
0x10c48
0x10c44
0x10c46
0x10c48
0x10c44
0x10c46
0x10c48
0x10c44
0x10c46
0x10c48
0x10c44
0x10c46
0x10c48
0x10c44
0x10c46
0x10c48
0x10c44
0x10c46
0x10c48
0x10c44
0x10c46
0x10c48
0x10c44
0x10c46
0x10c48
0x10c44
0x10c46
0x10c48
0x10c44
0x10c46
0x10c48
0x10c44
0x10c46
0x10c48
0x10c44
0x10c46
0x10c48
0x10c44
0x10c46
0x10c48
0x10c44
0x10c46
0x10c48
0x10c44
0x10c46
0x10c48
0x10c44
0x10c46
0x10c48
0x10c44
0x10c46
0x10c48
0x10c44
0x10c46
0x10c48
0x10c44
0x10c46
0x10c48
0x10c44
0x10c46
0x10c48
0x10c44
0x10c46
0x10c48
0x10c44
0x10c46
0x10c48
0x10c44
0x10c46
0x10c48
0x10c44
0x10c46
0x10c48
0x10c44
0x10c46
0x10c48
0x10c44
0x10c46
0x10c48
0x10c44
0x10c46
0x10c48
0x10c44
0x10c46
0x10c48
0x10c44
0x10c46
0x10c48
0x10c44
0x10c46
0x10c48
0x10c44
0x10c46
0x10c48
0x10c44
0x10c46
0x10c48
0x10c44
0x10c46
0x10c48
0x10c44
0x10c46
0x10c48
0x10c44
0x10c46
0x10c48
0x10c44
0x10c46
0x10c48
0x10c44
0x10c46
0x10c48
0x10c44
0x10c46
0x10c48
0x10c44
0x10c46
0x10c48
0x10c44
0x10c46
0x10c48
0x10c44
0x10c46
0x10c48
0x10c44
0x10c46
0x10c48
0x10c4a
0x10c4c
0x10c4e
0x10c50
0x10c52
0x3156
0x3158
0x2950
0x2952
0x2956
0x2958
0x295a
0x2944
0x2946
0x2948
0x294c
0x294e
0x286c
0x286e
0x2870
0x2872
0x2874
0x2876
0x3138
0x313a
0x313c
0x313e
0x3140
0x314c
0x314e
0x3150
0x3152
0x3154
0x10c2c
0x10c2e
0x10c30
0x10c32
0x10c34
0x10c36
0x10c38
0x10c3a
0x10c3c
0x10c3e
0x10c40
0x10c44
0x10c46
0x10c48
0x10c44
0x10c46
0x10c48
0x10c44
0x10c46
0x10c48
0x10c44
0x10c46
0x10c48
0x10c44
0x10c46
0x10c48
0x10c44
0x10c46
0x10c48
0x10c44
0x10c46
0x10c48
0x10c44
0x10c46
0x10c48
0x10c44
0x10c46
0x10c48
0x10c44
0x10c46
0x10c48
0x10c44
0x10c46
0x10c48
0x10c44
0x10c46
0x10c48
0x10c44
0x10c46
0x10c48
0x10c44
0x10c46
0x10c48
0x10c44
0x10c46
0x10c48
0x10c44
0x10c46
0x10c48
0x10c44
0x10c46
0x10c48
0x10c44
0x10c46
0x10c48
0x10c44
0x10c46
0x10c48
0x10c44
0x10c46
0x10c48
0x10c44
0x10c46
0x10c48
0x10c44
0x10c46
0x10c48
0x10c44
0x10c46
0x10c48
0x10c44
0x10c46
0x10c48
0x10c44
0x10c46
0x10c48
0x10c44
0x10c46
0x10c48
0x10c44
0x10c46
0x10c48
0x10c44
0x10c46
0x10c48
0x10c44
0x10c46
0x10c48
0x10c44
0x10c46
0x10c48
0x10c44
0x10c46
0x10c48
0x10c44
0x10c46
0x10c48
0x10c44
0x10c46
0x10c48
0x10c44
0x10c46
0x10c48
0x10c44
0x10c46
0x10c48
0x10c44
0x10c46
0x10c48
0x10c44
0x10c46
0x10c48
0x10c44
0x10c46
0x10c48
0x10c44
0x10c46
0x10c48
0x10c44
0x10c46
0x10c48
0x10c44
0x10c46
0x10c48
0x10c44
0x10c46
0x10c48
0x10c44
0x10c46
0x10c48
0x10c44
0x10c46
0x10c48
0x10c44
0x10c46
0x10c48
0x10c44
0x10c46
0x10c48
0x10c44
0x10c46
0x10c48
0x10c44
0x10c46
0x10c48
0x10c44
0x10c46
0x10c48
0x10c44
0x10c46
0x10c48
0x10c44
0x10c46
0x10c48
0x10c44
0x10c46
0x10c48
0x10c44
0x10c46
0x10c48
0x10c44
0x10c46
0x10c48
0x10c44
0x10c46
0x10c48
0x10c44
0x10c46
0x10c48
0x10c44
0x10c46
0x10c48
0x10c44
0x10c46
0x10c48
0x10c44
0x10c46
0x10c48
0x10c44
0x10c46
0x10c48
0x10c44
0x10c46
0x10c48
0x10c44
0x10c46
0x10c48
0x10c44
0x10c46
0x10c48
0x10c44
0x10c46
0x10c48
0x10c44
0x10c46
0x10c48
0x10c44
0x10c46
0x10c48
0x10c44
0x10c46
0x10c48
0x10c44
0x10c46
0x10c48
0x10c44
0x10c46
0x10c48
0x10c44
0x10c46
0x10c48
0x10c44
0x10c46
0x10c48
0x10c44
0x10c46
0x10c48
0x10c44
0x10c46
0x10c48
0x10c44
0x10c46
0x10c48
0x10c44
0x10c46
0x10c48
0x10c44
0x10c46
0x10c48
0x10c44
0x10c46
0x10c48
0x10c44
0x10c46
0x10c48
0x10c44
0x10c46
0x10c48
0x10c44
0x10c46
0x10c48
0x10c44
0x10c46
0x10c48
0x10c44
0x10c46
0x10c48
0x10c44
0x10c46
0x10c48
0x10c44
0x10c46
0x10c48
0x10c44
0x10c46
0x10c48
0x10c44
0x10c46
0x10c48
0x10c44
0x10c46
0x10c48
0x10c44
0x10c46
0x10c48
0x10c44
0x10c46
0x10c48
0x10c44
0x10c46
0x10c48
0x10c44
0x10c46
0x10c48
0x10c44
0x10c46
0x10c48
0x10c44
0x10c46
0x10c48
0x10c44
0x10c46
0x10c48
0x10c44
0x10c46
0x10c48
0x10c44
0x10c46
0x10c48
0x10c44
0x10c46
0x10c48
0x10c44
0x10c46
0x10c48
0x10c44
0x10c46
0x10c48
0x10c44
0x10c46
0x10c48
0x10c44
0x10c46
0x10c48
0x10c44
0x10c46
0x10c48
0x10c44
0x10c46
0x10c48
0x10c44
0x10c46
0x10c48
0x10c44
0x10c46
0x10c48
0x10c44
0x10c46
0x10c48
0x10c44
0x10c46
0x10c48
0x10c44
0x10c46
0x10c48
0x10c44
0x10c46
0x10c48
0x10c44
0x10c46
0x10c48
0x10c44
0x10c46
0x10c48
0x10c44
0x10c46
0x10c48
0x10c44
0x10c46
0x10c48
0x10c44
0x10c46
0x10c48
0x10c44
0x10c46
0x10c48
0x10c44
0x10c46
0x10c48
0x10c44
0x10c46
0x10c48
0x10c44
0x10c46
0x10c48
0x10c44
0x10c46
0x10c48
0x10c44
0x10c46
0x10c48
0x10c44
0x10c46
0x10c48
0x10c44
0x10c46
0x10c48
0x10c44
0x10c46
0x10c48
0x10c44
0x10c46
0x10c48
0x10c44
0x10c46
0x10c48
0x10c44
0x10c46
0x10c48
0x10c44
0x10c46
0x10c48
0x10c44
0x10c46
0x10c48
0x10c44
0x10c46
0x10c48
0x10c44
0x10c46
0x10c48
0x10c44
0x10c46
0x10c48
0x10c44
0x10c46
0x10c48
0x10c44
0x10c46
0x10c48
0x10c44
0x10c46
0x10c48
0x10c44
0x10c46
0x10c48
0x10c44
0x10c46
0x10c48
0x10c44
0x10c46
0x10c48
0x10c44
0x10c46
0x10c48
0x10c44
0x10c46
0x10c48
0x10c44
0x10c46
0x10c48
0x10c44
0x10c46
0x10c48
0x10c44
0x10c46
0x10c48
0x10c44
0x10c46
0x10c48
0x10c44
0x10c46
0x10c48
0x10c44
0x10c46
0x10c48
0x10c44
0x10c46
0x10c48
0x10c44
0x10c46
0x10c48
0x10c44
0x10c46
0x10c48
0x10c44
0x10c46
0x10c48
0x10c44
0x10c46
0x10c48
0x10c44
0x10c46
0x10c48
0x10c44
0x10c46
0x10c48
0x10c44
0x10c46
0x10c48
0x10c44
0x10c46
0x10c48
0x10c44
0x10c46
0x10c48
0x10c44
0x10c46
0x10c48
0x10c44
0x10c46
0x10c48
0x10c44
0x10c46
0x10c48
0x10c44
0x10c46
0x10c48
0x10c44
0x10c46
0x10c48
0x10c44
0x10c46
0x10c48
0x10c44
0x10c46
0x10c48
0x10c44
0x10c46
0x10c48
0x10c44
0x10c46
0x10c48
0x10c44
0x10c46
0x10c48
0x10c44
0x10c46
0x10c48
0x10c44
0x10c46
0x10c48
0x10c44
0x10c46
0x10c48
0x10c44
0x10c46
0x10c48
0x10c44
0x10c46
0x10c48
0x10c44
0x10c46
0x10c48
0x10c44
0x10c46
0x10c48
0x10c44
0x10c46
0x10c48
0x10c44
0x10c46
0x10c48
0x10c44
0x10c46
0x10c48
0x10c44
0x10c46
0x10c48
0x10c44
0x10c46
0x10c48
0x10c44
0x10c46
0x10c48
0x10c44
0x10c46
0x10c48
0x10c44
0x10c46
0x10c48
0x10c44
0x10c46
0x10c48
0x10c44
0x10c46
0x10c48
0x10c44
0x10c46
0x10c48
0x10c44
0x10c46
0x10c48
0x10c44
0x10c46
0x10c48
0x10c44
0x10c46
0x10c48
0x10c44
0x10c46
0x10c48
0x10c44
0x10c46
0x10c48
0x10c44
0x10c46
0x10c48
0x10c44
0x10c46
0x10c48
0x10c44
0x10c46
0x10c48
0x10c44
0x10c46
0x10c48
0x10c44
0x10c46
0x10c48
0x10c44
0x10c46
0x10c48
0x10c44
0x10c46
0x10c48
0x10c44
0x10c46
0x10c48
0x10c44
0x10c46
0x10c48
0x10c44
0x10c46
0x10c48
0x10c44
0x10c46
0x10c48
0x10c44
0x10c46
0x10c48
0x10c44
0x10c46
0x10c48
0x10c44
0x10c46
0x10c48
0x10c44
0x10c46
0x10c48
0x10c44
0x10c46
0x10c48
0x10c44
0x10c46
0x10c48
0x10c44
0x10c46
0x10c48
0x10c44
0x10c46
0x10c48
0x10c44
0x10c46
0x10c48
0x10c44
0x10c46
0x10c48
0x10c44
0x10c46
0x10c48
0x10c44
0x10c46
0x10c48
0x10c44
0x10c46
0x10c48
0x10c44
0x10c46
0x10c48
0x10c44
0x10c46
0x10c48
0x10c44
0x10c46
0x10c48
0x10c44
0x10c46
0x10c48
0x10c44
0x10c46
0x10c48
0x10c44
0x10c46
0x10c48
0x10c44
0x10c46
0x10c48
0x10c44
0x10c46
0x10c48
0x10c44
0x10c46
0x10c48
0x10c44
0x10c46
0x10c48
0x10c44
0x10c46
0x10c48
0x10c44
0x10c46
0x10c48
0x10c44
0x10c46
0x10c48
0x10c44
0x10c46
0x10c48
0x10c44
0x10c46
0x10c48
0x10c44
0x10c46
0x10c48
0x10c44
0x10c46
0x10c48
0x10c44
0x10c46
0x10c48
0x10c44
0x10c46
0x10c48
0x10c44
0x10c46
0x10c48
0x10c44
0x10c46
0x10c48
0x10c44
0x10c46
0x10c48
0x10c44
0x10c46
0x10c48
0x10c44
0x10c46
0x10c48
0x10c44
0x10c46
0x10c48
0x10c44
0x10c46
0x10c48
0x10c44
0x10c46
0x10c48
0x10c44
0x10c46
0x10c48
0x10c44
0x10c46
0x10c48
0x10c44
0x10c46
0x10c48
0x10c44
0x10c46
0x10c48
0x10c44
0x10c46
0x10c48
0x10c44
0x10c46
0x10c48
0x10c44
0x10c46
0x10c48
0x10c44
0x10c46
0x10c48
0x10c44
0x10c46
0x10c48
0x10c44
0x10c46
0x10c48
0x10c44
0x10c46
0x10c48
0x10c44
0x10c46
0x10c48
0x10c44
0x10c46
0x10c48
0x10c44
0x10c46
0x10c48
0x10c44
0x10c46
0x10c48
0x10c44
0x10c46
0x10c48
0x10c44
0x10c46
0x10c48
0x10c44
0x10c46
0x10c48
0x10c44
0x10c46
0x10c48
0x10c44
0x10c46
0x10c48
0x10c44
0x10c46
0x10c48
0x10c44
0x10c46
0x10c48
0x10c44
0x10c46
0x10c48
0x10c44
0x10c46
0x10c48
0x10c44
0x10c46
0x10c48
0x10c44
0x10c46
0x10c48
0x10c44
0x10c46
0x10c48
0x10c44
0x10c46
0x10c48
0x10c44
0x10c46
0x10c48
0x10c44
0x10c46
0x10c48
0x10c44
0x10c46
0x10c48
0x10c44
0x10c46
0x10c48
0x10c44
0x10c46
0x10c48
0x10c44
0x10c46
0x10c48
0x10c44
0x10c46
0x10c48
0x10c44
0x10c46
0x10c48
0x10c44
0x10c46
0x10c48
0x10c44
0x10c46
0x10c48
0x10c44
0x10c46
0x10c48
0x10c44
0x10c46
0x10c48
0x10c44
0x10c46
0x10c48
0x10c44
0x10c46
0x10c48
0x10c44
0x10c46
0x10c48
0x10c44
0x10c46
0x10c48
0x10c44
0x10c46
0x10c48
0x10c44
0x10c46
0x10c48
0x10c44
0x10c46
0x10c48
0x10c44
0x10c46
0x10c48
0x10c44
0x10c46
0x10c48
0x10c44
0x10c46
0x10c48
0x10c44
0x10c46
0x10c48
0x10c44
0x10c46
0x10c48
0x10c44
0x10c46
0x10c48
0x10c44
0x10c46
0x10c48
0x10c44
0x10c46
0x10c48
0x10c44
0x10c46
0x10c48
0x10c44
0x10c46
0x10c48
0x10c44
0x10c46
0x10c48
0x10c44
0x10c46
0x10c48
0x10c44
0x10c46
0x10c48
0x10c44
0x10c46
0x10c48
0x10c44
0x10c46
0x10c48
0x10c44
0x10c46
0x10c48
0x10c44
0x10c46
0x10c48
0x10c44
0x10c46
0x10c48
0x10c44
0x10c46
0x10c48
0x10c44
0x10c46
0x10c48
0x10c44
0x10c46
0x10c48
0x10c44
0x10c46
0x10c48
0x10c44
0x10c46
0x10c48
0x10c44
0x10c46
0x10c48
0x10c44
0x10c46
0x10c48
0x10c44
0x10c46
0x10c48
0x10c44
0x10c46
0x10c48
0x10c44
0x10c46
0x10c48
0x10c44
0x10c46
0x10c48
0x10c44
0x10c46
0x10c48
0x10c44
0x10c46
0x10c48
0x10c44
0x10c46
0x10c48
0x10c44
0x10c46
0x10c48
0x10c44
0x10c46
0x10c48
0x10c44
0x10c46
0x10c48
0x10c44
0x10c46
0x10c48
0x10c44
0x10c46
0x10c48
0x10c44
0x10c46
0x10c48
0x10c44
0x10c46
0x10c48
0x10c44
0x10c46
0x10c48
0x10c44
0x10c46
0x10c48
0x10c44
0x10c46
0x10c48
0x10c44
0x10c46
0x10c48
0x10c44
0x10c46
0x10c48
0x10c44
0x10c46
0x10c48
0x10c44
0x10c46
0x10c48
0x10c44
0x10c46
0x10c48
0x10c44
0x10c46
0x10c48
0x10c44
0x10c46
0x10c48
0x10c44
0x10c46
0x10c48
0x10c4a
0x10c4c
0x10c4e
0x10c50
0x10c52
0x3156
0x3158
0x2950
0x2952
0x2956
0x2958
0x295a
0x2944
0x2946
0x2948
0x294c
0x294e
0x286c
0x286e
0x2870
0x2872
0x2874
0x2876
0x3138
0x313a
0x313c
0x313e
0x3140
0x314c
0x314e
0x3150
0x3152
0x3154
0x10c2c
0x10c2e
0x10c30
0x10c32
0x10c34
0x10c36
0x10c38
0x10c3a
0x10c3c
0x10c3e
0x10c40
0x10c44
0x10c46
0x10c48
0x10c44
0x10c46
0x10c48
0x10c44
0x10c46
0x10c48
0x10c44
0x10c46
0x10c48
0x10c44
0x10c46
0x10c48
0x10c44
0x10c46
0x10c48
0x10c44
0x10c46
0x10c48
0x10c44
0x10c46
0x10c48
0x10c44
0x10c46
0x10c48
0x10c44
0x10c46
0x10c48
0x10c44
0x10c46
0x10c48
0x10c44
0x10c46
0x10c48
0x10c44
0x10c46
0x10c48
0x10c44
0x10c46
0x10c48
0x10c44
0x10c46
0x10c48
0x10c44
0x10c46
0x10c48
0x10c44
0x10c46
0x10c48
0x10c44
0x10c46
0x10c48
0x10c44
0x10c46
0x10c48
0x10c44
0x10c46
0x10c48
0x10c44
0x10c46
0x10c48
0x10c44
0x10c46
0x10c48
0x10c44
0x10c46
0x10c48
0x10c44
0x10c46
0x10c48
0x10c44
0x10c46
0x10c48
0x10c44
0x10c46
0x10c48
0x10c44
0x10c46
0x10c48
0x10c44
0x10c46
0x10c48
0x10c44
0x10c46
0x10c48
0x10c44
0x10c46
0x10c48
0x10c44
0x10c46
0x10c48
0x10c44
0x10c46
0x10c48
0x10c44
0x10c46
0x10c48
0x10c44
0x10c46
0x10c48
0x10c44
0x10c46
0x10c48
0x10c44
0x10c46
0x10c48
0x10c44
0x10c46
0x10c48
0x10c44
0x10c46
0x10c48
0x10c44
0x10c46
0x10c48
0x10c44
0x10c46
0x10c48
0x10c44
0x10c46
0x10c48
0x10c44
0x10c46
0x10c48
0x10c44
0x10c46
0x10c48
0x10c44
0x10c46
0x10c48
0x10c44
0x10c46
0x10c48
0x10c44
0x10c46
0x10c48
0x10c44
0x10c46
0x10c48
0x10c44
0x10c46
0x10c48
0x10c44
0x10c46
0x10c48
0x10c44
0x10c46
0x10c48
0x10c44
0x10c46
0x10c48
0x10c44
0x10c46
0x10c48
0x10c44
0x10c46
0x10c48
0x10c44
0x10c46
0x10c48
0x10c44
0x10c46
0x10c48
0x10c44
0x10c46
0x10c48
0x10c44
0x10c46
0x10c48
0x10c44
0x10c46
0x10c48
0x10c44
0x10c46
0x10c48
0x10c44
0x10c46
0x10c48
0x10c44
0x10c46
0x10c48
0x10c44
0x10c46
0x10c48
0x10c44
0x10c46
0x10c48
0x10c44
0x10c46
0x10c48
0x10c44
0x10c46
0x10c48
0x10c44
0x10c46
0x10c48
0x10c44
0x10c46
0x10c48
0x10c44
0x10c46
0x10c48
0x10c44
0x10c46
0x10c48
0x10c44
0x10c46
0x10c48
0x10c44
0x10c46
0x10c48
0x10c44
0x10c46
0x10c48
0x10c44
0x10c46
0x10c48
0x10c44
0x10c46
0x10c48
0x10c44
0x10c46
0x10c48
0x10c44
0x10c46
0x10c48
0x10c44
0x10c46
0x10c48
0x10c44
0x10c46
0x10c48
0x10c44
0x10c46
0x10c48
0x10c44
0x10c46
0x10c48
0x10c44
0x10c46
0x10c48
0x10c44
0x10c46
0x10c48
0x10c44
0x10c46
0x10c48
0x10c44
0x10c46
0x10c48
0x10c44
0x10c46
0x10c48
0x10c44
0x10c46
0x10c48
0x10c44
0x10c46
0x10c48
0x10c44
0x10c46
0x10c48
0x10c44
0x10c46
0x10c48
0x10c44
0x10c46
0x10c48
0x10c44
0x10c46
0x10c48
0x10c44
0x10c46
0x10c48
0x10c44
0x10c46
0x10c48
0x10c44
0x10c46
0x10c48
0x10c44
0x10c46
0x10c48
0x10c44
0x10c46
0x10c48
0x10c44
0x10c46
0x10c48
0x10c44
0x10c46
0x10c48
0x10c44
0x10c46
0x10c48
0x10c44
0x10c46
0x10c48
0x10c44
0x10c46
0x10c48
0x10c44
0x10c46
0x10c48
0x10c44
0x10c46
0x10c48
0x10c44
0x10c46
0x10c48
0x10c44
0x10c46
0x10c48
0x10c44
0x10c46
0x10c48
0x10c44
0x10c46
0x10c48
0x10c44
0x10c46
0x10c48
0x10c44
0x10c46
0x10c48
0x10c44
0x10c46
0x10c48
0x10c44
0x10c46
0x10c48
0x10c44
0x10c46
0x10c48
0x10c44
0x10c46
0x10c48
0x10c44
0x10c46
0x10c48
0x10c44
0x10c46
0x10c48
0x10c44
0x10c46
0x10c48
0x10c44
0x10c46
0x10c48
0x10c44
0x10c46
0x10c48
0x10c44
0x10c46
0x10c48
0x10c44
0x10c46
0x10c48
0x10c44
0x10c46
0x10c48
0x10c44
0x10c46
0x10c48
0x10c44
0x10c46
0x10c48
0x10c44
0x10c46
0x10c48
0x10c44
0x10c46
0x10c48
0x10c44
0x10c46
0x10c48
0x10c44
0x10c46
0x10c48
0x10c44
0x10c46
0x10c48
0x10c44
0x10c46
0x10c48
0x10c44
0x10c46
0x10c48
0x10c44
0x10c46
0x10c48
0x10c44
0x10c46
0x10c48
0x10c44
0x10c46
0x10c48
0x10c44
0x10c46
0x10c48
0x10c44
0x10c46
0x10c48
0x10c44
0x10c46
0x10c48
0x10c44
0x10c46
0x10c48
0x10c44
0x10c46
0x10c48
0x10c44
0x10c46
0x10c48
0x10c44
0x10c46
0x10c48
0x10c44
0x10c46
0x10c48
0x10c44
0x10c46
0x10c48
0x10c44
0x10c46
0x10c48
0x10c44
0x10c46
0x10c48
0x10c44
0x10c46
0x10c48
0x10c44
0x10c46
0x10c48
0x10c44
0x10c46
0x10c48
0x10c44
0x10c46
0x10c48
0x10c44
0x10c46
0x10c48
0x10c44
0x10c46
0x10c48
0x10c44
0x10c46
0x10c48
0x10c44
0x10c46
0x10c48
0x10c44
0x10c46
0x10c48
0x10c44
0x10c46
0x10c48
0x10c44
0x10c46
0x10c48
0x10c44
0x10c46
0x10c48
0x10c44
0x10c46
0x10c48
0x10c44
0x10c46
0x10c48
0x10c44
0x10c46
0x10c48
0x10c44
0x10c46
0x10c48
0x10c44
0x10c46
0x10c48
0x10c44
0x10c46
0x10c48
0x10c44
0x10c46
0x10c48
0x10c44
0x10c46
0x10c48
0x10c44
0x10c46
0x10c48
0x10c44
0x10c46
0x10c48
0x10c44
0x10c46
0x10c48
0x10c44
0x10c46
0x10c48
0x10c44
0x10c46
0x10c48
0x10c44
0x10c46
0x10c48
0x10c44
0x10c46
0x10c48
0x10c44
0x10c46
0x10c48
0x10c44
0x10c46
0x10c48
0x10c44
0x10c46
0x10c48
0x10c44
0x10c46
0x10c48
0x10c44
0x10c46
0x10c48
0x10c44
0x10c46
0x10c48
0x10c44
0x10c46
0x10c48
0x10c44
0x10c46
0x10c48
0x10c44
0x10c46
0x10c48
0x10c44
0x10c46
0x10c48
0x10c44
0x10c46
0x10c48
0x10c44
0x10c46
0x10c48
0x10c44
0x10c46
0x10c48
0x10c44
0x10c46
0x10c48
0x10c44
0x10c46
0x10c48
0x10c44
0x10c46
0x10c48
0x10c44
0x10c46
0x10c48
0x10c44
0x10c46
0x10c48
0x10c44
0x10c46
0x10c48
0x10c44
0x10c46
0x10c48
0x10c44
0x10c46
0x10c48
0x10c44
0x10c46
0x10c48
0x10c44
0x10c46
0x10c48
0x10c44
0x10c46
0x10c48
0x10c44
0x10c46
0x10c48
0x10c44
0x10c46
0x10c48
0x10c44
0x10c46
0x10c48
0x10c44
0x10c46
0x10c48
0x10c44
0x10c46
0x10c48
0x10c44
0x10c46
0x10c48
0x10c44
0x10c46
0x10c48
0x10c44
0x10c46
0x10c48
0x10c44
0x10c46
0x10c48
0x10c44
0x10c46
0x10c48
0x10c44
0x10c46
0x10c48
0x10c44
0x10c46
0x10c48
0x10c44
0x10c46
0x10c48
0x10c44
0x10c46
0x10c48
0x10c44
0x10c46
0x10c48
0x10c44
0x10c46
0x10c48
0x10c44
0x10c46
0x10c48
0x10c44
0x10c46
0x10c48
0x10c44
0x10c46
0x10c48
0x10c44
0x10c46
0x10c48
0x10c44
0x10c46
0x10c48
0x10c44
0x10c46
0x10c48
0x10c44
0x10c46
0x10c48
0x10c44
0x10c46
0x10c48
0x10c44
0x10c46
0x10c48
0x10c44
0x10c46
0x10c48
0x10c44
0x10c46
0x10c48
0x10c44
0x10c46
0x10c48
0x10c44
0x10c46
0x10c48
0x10c44
0x10c46
0x10c48
0x10c44
0x10c46
0x10c48
0x10c44
0x10c46
0x10c48
0x10c44
0x10c46
0x10c48
0x10c44
0x10c46
0x10c48
0x10c44
0x10c46
0x10c48
0x10c44
0x10c46
0x10c48
0x10c44
0x10c46
0x10c48
0x10c44
0x10c46
0x10c48
0x10c44
0x10c46
0x10c48
0x10c44
0x10c46
0x10c48
0x10c44
0x10c46
0x10c48
0x10c44
0x10c46
0x10c48
0x10c44
0x10c46
0x10c48
0x10c44
0x10c46
0x10c48
0x10c44
0x10c46
0x10c48
0x10c44
0x10c46
0x10c48
0x10c44
0x10c46
0x10c48
0x10c44
0x10c46
0x10c48
0x10c44
0x10c46
0x10c48
0x10c44
0x10c46
0x10c48
0x10c44
0x10c46
0x10c48
0x10c44
0x10c46
0x10c48
0x10c44
0x10c46
0x10c48
0x10c44
0x10c46
0x10c48
0x10c44
0x10c46
0x10c48
0x10c44
0x10c46
0x10c48
0x10c44
0x10c46
0x10c48
0x10c44
0x10c46
0x10c48
0x10c44
0x10c46
0x10c48
0x10c44
0x10c46
0x10c48
0x10c44
0x10c46
0x10c48
0x10c44
0x10c46
0x10c48
0x10c44
0x10c46
0x10c48
0x10c44
0x10c46
0x10c48
0x10c44
0x10c46
0x10c48
0x10c44
0x10c46
0x10c48
0x10c44
0x10c46
0x10c48
0x10c44
0x10c46
0x10c48
0x10c44
0x10c46
0x10c48
0x10c44
0x10c46
0x10c48
0x10c44
0x10c46
0x10c48
0x10c44
0x10c46
0x10c48
0x10c44
0x10c46
0x10c48
0x10c44
0x10c46
0x10c48
0x10c44
0x10c46
0x10c48
0x10c44
0x10c46
0x10c48
0x10c44
0x10c46
0x10c48
0x10c44
0x10c46
0x10c48
0x10c44
0x10c46
0x10c48
0x10c44
0x10c46
0x10c48
0x10c44
0x10c46
0x10c48
0x10c44
0x10c46
0x10c48
0x10c44
0x10c46
0x10c48
0x10c44
0x10c46
0x10c48
0x10c44
0x10c46
0x10c48
0x10c44
0x10c46
0x10c48
0x10c44
0x10c46
0x10c48
0x10c44
0x10c46
0x10c48
0x10c44
0x10c46
0x10c48
0x10c44
0x10c46
0x10c48
0x10c44
0x10c46
0x10c48
0x10c44
0x10c46
0x10c48
0x10c44
0x10c46
0x10c48
0x10c44
0x10c46
0x10c48
0x10c44
0x10c46
0x10c48
0x10c44
0x10c46
0x10c48
0x10c44
0x10c46
0x10c48
0x10c44
0x10c46
0x10c48
0x10c44
0x10c46
0x10c48
0x10c44
0x10c46
0x10c48
0x10c44
0x10c46
0x10c48
0x10c44
0x10c46
0x10c48
0x10c44
0x10c46
0x10c48
0x10c44
0x10c46
0x10c48
0x10c44
0x10c46
0x10c48
0x10c44
0x10c46
0x10c48
0x10c44
0x10c46
0x10c48
0x10c44
0x10c46
0x10c48
0x10c44
0x10c46
0x10c48
0x10c44
0x10c46
0x10c48
0x10c44
0x10c46
0x10c48
0x10c44
0x10c46
0x10c48
0x10c44
0x10c46
0x10c48
0x10c44
0x10c46
0x10c48
0x10c44
0x10c46
0x10c48
0x10c44
0x10c46
0x10c48
0x10c44
0x10c46
0x10c48
0x10c44
0x10c46
0x10c48
0x10c44
0x10c46
0x10c48
0x10c44
0x10c46
0x10c48
0x10c44
0x10c46
0x10c48
0x10c44
0x10c46
0x10c48
0x10c44
0x10c46
0x10c48
0x10c44
0x10c46
0x10c48
0x10c44
0x10c46
0x10c48
0x10c44
0x10c46
0x10c48
0x10c44
0x10c46
0x10c48
0x10c44
0x10c46
0x10c48
0x10c44
0x10c46
0x10c48
0x10c44
0x10c46
0x10c48
0x10c44
0x10c46
0x10c48
0x10c44
0x10c46
0x10c48
0x10c44
0x10c46
0x10c48
0x10c44
0x10c46
0x10c48
0x10c44
0x10c46
0x10c48
0x10c44
0x10c46
0x10c48
0x10c44
0x10c46
0x10c48
0x10c44
0x10c46
0x10c48
0x10c44
0x10c46
0x10c48
0x10c44
0x10c46
0x10c48
0x10c44
0x10c46
0x10c48
0x10c4a
0x10c4c
0x10c4e
0x10c50
0x10c52
0x3156
0x3158
0x2950
0x2952
0x2956
0x2958
0x295a
0x2944
0x2946
0x2948
0x294c
0x294e
0x286c
0x286e
0x2870
0x2872
0x2874
0x2876
0x3138
0x313a
0x313c
0x313e
0x3140
0x314c
0x314e
0x3150
0x3152
0x3154
0x10c2c
0x10c2e
0x10c30
0x10c32
0x10c34
0x10c36
0x10c38
0x10c3a
0x10c3c
0x10c3e
0x10c40
0x10c44
0x10c46
0x10c48
0x10c44
0x10c46
0x10c48
0x10c44
0x10c46
0x10c48
0x10c44
0x10c46
0x10c48
0x10c44
0x10c46
0x10c48
0x10c44
0x10c46
0x10c48
0x10c44
0x10c46
0x10c48
0x10c44
0x10c46
0x10c48
0x10c44
0x10c46
0x10c48
0x10c44
0x10c46
0x10c48
0x10c44
0x10c46
0x10c48
0x10c44
0x10c46
0x10c48
0x10c44
0x10c46
0x10c48
0x10c44
0x10c46
0x10c48
0x10c44
0x10c46
0x10c48
0x10c44
0x10c46
0x10c48
0x10c44
0x10c46
0x10c48
0x10c44
0x10c46
0x10c48
0x10c44
0x10c46
0x10c48
0x10c44
0x10c46
0x10c48
0x10c44
0x10c46
0x10c48
0x10c44
0x10c46
0x10c48
0x10c44
0x10c46
0x10c48
0x10c44
0x10c46
0x10c48
0x10c44
0x10c46
0x10c48
0x10c44
0x10c46
0x10c48
0x10c44
0x10c46
0x10c48
0x10c44
0x10c46
0x10c48
0x10c44
0x10c46
0x10c48
0x10c44
0x10c46
0x10c48
0x10c44
0x10c46
0x10c48
0x10c44
0x10c46
0x10c48
0x10c44
0x10c46
0x10c48
0x10c44
0x10c46
0x10c48
0x10c44
0x10c46
0x10c48
0x10c44
0x10c46
0x10c48
0x10c44
0x10c46
0x10c48
0x10c44
0x10c46
0x10c48
0x10c44
0x10c46
0x10c48
0x10c44
0x10c46
0x10c48
0x10c44
0x10c46
0x10c48
0x10c44
0x10c46
0x10c48
0x10c44
0x10c46
0x10c48
0x10c44
0x10c46
0x10c48
0x10c44
0x10c46
0x10c48
0x10c44
0x10c46
0x10c48
0x10c44
0x10c46
0x10c48
0x10c44
0x10c46
0x10c48
0x10c44
0x10c46
0x10c48
0x10c44
0x10c46
0x10c48
0x10c44
0x10c46
0x10c48
0x10c44
0x10c46
0x10c48
0x10c44
0x10c46
0x10c48
0x10c44
0x10c46
0x10c48
0x10c44
0x10c46
0x10c48
0x10c44
0x10c46
0x10c48
0x10c44
0x10c46
0x10c48
0x10c44
0x10c46
0x10c48
0x10c44
0x10c46
0x10c48
0x10c44
0x10c46
0x10c48
0x10c44
0x10c46
0x10c48
0x10c44
0x10c46
0x10c48
0x10c44
0x10c46
0x10c48
0x10c44
0x10c46
0x10c48
0x10c44
0x10c46
0x10c48
0x10c44
0x10c46
0x10c48
0x10c44
0x10c46
0x10c48
0x10c44
0x10c46
0x10c48
0x10c44
0x10c46
0x10c48
0x10c44
0x10c46
0x10c48
0x10c44
0x10c46
0x10c48
0x10c44
0x10c46
0x10c48
0x10c44
0x10c46
0x10c48
0x10c44
0x10c46
0x10c48
0x10c44
0x10c46
0x10c48
0x10c44
0x10c46
0x10c48
0x10c44
0x10c46
0x10c48
0x10c44
0x10c46
0x10c48
0x10c44
0x10c46
0x10c48
0x10c44
0x10c46
0x10c48
0x10c44
0x10c46
0x10c48
0x10c44
0x10c46
0x10c48
0x10c44
0x10c46
0x10c48
0x10c44
0x10c46
0x10c48
0x10c44
0x10c46
0x10c48
0x10c44
0x10c46
0x10c48
0x10c44
0x10c46
0x10c48
0x10c44
0x10c46
0x10c48
0x10c44
0x10c46
0x10c48
0x10c44
0x10c46
0x10c48
0x10c44
0x10c46
0x10c48
0x10c44
0x10c46
0x10c48
0x10c44
0x10c46
0x10c48
0x10c44
0x10c46
0x10c48
0x10c44
0x10c46
0x10c48
0x10c44
0x10c46
0x10c48
0x10c44
0x10c46
0x10c48
0x10c44
0x10c46
0x10c48
0x10c44
0x10c46
0x10c48
0x10c44
0x10c46
0x10c48
0x10c44
0x10c46
0x10c48
0x10c44
0x10c46
0x10c48
0x10c44
0x10c46
0x10c48
0x10c44
0x10c46
0x10c48
0x10c44
0x10c46
0x10c48
0x10c44
0x10c46
0x10c48
0x10c44
0x10c46
0x10c48
0x10c44
0x10c46
0x10c48
0x10c44
0x10c46
0x10c48
0x10c44
0x10c46
0x10c48
0x10c44
0x10c46
0x10c48
0x10c44
0x10c46
0x10c48
0x10c44
0x10c46
0x10c48
0x10c44
0x10c46
0x10c48
0x10c44
0x10c46
0x10c48
0x10c44
0x10c46
0x10c48
0x10c44
0x10c46
0x10c48
0x10c44
0x10c46
0x10c48
0x10c44
0x10c46
0x10c48
0x10c44
0x10c46
0x10c48
0x10c44
0x10c46
0x10c48
0x10c44
0x10c46
0x10c48
0x364c
0x364e
0x3650
0x3652
0x3654
0x3656
0x3658
0x365a
0x365c
0x3660
0x3662
0x3666
0x366a
0x366e
0x3670
0x3672
0x3674
0xe550
0xe552
0xe554
0xe558
0xe56a
0xe56c
0xe570
0x7ed4
0x7ed6
0x7ed8
0x7edc
0x7ede
0x7ee0
0x7ee2
0x7ee6
0x7eea
0x7eee
0x7ef0
0x7ef2
0x7ef4
0x7ef6
0x7ef8
0x10484
0x10486
0x10488
0x1048a
0x1048c
0x1048e
0x104b2
0x104b4
0x104b6
0x104b8
0x104ba
0x104bc
0x104be
0x104c0
0x70d8
0x70da
0x70dc
0x70de
0x70e0
0x70e2
0x70e4
0x70e6
0x70e8
0x70ec
0x70fa
0x70fc
0x70fe
0x7102
0x7104
0x7108
0x710a
0x710c
0x710e
0x7110
0x7112
0x7114
0x7116
0x6ff0
0x6ff2
0x6ff4
0x6ff6
0x6ff8
0x6ffa
0x6ffc
0x6ffe
0x711a
0x711c
0x711e
0x7120
0x7122
0x7124
0x10450
0x10452
0x1045c
0x1045e
0x10462
0x10466
0x7128
0x712a
0xe574
0xe55a
0xe55c
0x7180
0x7182
0x7184
0x7186
0x718a
0x718e
0x7190
0x7194
0x7196
0x7198
0x719c
0x719e
0x71a2
0x71a6
0x71a8
0x71ac
0x71ae
0x71b2
0x71b4
0x71b6
0x71b8
0x71bc
0x71be
0x71c0
0x7000
0x7002
0x700c
0x700e
0x71c4
0x71c8
0x71ca
0x71cc
0x7238
0x723c
0x7240
0x7242
0x724c
0x7250
0x7254
0x7256
0x7260
0x7264
0x7268
0x726c
0x7270
0x71b6
0x71b8
0x71bc
0x71be
0x71c0
0x7000
0x7002
0x700c
0x700e
0x71c4
0x71c8
0x71ca
0x71cc
0x7238
0x723c
0x7240
0x7242
0x724c
0x7250
0x7254
0x7256
0x7260
0x7264
0x7268
0x726c
0x7270
0x71b6
0x71b8
0x71bc
0x71be
0x71c0
0x7000
0x7002
0x7004
0x7006
0x7008
0x700a
0x71c4
0x71c8
0x71ca
0x71cc
0x71ce
0x71d0
0x71d2
0x71d4
0x71d6
0x71da
0x71dc
0x71de
0x71e0
0x71e2
0x71e6
0x7738
0x773c
0x7740
0x7742
0x7744
0x7746
0x774a
0x774c
0x774e
0x7750
0x7752
0x7754
0xf938
0xf93a
0xf93e
0x7758
0x775a
0x775c
0x7760
0x7762
0x7766
0x7768
0x776a
0x776c
0x7770
0x7774
0x7776
0x7778
0x777c
0x777e
0x7780
0x7782
0x7786
0x7788
0x778a
0x778c
0x778e
0x7792
0x7794
0x7798
0x779a
0x779e
0x77a0
0x77a4
0x77a6
0x77a8
0x77aa
0x77ac
0x77ae
0x77b2
0xd744
0xd748
0xd74a
0xd74c
0xd74e
0xd750
0xd752
0xd754
0x960
0x964
0x966
0x96a
0x96e
0x970
0x972
0x974
0x976
0x996
0x99a
0x99e
0x9a0
0x9a4
0x9a8
0x9aa
0x1024
0x1028
0x102c
0x102e
0x1032
0x1036
0x103a
0x103c
0x15cc
0x15d0
0x15d4
0x15d6
0x14f8
0x14fc
0x1500
0x1502
0x1bb4
0x1bb8
0x1bbc
0x1bbe
0x982
0x986
0x98a
0x98c
0x98e
0x990
0x992
0xd758
0xd75e
0xd760
0xd762
0xd764
0xd766
0xd768
0xd76c
0xd76e
0xd770
0xd772
0xd774
0xd776
0xd77a
0xd77e
0xd780
0x70d8
0x70da
0x70dc
0x70de
0x70e0
0x712c
0x10414
0x10416
0x10418
0x10426
0x10428
0x1042a
0x10444
0x7130
0x7132
0x7134
0x7136
0x7138
0x103fc
0x1040a
0x1040c
0x34f0
0x34f2
0x34f4
0x34f8
0x34fc
0x34fe
0x3502
0x3504
0x713c
0x713e
0x7140
0x7144
0x7146
0x7148
0x714a
0x714e
0x7152
0x7154
0x7156
0x7158
0x715a
0x715c
0x715e
0x7160
0x7162
0x716a
0x716e
0xf8b4
0xf8b6
0xf8b8
0xf8ba
0xe8f8
0xe8fa
0xe8fc
0xe8fe
0xe900
0xe902
0x12e38
0x12e3a
0x12d4c
0x12d50
0x12d52
0x12d56
0x12d58
0x12d5a
0x12d5c
0x12d72
0x12d76
0x12d7a
0x12d7e
0x12d82
0x12d84
0x12d86
0x12d8a
0x12d8c
0x12d8e
0x12d90
0x12d92
0x12d96
0x12d9a
0x12df6
0x12df8
0x12dfa
0x12dfc
0x12dfe
0x12e00
0x12e02
0x12e04
0x12e08
0x12e0a
0x12e0c
0x12e10
0x12e12
0x12e14
0x12e34
0xf8be
0xf8c0
0xf8c2
0xf8c4
0xf8c6
0xf8c8
0xe7fc
0xe7fe
0xe800
0xe802
0xe804
0xe806
0xe808
0xe584
0xe588
0xe58a
0xe58c
0xe58e
0xe592
0xe596
0xe59a
0xe59e
0xe5a0
0xe5a2
0xe5a4
0xa40c
0xa40e
0xa410
0xa412
0xa414
0xa416
0xa418
0xa41a
0xa41c
0xa41e
0xa420
0xa422
0xa43a
0xa43c
0xa436
0xa438
0xe5a8
0xe5aa
0xe5e8
0xe5ea
0xe5ec
0xe64a
0xe64e
0xe650
0xe654
0xe656
0xf710
0xf714
0xf716
0xf718
0xf71c
0xf71e
0xf720
0xf722
0xf724
0xf728
0xf72a
0xf72e
0xf730
0xf732
0xf734
0xf736
0xf738
0xf73a
0xf73c
0xf73e
0xf740
0xf742
0xf744
0xf746
0xf748
0xf1d8
0xf1da
0xf1dc
0xf1de
0xf1e0
0xf1e2
0xf1e4
0xf1e6
0xf1e8
0xf1ea
0xf1ec
0xf1ee
0xf74c
0xf750
0xf752
0xf754
0xf756
0xf758
0xf75a
0xf75e
0xf87a
0xf87e
0xf882
0xf884
0xf886
0xf88a
0xa4c8
0xa4ca
0xa4cc
0xa4ce
0xa4d0
0xa4d4
0xa4d6
0xa4da
0xa4dc
0xa4de
0xa4e2
0xa4e6
0xa4e8
0xa4ea
0xa4ec
0xa4ee
0xa4f0
0xa4f4
0xa4f8
0xa4fa
0xa4fe
