[State 3] Inst Executing 0xed4c
[State 3] Inst Executing 0xed50
[State 3] Inst Executing 0xed52
[State 3] Inst Executing 0xed54
[State 3] Inst Executing 0xfebc
[State 3] Inst Executing 0xfebe
[State 3] Inst Executing 0xfebe
[State 3] Inst Executing 0xfec2
[State 3] Inst Executing 0xfec4
[State 3] Inst Executing 0xfec6
[State 3] Inst Executing 0xfec8
[State 3] Inst Executing 0xed58
[State 3] Inst Executing 0xed5c
[State 3] Inst Executing 0xed84
[State 3] Inst Executing 0xfefc
[State 3] Inst Executing 0xfefe
[State 3] Inst Executing 0xfefe
[State 3] Inst Executing 0xff02
[State 3] Inst Executing 0xff04
[State 3] Inst Executing 0xff06
[State 3] Inst Executing 0xff08
[State 3] Inst Executing 0xed88
[State 3] Inst Executing 0xed8a
[State 3] Inst Executing 0xfff0
[State 3] Inst Executing 0xfff2
[State 3] Inst Executing 0xfff2
[State 3] Inst Executing 0xfff6
[State 3] Inst Executing 0xfff8
[State 3] Inst Executing 0xfffa
[State 3] Inst Executing 0xfffc
[State 3] Inst Executing 0xed8e
[State 3] Inst Executing 0xed90
[State 3] Inst Executing 0x10004
[State 3] Inst Executing 0x10006
[State 3] Inst Executing 0x1000a
[State 3] Inst Executing 0xed94
[State 3] Inst Executing 0x103c8
[State 3] Inst Executing 0x103ca
[State 3] Inst Executing 0x103ce
[State 3] Inst Executing 0x103ea
[State 3] Inst Executing 0xed98
[State 3] Inst Executing 0xed9a
[State 3] Inst Executing 0x103a4
[State 3] Inst Executing 0x103a6
[State 3] Inst Executing 0x103aa
[State 3] Inst Executing 0xed9e
[State 3] Inst Executing 0xeda0
[State 3] Inst Executing 0xff80
[State 3] Inst Executing 0xff82
[State 3] Inst Executing 0xff86
[State 3] Inst Executing 0xff88
[State 3] Inst Executing 0xff8a
[State 3] Inst Executing 0xff8c
[State 3] Inst Executing 0xeda4
[State 3] Inst Executing 0xfea4
[State 3] Inst Executing 0xfea6
[State 3] Inst Executing 0xfea8
[State 3] Inst Executing 0xfeac
[State 3] Inst Executing 0xfeb0
[State 3] Inst Executing 0xfeb4
[State 3] Inst Executing 0xeda8
[State 3] Inst Executing 0x10010
[State 3] Inst Executing 0x10012
[State 3] Inst Executing 0x10014
[State 3] Inst Executing 0x10016
[State 3] Inst Executing 0x1001a
[State 3] Inst Executing 0x1001e
[State 3] Inst Executing 0x10022
[State 3] Inst Executing 0xedac
[State 3] Inst Executing 0xffe0
[State 3] Inst Executing 0xffe2
[State 3] Inst Executing 0xffe4
[State 3] Inst Executing 0xffe8
[State 3] Inst Executing 0xedb0
[State 3] Inst Executing 0x103b0
[State 3] Inst Executing 0x103b2
[State 3] Inst Executing 0x103b4
[State 3] Inst Executing 0x103b6
[State 3] Inst Executing 0x103ba
[State 3] Inst Executing 0x103be
[State 3] Inst Executing 0xedb4
[State 3] Inst Executing 0xff70
[State 3] Inst Executing 0xff72
[State 3] Inst Executing 0xff74
[State 3] Inst Executing 0xff78
[State 3] Inst Executing 0xedb8
[State 3] Inst Executing 0xedbc
[State 3] Inst Executing 0xedbe
[State 3] Inst Executing 0xedc2
[State 3] Inst Executing 0xedc6
[State 3] Inst Executing 0xedc8
[State 3] Inst Executing 0xedcc
[State 3] Inst Executing 0xff18
[State 3] Inst Executing 0xff1a
[State 3] Inst Executing 0xedd0
[State 3] Inst Executing 0xedd2
[State 3] Inst Executing 0xedd4
[State 3] Inst Executing 0xedd6
[State 3] Inst Executing 0xedd8
[State 3] Inst Executing 0xedda
[State 3] Inst Executing 0xedde
[State 3] Inst Executing 0xede2
[State 3] Inst Executing 0xede4
[State 3] Inst Executing 0xede6
[State 3] Inst Executing 0xedea
[State 3] Inst Executing 0xedee
[State 3] Inst Executing 0xedf0
[State 3] Inst Executing 0xedf2
[State 3] Inst Executing 0xedf6
[State 3] Inst Executing 0xedf8
[State 3] Inst Executing 0xedfa
[State 3] Inst Executing 0xedfc
[State 3] Inst Executing 0xee00
[State 3] Inst Executing 0xee02
[State 3] Inst Executing 0xee06
[State 3] Inst Executing 0xee08
[State 3] Inst Executing 0xee0a
[State 3] Inst Executing 0xeed6
[State 3] Inst Executing 0xeeda
[State 3] Inst Executing 0xeede
[State 3] Inst Executing 0xeee2
[State 3] Inst Executing 0xe4a0
[State 3] Inst Executing 0xe4a2
[State 3] Inst Executing 0xe4a4
[State 3] Inst Executing 0xe4e6
[State 3] Inst Executing 0xe4e8
[State 3] Inst Executing 0xeee6
[State 3] Inst Executing 0xeee8
[State 3] Inst Executing 0xee12
[State 3] Inst Executing 0xee14
[State 3] Inst Executing 0xee18
[State 3] Inst Executing 0xee1c
[State 3] Inst Executing 0xee20
[State 3] Inst Executing 0xee22
[State 3] Inst Executing 0xee26
[State 3] Inst Executing 0xee28
[State 3] Inst Executing 0xee2c
[State 3] Inst Executing 0xee30
[State 3] Inst Executing 0xee34
[State 3] Inst Executing 0xee36
[State 3] Inst Executing 0xee38
[State 3] Inst Executing 0xee3a
[State 3] Inst Executing 0x13064
[State 3] Inst Executing 0x13066
[State 3] Inst Executing 0x13068
[State 3] Inst Executing 0x1306a
[State 3] Inst Executing 0x1306c
[State 3] Inst Executing 0x13070
[State 3] Inst Executing 0x13074
[State 3] Inst Executing 0x13076
[State 3] Inst Executing 0x13078
[State 3] Inst Executing 0x1307a
[State 3] Inst Executing 0x1306c
[State 3] Inst Executing 0x13070
[State 3] Inst Executing 0x13074
[State 3] Inst Executing 0x13076
[State 3] Inst Executing 0x13078
[State 3] Inst Executing 0x1307a
[State 3] Inst Executing 0x1306c
[State 3] Inst Executing 0x13070
[State 3] Inst Executing 0x13074
[State 3] Inst Executing 0x13076
[State 3] Inst Executing 0x13078
[State 3] Inst Executing 0x1307a
[State 3] Inst Executing 0x1306c
[State 3] Inst Executing 0x13070
[State 3] Inst Executing 0x13074
[State 3] Inst Executing 0x13076
[State 3] Inst Executing 0x13078
[State 3] Inst Executing 0x1307a
[State 3] Inst Executing 0x1306c
[State 3] Inst Executing 0x13070
[State 3] Inst Executing 0x13074
[State 3] Inst Executing 0x13076
[State 3] Inst Executing 0x13078
[State 3] Inst Executing 0x1307a
[State 3] Inst Executing 0x1306c
[State 3] Inst Executing 0x13070
[State 3] Inst Executing 0x13074
[State 3] Inst Executing 0x13076
[State 3] Inst Executing 0x1307c
[State 3] Inst Executing 0x1307e
[State 3] Inst Executing 0xee3e
[State 3] Inst Executing 0xee42
[State 3] Inst Executing 0xee44
[State 3] Inst Executing 0xee46
[State 3] Inst Executing 0xee48
[State 3] Inst Executing 0xee4a
[State 3] Inst Executing 0xee4c
[State 3] Inst Executing 0xee4e
[State 3] Inst Executing 0xee50
[State 3] Inst Executing 0xa2e4
[State 3] Inst Executing 0xa2e6
[State 3] Inst Executing 0xa2e8
[State 3] Inst Executing 0xa2ea
[State 3] Inst Executing 0xa2ec
[State 3] Inst Executing 0xa2ee
[State 3] Inst Executing 0xa2f0
[State 3] Inst Executing 0xa2f2
[State 3] Inst Executing 0xa2f4
[State 3] Inst Executing 0xa2f6
[State 3] Inst Executing 0xa2f8
[State 3] Inst Executing 0xa2fa
[State 3] Inst Executing 0xa2fc
[State 3] Inst Executing 0xa312
[State 3] Inst Executing 0xa314
[State 3] Inst Executing 0xa318
[State 3] Inst Executing 0xa31a
[State 3] Inst Executing 0xee54
[State 3] Inst Executing 0xee56
[State 3] Inst Executing 0xee58
[State 3] Inst Executing 0xee5a
[State 3] Inst Executing 0xee5c
[State 3] Inst Executing 0xfc6c
[State 3] Inst Executing 0xfc6e
[State 3] Inst Executing 0xfc70
[State 3] Inst Executing 0xfc72
[State 3] Inst Executing 0xfc74
[State 3] Inst Executing 0x34c8
[State 3] Inst Executing 0x34ca
[State 3] Inst Executing 0x34cc
[State 3] Inst Executing 0x34ce
[State 3] Inst Executing 0x34d0
[State 3] Inst Executing 0x34d2
[State 3] Inst Executing 0x34d6
[State 3] Inst Executing 0x34da
[State 3] Inst Executing 0x34dc
[State 3] Inst Executing 0x34de
[State 3] Inst Executing 0x34e2
[State 3] Inst Executing 0x34e6
[State 3] Inst Executing 0x34ea
[State 3] Inst Executing 0xfc78
[State 3] Inst Executing 0xfc7a
[State 3] Inst Executing 0xfc7c
[State 3] Inst Executing 0xfc7e
[State 3] Inst Executing 0xfc80
[State 3] Inst Executing 0xfc82
[State 3] Inst Executing 0xfc84
[State 3] Inst Executing 0xfc86
[State 3] Inst Executing 0xfc88
[State 3] Inst Executing 0xfc8c
[State 3] Inst Executing 0xfc8e
[State 3] Inst Executing 0xfc92
[State 3] Inst Executing 0xfc96
[State 3] Inst Executing 0x34a8
[State 3] Inst Executing 0x34aa
[State 3] Inst Executing 0x34ac
[State 3] Inst Executing 0x34ae
[State 3] Inst Executing 0x34b0
[State 3] Inst Executing 0x34b4
[State 3] Inst Executing 0x34b8
[State 3] Inst Executing 0x34ba
[State 3] Inst Executing 0x34bc
[State 3] Inst Executing 0x34c0
[State 3] Inst Executing 0xee60
[State 3] Inst Executing 0xfe74
[State 3] Inst Executing 0xfe76
[State 3] Inst Executing 0xfe78
[State 3] Inst Executing 0xfe7a
[State 3] Inst Executing 0xfe7c
[State 3] Inst Executing 0xfe7e
[State 3] Inst Executing 0xfe82
[State 3] Inst Executing 0xfe84
[State 3] Inst Executing 0xfe88
[State 3] Inst Executing 0xfe8a
[State 3] Inst Executing 0xfe8c
[State 3] Inst Executing 0xfe90
[State 3] Inst Executing 0xfe92
[State 3] Inst Executing 0xfe94
[State 3] Inst Executing 0xee64
[State 3] Inst Executing 0xee66
[State 3] Inst Executing 0xee6a
[State 3] Inst Executing 0xee6c
[State 3] Inst Executing 0xa320
[State 3] Inst Executing 0xa322
[State 3] Inst Executing 0xa324
[State 3] Inst Executing 0xa326
[State 3] Inst Executing 0xa328
[State 3] Inst Executing 0xa32a
[State 3] Inst Executing 0xa32c
[State 3] Inst Executing 0xa32e
[State 3] Inst Executing 0xa330
[State 3] Inst Executing 0xa332
[State 3] Inst Executing 0xa334
[State 3] Inst Executing 0xa338
[State 3] Inst Executing 0xa33a
[State 3] Inst Executing 0xa33c
[State 3] Inst Executing 0xa33e
[State 3] Inst Executing 0xa340
[State 3] Inst Executing 0xa342
[State 3] Inst Executing 0xa344
[State 3] Inst Executing 0xee70
[State 3] Inst Executing 0xee74
[State 3] Inst Executing 0xee76
[State 3] Inst Executing 0xee78
[State 3] Inst Executing 0xee7a
[State 3] Inst Executing 0xee7c
[State 3] Inst Executing 0xee7e
[State 3] Inst Executing 0xee80
[State 3] Inst Executing 0xee82
[State 3] Inst Executing 0x13084
[State 3] Inst Executing 0x13086
[State 3] Inst Executing 0x1308a
[State 3] Inst Executing 0x1308c
[State 3] Inst Executing 0x1308e
[State 3] Inst Executing 0x130a8
[State 3] Inst Executing 0x130aa
[State 3] Inst Executing 0x130ac
[State 3] Inst Executing 0x130b0
[State 3] Inst Executing 0x130b2
[State 3] Inst Executing 0x130b4
[State 3] Inst Executing 0x130b6
[State 3] Inst Executing 0x130b8
[State 3] Inst Executing 0x130c6
[State 3] Inst Executing 0x130c6
[State 3] Inst Executing 0x130ca
[State 3] Inst Executing 0x130ce
[State 3] Inst Executing 0x130b6
[State 3] Inst Executing 0x130b8
[State 3] Inst Executing 0x130c6
[State 3] Inst Executing 0x130c6
[State 3] Inst Executing 0x130ca
[State 3] Inst Executing 0x130ce
[State 3] Inst Executing 0x130b6
[State 3] Inst Executing 0x130b8
[State 3] Inst Executing 0x130c6
[State 3] Inst Executing 0x130c6
[State 3] Inst Executing 0x130ca
[State 3] Inst Executing 0x130ce
[State 3] Inst Executing 0x130b6
[State 3] Inst Executing 0x130b8
[State 3] Inst Executing 0x130c6
[State 3] Inst Executing 0x130c6
[State 3] Inst Executing 0x130ca
[State 3] Inst Executing 0x130ce
[State 3] Inst Executing 0x130b6
[State 3] Inst Executing 0x130b8
[State 3] Inst Executing 0x130c6
[State 3] Inst Executing 0x130c6
[State 3] Inst Executing 0x130ca
[State 3] Inst Executing 0x130ce
[State 3] Inst Executing 0x130b6
[State 3] Inst Executing 0x130b8
[State 3] Inst Executing 0x130c6
[State 3] Inst Executing 0x130c6
[State 3] Inst Executing 0x130ca
[State 3] Inst Executing 0x130ce
[State 3] Inst Executing 0x130b6
[State 3] Inst Executing 0x130b8
[State 3] Inst Executing 0x130c6
[State 3] Inst Executing 0x130c6
[State 3] Inst Executing 0x130ca
[State 3] Inst Executing 0x130ce
[State 3] Inst Executing 0x130b6
[State 3] Inst Executing 0x130b8
[State 3] Inst Executing 0x130c6
[State 3] Inst Executing 0x130c6
[State 3] Inst Executing 0x130ca
[State 3] Inst Executing 0x130ce
[State 3] Inst Executing 0x130b6
[State 3] Inst Executing 0x130b8
[State 3] Inst Executing 0x130c6
[State 3] Inst Executing 0x130c6
[State 3] Inst Executing 0x130ca
[State 3] Inst Executing 0x130ce
[State 3] Inst Executing 0x130b6
[State 3] Inst Executing 0x130b8
[State 3] Inst Executing 0x130ba
[State 3] Inst Executing 0x130be
[State 3] Inst Executing 0x130c2
[State 3] Inst Executing 0x130c4
[State 3] Inst Executing 0x13090
[State 3] Inst Executing 0x13092
[State 3] Inst Executing 0x13094
[State 3] Inst Executing 0x13096
[State 3] Inst Executing 0x13098
[State 3] Inst Executing 0x13098
[State 3] Inst Executing 0xee86
[State 3] Inst Executing 0xee88
[State 3] Inst Executing 0x10120
[State 3] Inst Executing 0x10122
[State 3] Inst Executing 0x10126
[State 3] Inst Executing 0xee8c
[State 3] Inst Executing 0xee8e
[State 3] Inst Executing 0x101d8
[State 3] Inst Executing 0x101da
[State 3] Inst Executing 0x101de
[State 3] Inst Executing 0xee92
[State 3] Inst Executing 0xee94
[State 3] Inst Executing 0xee96
[State 3] Inst Executing 0xee98
[State 3] Inst Executing 0xfe44
[State 3] Inst Executing 0xfe46
[State 3] Inst Executing 0xee9c
[State 3] Inst Executing 0xee9e
[State 3] Inst Executing 0xeea0
[State 3] Inst Executing 0xeea2
[State 3] Inst Executing 0xeea4
[State 3] Inst Executing 0xfe48
[State 3] Inst Executing 0xfe4a
[State 3] Inst Executing 0xeea8
[State 3] Inst Executing 0xeeaa
[State 3] Inst Executing 0xeeac
[State 3] Inst Executing 0xef4a
[State 3] Inst Executing 0xef4c
[State 3] Inst Executing 0xeeb2
[State 3] Inst Executing 0xeeb4
[State 3] Inst Executing 0xa320
[State 3] Inst Executing 0xa322
[State 3] Inst Executing 0xa324
[State 3] Inst Executing 0xa326
[State 3] Inst Executing 0xa328
[State 3] Inst Executing 0xa32a
[State 3] Inst Executing 0xa32c
[State 3] Inst Executing 0xa32e
[State 3] Inst Executing 0xa330
[State 3] Inst Executing 0xa332
[State 3] Inst Executing 0xa334
[State 3] Inst Executing 0xa338
[State 3] Inst Executing 0xa33a
[State 3] Inst Executing 0xa33c
[State 3] Inst Executing 0xa33e
[State 3] Inst Executing 0xa340
[State 3] Inst Executing 0xa342
[State 3] Inst Executing 0xa344
[State 3] Inst Executing 0xeeb8
[State 3] Inst Executing 0xeeba
[State 3] Inst Executing 0xeebc
[State 3] Inst Executing 0xeebe
[State 3] Inst Executing 0xa350
[State 3] Inst Executing 0xa352
[State 3] Inst Executing 0xa354
[State 3] Inst Executing 0xa356
[State 3] Inst Executing 0xd310
[State 3] Inst Executing 0xd312
[State 3] Inst Executing 0xd314
[State 3] Inst Executing 0xa35a
[State 3] Inst Executing 0xa35c
[State 3] Inst Executing 0xa35e
[State 3] Inst Executing 0xa360
[State 3] Inst Executing 0xa362
[State 3] Inst Executing 0xa366
[State 3] Inst Executing 0x6ff0
[State 3] Inst Executing 0x6ff2
[State 3] Inst Executing 0x6ff4
[State 3] Inst Executing 0x6ff6
[State 3] Inst Executing 0x6ff8
[State 3] Inst Executing 0x6ffa
[State 3] Inst Executing 0x6ffc
[State 3] Inst Executing 0x6ffe
[State 3] Inst Executing 0xeec2
[State 3] Inst Executing 0xa370
[State 3] Inst Executing 0xa372
[State 3] Inst Executing 0xa374
[State 3] Inst Executing 0xa376
[State 3] Inst Executing 0xa378
[State 3] Inst Executing 0x70d8
[State 3] Inst Executing 0x70da
[State 3] Inst Executing 0x70dc
[State 3] Inst Executing 0x70de
[State 3] Inst Executing 0x70e0
[State 3] Inst Executing 0x70e2
[State 3] Inst Executing 0x70e4
[State 3] Inst Executing 0x70e6
[State 3] Inst Executing 0x70e8
[State 3] Inst Executing 0x70ec
[State 3] Inst Executing 0x70fa
[State 3] Inst Executing 0x70fc
[State 3] Inst Executing 0x70fe
[State 3] Inst Executing 0x7102
[State 3] Inst Executing 0x7104
[State 3] Inst Executing 0x7108
[State 3] Inst Executing 0x710a
[State 3] Inst Executing 0x710c
[State 3] Inst Executing 0x710e
[State 3] Inst Executing 0x7110
[State 3] Inst Executing 0x7112
[State 3] Inst Executing 0x7114
[State 3] Inst Executing 0x7116
[State 3] Inst Executing 0x6ff0
[State 3] Inst Executing 0x6ff2
[State 3] Inst Executing 0x6ff4
[State 3] Inst Executing 0x6ff6
[State 3] Inst Executing 0x6ff8
[State 3] Inst Executing 0x6ffa
[State 3] Inst Executing 0x6ffc
[State 3] Inst Executing 0x6ffe
[State 3] Inst Executing 0x711a
[State 3] Inst Executing 0x711c
[State 3] Inst Executing 0x711e
[State 3] Inst Executing 0x7120
[State 3] Inst Executing 0x7122
[State 3] Inst Executing 0x7124
[State 3] Inst Executing 0x10450
[State 3] Inst Executing 0x10452
[State 3] Inst Executing 0x1045c
[State 3] Inst Executing 0x1045e
[State 3] Inst Executing 0x10462
[State 3] Inst Executing 0x10466
[State 3] Inst Executing 0x7128
[State 3] Inst Executing 0x712a
[State 3] Inst Executing 0xeec6
[State 3] Inst Executing 0xeec8
[State 3] Inst Executing 0xe53e
[State 3] Inst Executing 0x353c
[State 3] Inst Executing 0x353e
[State 3] Inst Executing 0x3540
[State 3] Inst Executing 0x3542
[State 3] Inst Executing 0x3544
[State 3] Inst Executing 0x3546
[State 3] Inst Executing 0x3548
[State 3] Inst Executing 0x354a
[State 3] Inst Executing 0x14c98
[State 3] Inst Executing 0x12ef2
[State 3] Inst Executing 0x354e
[State 3] Inst Executing 0x3550
[State 3] Inst Executing 0xe542
[State 3] Inst Executing 0x33f0
[State 3] Inst Executing 0x33f2
[State 3] Inst Executing 0x33f4
[State 3] Inst Executing 0x33f6
[State 3] Inst Executing 0x33f8
[State 3] Inst Executing 0x3402
[State 3] Inst Executing 0xe546
[State 3] Inst Executing 0xe54a
[State 3] Inst Executing 0xe54c
