0xe530
0xe532
0xe536
0xe538
0xe53a
0xfc4c
0xfc4e
0xfc52
0xfc54
0xfc56
0xfc58
0xfc5a
0xfc5c
0xe9e4
0xe9e6
0xe9e8
0xfea4
0xfea6
0xfea8
0xfeac
0xfeb0
0xfeb4
0xe9ec
0x10010
0x10012
0x10014
0x10016
0x1001a
0x1001e
0x10022
0xe9f0
0xffe0
0xffe2
0xffe4
0xffe8
0xe9f4
0x103b0
0x103b2
0x103b4
0x103b6
0x103ba
0x103be
0xe9f8
0xff70
0xff72
0xff74
0xff78
0xe9fc
0xffcc
0xffce
0xffd2
0xffd6
0xffda
0xea00
0xea02
0xea06
0xe9b8
0xe9ba
0xe9bc
0xe9be
0xfc6c
0xfc6e
0xfc70
0xfc72
0xfc74
0x34c8
0x34ca
0x34cc
0x34ce
0x34d0
0x34d2
0x34d6
0x34da
0x34dc
0x34de
0x34e2
0x34e6
0x34ea
0xfc78
0xfc7a
0xfc7c
0xfc7e
0xfc80
0xfc82
0xfc84
0xfc86
0xfc88
0xfc8c
0xfc8e
0xfc92
0xfc96
0x34a8
0x34aa
0x34ac
0x34ae
0x34b0
0x34b4
0x34b8
0x34ba
0x34bc
0x34c0
0xe9c2
0xfed0
0xfed2
0xfed6
0xfeda
0xfedc
0xe9c6
0xe9c8
0x1012c
0x1012e
0x10130
0x10132
0x10134
0x10136
0x10138
0x1013a
0x1013c
0x1013e
0x10140
0x10142
0xe9cc
0xe908
0xe90a
0xe90c
0xe90e
0xe910
0xe912
0x12e72
0x12e74
0x12e76
0x12e78
0x12e7a
0x12e7c
0x12e80
0x12e84
0x12e88
0x12e8c
0x12e8e
0x12e90
0x12e92
0x12e94
0x12e96
0x12e98
0x12e9a
0x12e9c
0x12e9e
0x12ea0
0x12ea2
0x12ea4
0x12ea6
0x12ea8
0x12eaa
0x12eae
0x12eb0
0x12eb2
0x12eb4
0x12eb8
0x12ebc
0x12ebe
0x12ec0
0x12ec2
0x12ec4
0x12ec6
0x12ec8
0x12eca
0x12ece
0x12ed0
0x12ed2
0x12ed6
0x12eda
0x12edc
0xe9d0
0xe9d4
0xe9d6
0xe8c4
0xe8c6
0xe8c8
0xa3f0
0xa3f2
0xa3f4
0xa3f6
0xa3f8
0xa3fa
0xa3fc
0xa3fe
0xa402
0xa404
0xe8cc
0xe8da
0xe8dc
0xe8de
0xe8e0
0xe8e2
0xe8e4
0xe8e6
0xe8e8
0xe8ea
0xa468
0xa46a
0xa46c
0xa46e
0xa470
0xa472
0xa474
0xa476
0xa478
0xa47c
0xa47e
0xa480
0xa482
0xa484
0xa486
0xa488
0xa48a
0xa48c
0xa48e
0xa490
0xa492
0xa494
0xa496
0xa498
0xd310
0xd312
0xd314
0xa49c
0xa49e
0xa4a0
0xa4a2
0xa4a4
0x6ff0
0x6ff2
0x6ff4
0x6ff6
0x6ff8
0x6ffa
0x6ffc
0x6ffe
0xa4a8
0xa4aa
0xa4ac
0xa4ae
0xa4b0
0x70d8
0x70da
0x70dc
0x70de
0x70e0
0x70e2
0x70e4
0x70e6
0x70e8
0x70ec
0x70ee
0x70f0
0x7174
0x7176
0xa4b4
0xa4b6
0xe8ee
0xe8f0
0xe53e
0x353c
0x353e
0x3540
0x3542
0x3544
0x354e
0x3550
0xe542
0x33f0
0x33f2
0x33f4
0x33f6
0x33f8
0x3402
0xe546
0xe54a
0xe54c
