0xed4c
0xed50
0xed52
0xed54
0xfebc
0xfebe
0xfec2
0xfec4
0xfec6
0xfec8
0xed58
0xed5c
0xed84
0xfefc
0xfefe
0xff02
0xff04
0xff06
0xff08
0xed88
0xed8a
0xfff0
0xfff2
0xfff6
0xfff8
0xfffa
0xfffc
0xed8e
0xed90
0x10004
0x10006
0x1000a
0xed94
0x103c8
0x103ca
0x103ce
0x103ea
0xed98
0xed9a
0x103a4
0x103a6
0x103aa
0xed9e
0xeda0
0xff80
0xff82
0xff86
0xff88
0xff8a
0xff8c
0xeda4
0xfea4
0xfea6
0xfea8
0xfeac
0xfeb0
0xfeb4
0xeda8
0x10010
0x10012
0x10014
0x10016
0x1001a
0x1001e
0x10022
0xedac
0xffe0
0xffe2
0xffe4
0xffe8
0xedb0
0x103b0
0x103b2
0x103b4
0x103b6
0x103ba
0x103be
0xedb4
0xff70
0xff72
0xff74
0xff78
0xedb8
0xedbc
0xedbe
0xedc2
0xedc6
0xedc8
0xedcc
0xff18
0xff1a
0xedd0
0xedd2
0xedd4
0xedd6
0xedd8
0xedda
0xedde
0xede2
0xede4
0xede6
0xedea
0xedee
0xedf0
0xedf2
0xedf6
0xedf8
0xedfa
0xedfc
0xee00
0xee02
0xee06
0xee08
0xee0a
0xeed6
0xeeda
0xeede
0xeee2
0xe4a0
0xe4a2
0xe4a4
0xe4e6
0xe4e8
0xeee6
0xeee8
0xee12
0xee14
0xee18
0xee1c
0xee20
0xee22
0xee26
0xee28
0xee2c
0xee30
0xee34
0xee36
0xee38
0xee3a
0x13064
0x13066
0x13068
0x1306a
0x1306c
0x13070
0x13074
0x13076
0x13078
0x1307a
0x1306c
0x13070
0x13074
0x13076
0x13078
0x1307a
0x1306c
0x13070
0x13074
0x13076
0x13078
0x1307a
0x1306c
0x13070
0x13074
0x13076
0x13078
0x1307a
0x1306c
0x13070
0x13074
0x13076
0x13078
0x1307a
0x1306c
0x13070
0x13074
0x13076
0x1307c
0x1307e
0xee3e
0xee42
0xee44
0xee46
0xee48
0xee4a
0xee4c
0xee4e
0xee50
0xa2e4
0xa2e6
0xa2e8
0xa2ea
0xa2ec
0xa2ee
0xa2f0
0xa2f2
0xa2f4
0xa2f6
0xa2f8
0xa2fa
0xa2fc
0xa312
0xa314
0xa318
0xa31a
0xee54
0xee56
0xee58
0xee5a
0xee5c
0xfc6c
0xfc6e
0xfc70
0xfc72
0xfc74
0x34c8
0x34ca
0x34cc
0x34ce
0x34d0
0x34d2
0x34d6
0x34da
0x34dc
0x34de
0x34e2
0x34e6
0x34ea
0xfc78
0xfc7a
0xfc7c
0xfc7e
0xfc80
0xfc82
0xfc84
0xfc86
0xfc88
0xfc8c
0xfc8e
0xfc92
0xfc96
0x34a8
0x34aa
0x34ac
0x34ae
0x34b0
0x34b4
0x34b8
0x34ba
0x34bc
0x34c0
0xee60
0xfe74
0xfe76
0xfe78
0xfe7a
0xfe7c
0xfe7e
0xfe82
0xfe84
0xfe88
0xfe8a
0xfe8c
0xfe90
0xfe92
0xfe94
0xee64
0xee66
0xee6a
0xee6c
0xa320
0xa322
0xa324
0xa326
0xa328
0xa32a
0xa32c
0xa32e
0xa330
0xa332
0xa334
0xa338
0xa33a
0xa33c
0xa33e
0xa340
0xa342
0xa344
0xee70
0xee74
0xee76
0xee78
0xee7a
0xee7c
0xee7e
0xee80
0xee82
0x13084
0x13086
0x1308a
0x1308c
0x1308e
0x130a8
0x130aa
0x130ac
0x130b0
0x130b2
0x130b4
0x130b6
0x130b8
0x130c6
0x130ca
0x130ce
0x130b6
0x130b8
0x130c6
0x130ca
0x130ce
0x130b6
0x130b8
0x130c6
0x130ca
0x130ce
0x130b6
0x130b8
0x130c6
0x130ca
0x130ce
0x130b6
0x130b8
0x130c6
0x130ca
0x130ce
0x130b6
0x130b8
0x130c6
0x130ca
0x130ce
0x130b6
0x130b8
0x130c6
0x130ca
0x130ce
0x130b6
0x130b8
0x130c6
0x130ca
0x130ce
0x130b6
0x130b8
0x130c6
0x130ca
0x130ce
0x130b6
0x130b8
0x130ba
0x130be
0x130c2
0x130c4
0x13090
0x13092
0x13094
0x13096
0x13098
0xee86
0xee88
0x10120
0x10122
0x10126
0xee8c
0xee8e
0x101d8
0x101da
0x101de
0xee92
0xee94
0xee96
0xee98
0xfe44
0xfe46
0xee9c
0xee9e
0xeea0
0xeea2
0xeea4
0xfe48
0xfe4a
0xeea8
0xeeaa
0xeeac
0xef4a
0xef4c
0xeeb2
0xeeb4
0xa320
0xa322
0xa324
0xa326
0xa328
0xa32a
0xa32c
0xa32e
0xa330
0xa332
0xa334
0xa338
0xa33a
0xa33c
0xa33e
0xa340
0xa342
0xa344
0xeeb8
0xeeba
0xeebc
0xeebe
0xa350
0xa352
0xa354
0xa356
0xd310
0xd312
0xd314
0xa35a
0xa35c
0xa35e
0xa360
0xa362
0xa366
0x6ff0
0x6ff2
0x6ff4
0x6ff6
0x6ff8
0x6ffa
0x6ffc
0x6ffe
0xeec2
0xa370
0xa372
0xa374
0xa376
0xa378
0x70d8
0x70da
0x70dc
0x70de
0x70e0
0x70e2
0x70e4
0x70e6
0x70e8
0x70ec
0x70fa
0x70fc
0x70fe
0x7102
0x7104
0x7108
0x710a
0x710c
0x710e
0x7110
0x7112
0x7114
0x7116
0x6ff0
0x6ff2
0x6ff4
0x6ff6
0x6ff8
0x6ffa
0x6ffc
0x6ffe
0x711a
0x711c
0x711e
0x7120
0x7122
0x7124
0x10450
0x10452
0x1045c
0x1045e
0x10462
0x10466
0x7128
0x712a
0xeec6
0xeec8
0xe53e
0x353c
0x353e
0x3540
0x3542
0x3544
0x3546
0x3548
0x354a
0x14c98
0x12ef2
0x354e
0x3550
0xe542
0x33f0
0x33f2
0x33f4
0x33f6
0x33f8
0x3402
0xe546
0xe54a
0xe54c
