[State 3] Inst Executing 0xe530
[State 3] Inst Executing 0xe532
[State 3] Inst Executing 0xe536
[State 3] Inst Executing 0xe538
[State 3] Inst Executing 0xe53a
[State 3] Inst Executing 0xfc4c
[State 3] Inst Executing 0xfc4e
[State 3] Inst Executing 0xfc4e
[State 3] Inst Executing 0xfc52
[State 3] Inst Executing 0xfc54
[State 3] Inst Executing 0xfc56
[State 3] Inst Executing 0xfc58
[State 3] Inst Executing 0xfc5a
[State 3] Inst Executing 0xfc5c
[State 3] Inst Executing 0xe9e4
[State 3] Inst Executing 0xe9e6
[State 3] Inst Executing 0xe9e8
[State 3] Inst Executing 0xfea4
[State 3] Inst Executing 0xfea6
[State 3] Inst Executing 0xfea8
[State 3] Inst Executing 0xfea8
[State 3] Inst Executing 0xfeac
[State 3] Inst Executing 0xfeb0
[State 3] Inst Executing 0xfeb4
[State 3] Inst Executing 0xe9ec
[State 3] Inst Executing 0x10010
[State 3] Inst Executing 0x10012
[State 3] Inst Executing 0x10014
[State 3] Inst Executing 0x10016
[State 3] Inst Executing 0x1001a
[State 3] Inst Executing 0x1001a
[State 3] Inst Executing 0x1001e
[State 3] Inst Executing 0x10022
[State 3] Inst Executing 0xe9f0
[State 3] Inst Executing 0xffe0
[State 3] Inst Executing 0xffe2
[State 3] Inst Executing 0xffe4
[State 3] Inst Executing 0xffe4
[State 3] Inst Executing 0xffe8
[State 3] Inst Executing 0xe9f4
[State 3] Inst Executing 0x103b0
[State 3] Inst Executing 0x103b2
[State 3] Inst Executing 0x103b4
[State 3] Inst Executing 0x103b6
[State 3] Inst Executing 0x103b6
[State 3] Inst Executing 0x103ba
[State 3] Inst Executing 0x103be
[State 3] Inst Executing 0xe9f8
[State 3] Inst Executing 0xff70
[State 3] Inst Executing 0xff72
[State 3] Inst Executing 0xff74
[State 3] Inst Executing 0xff74
[State 3] Inst Executing 0xff78
[State 3] Inst Executing 0xe9fc
[State 3] Inst Executing 0xffcc
[State 3] Inst Executing 0xffce
[State 3] Inst Executing 0xffce
[State 3] Inst Executing 0xffd2
[State 3] Inst Executing 0xffd6
[State 3] Inst Executing 0xffda
[State 3] Inst Executing 0xea00
[State 3] Inst Executing 0xea02
[State 3] Inst Executing 0xea06
[State 3] Inst Executing 0xe9b8
[State 3] Inst Executing 0xe9ba
[State 3] Inst Executing 0xe9bc
[State 3] Inst Executing 0xe9be
[State 3] Inst Executing 0xfc6c
[State 3] Inst Executing 0xfc6e
[State 3] Inst Executing 0xfc70
[State 3] Inst Executing 0xfc72
[State 3] Inst Executing 0xfc74
[State 3] Inst Executing 0x34c8
[State 3] Inst Executing 0x34ca
[State 3] Inst Executing 0x34cc
[State 3] Inst Executing 0x34ce
[State 3] Inst Executing 0x34d0
[State 3] Inst Executing 0x34d2
[State 3] Inst Executing 0x34d6
[State 3] Inst Executing 0x34da
[State 3] Inst Executing 0x34dc
[State 3] Inst Executing 0x34de
[State 3] Inst Executing 0x34e2
[State 3] Inst Executing 0x34e6
[State 3] Inst Executing 0x34ea
[State 3] Inst Executing 0xfc78
[State 3] Inst Executing 0xfc7a
[State 3] Inst Executing 0xfc7c
[State 3] Inst Executing 0xfc7e
[State 3] Inst Executing 0xfc80
[State 3] Inst Executing 0xfc82
[State 3] Inst Executing 0xfc84
[State 3] Inst Executing 0xfc86
[State 3] Inst Executing 0xfc88
[State 3] Inst Executing 0xfc88
[State 3] Inst Executing 0xfc8c
[State 3] Inst Executing 0xfc8e
[State 3] Inst Executing 0xfc92
[State 3] Inst Executing 0xfc96
[State 3] Inst Executing 0x34a8
[State 3] Inst Executing 0x34aa
[State 3] Inst Executing 0x34ac
[State 3] Inst Executing 0x34ae
[State 3] Inst Executing 0x34b0
[State 3] Inst Executing 0x34b4
[State 3] Inst Executing 0x34b8
[State 3] Inst Executing 0x34ba
[State 3] Inst Executing 0x34bc
[State 3] Inst Executing 0x34c0
[State 3] Inst Executing 0xe9c2
[State 3] Inst Executing 0xfed0
[State 3] Inst Executing 0xfed2
[State 3] Inst Executing 0xfed2
[State 3] Inst Executing 0xfed6
[State 3] Inst Executing 0xfeda
[State 3] Inst Executing 0xfedc
[State 3] Inst Executing 0xe9c6
[State 3] Inst Executing 0xe9c8
[State 3] Inst Executing 0x1012c
[State 3] Inst Executing 0x1012e
[State 3] Inst Executing 0x10130
[State 3] Inst Executing 0x10132
[State 3] Inst Executing 0x10134
[State 3] Inst Executing 0x10136
[State 3] Inst Executing 0x10138
[State 3] Inst Executing 0x1013a
[State 3] Inst Executing 0x1013c
[State 3] Inst Executing 0x1013e
[State 3] Inst Executing 0x10140
[State 3] Inst Executing 0x10142
[State 3] Inst Executing 0xe9cc
[State 3] Inst Executing 0xe908
[State 3] Inst Executing 0xe90a
[State 3] Inst Executing 0xe90c
[State 3] Inst Executing 0xe90e
[State 3] Inst Executing 0xe910
[State 3] Inst Executing 0xe912
[State 3] Inst Executing 0x12e72
[State 3] Inst Executing 0x12e74
[State 3] Inst Executing 0x12e76
[State 3] Inst Executing 0x12e78
[State 3] Inst Executing 0x12e7a
[State 3] Inst Executing 0x12e7c
[State 3] Inst Executing 0x12e80
[State 3] Inst Executing 0x12e84
[State 3] Inst Executing 0x12e88
[State 3] Inst Executing 0x12e8c
[State 3] Inst Executing 0x12e8e
[State 3] Inst Executing 0x12e90
[State 3] Inst Executing 0x12e92
[State 3] Inst Executing 0x12e94
[State 3] Inst Executing 0x12e96
[State 3] Inst Executing 0x12e98
[State 3] Inst Executing 0x12e9a
[State 3] Inst Executing 0x12e9c
[State 3] Inst Executing 0x12e9e
[State 3] Inst Executing 0x12ea0
[State 3] Inst Executing 0x12ea2
[State 3] Inst Executing 0x12ea4
[State 3] Inst Executing 0x12ea6
[State 3] Inst Executing 0x12ea8
[State 3] Inst Executing 0x12eaa
[State 3] Inst Executing 0x12eae
[State 3] Inst Executing 0x12eb0
[State 3] Inst Executing 0x12eb2
[State 3] Inst Executing 0x12eb4
[State 3] Inst Executing 0x12eb8
[State 3] Inst Executing 0x12ebc
[State 3] Inst Executing 0x12ebc
[State 3] Inst Executing 0x12ebe
[State 3] Inst Executing 0x12ec0
[State 3] Inst Executing 0x12ec2
[State 3] Inst Executing 0x12ec4
[State 3] Inst Executing 0x12ec6
[State 3] Inst Executing 0x12ec8
[State 3] Inst Executing 0x12eca
[State 3] Inst Executing 0x12ece
[State 3] Inst Executing 0x12ed0
[State 3] Inst Executing 0x12ed2
[State 3] Inst Executing 0x12ed6
[State 3] Inst Executing 0x12eda
[State 3] Inst Executing 0x12edc
[State 3] Inst Executing 0xe9d0
[State 3] Inst Executing 0xe9d4
[State 3] Inst Executing 0xe9d6
[State 3] Inst Executing 0xe8c4
[State 3] Inst Executing 0xe8c6
[State 3] Inst Executing 0xe8c8
[State 3] Inst Executing 0xa3f0
[State 3] Inst Executing 0xa3f2
[State 3] Inst Executing 0xa3f4
[State 3] Inst Executing 0xa3f6
[State 3] Inst Executing 0xa3f8
[State 3] Inst Executing 0xa3fa
[State 3] Inst Executing 0xa3fc
[State 3] Inst Executing 0xa3fe
[State 3] Inst Executing 0xa402
[State 3] Inst Executing 0xa404
[State 3] Inst Executing 0xe8cc
[State 3] Inst Executing 0xe8da
[State 3] Inst Executing 0xe8dc
[State 3] Inst Executing 0xe8de
[State 3] Inst Executing 0xe8e0
[State 3] Inst Executing 0xe8e2
[State 3] Inst Executing 0xe8e4
[State 3] Inst Executing 0xe8e6
[State 3] Inst Executing 0xe8e8
[State 3] Inst Executing 0xe8ea
[State 3] Inst Executing 0xa468
[State 3] Inst Executing 0xa46a
[State 3] Inst Executing 0xa46c
[State 3] Inst Executing 0xa46e
[State 3] Inst Executing 0xa470
[State 3] Inst Executing 0xa472
[State 3] Inst Executing 0xa474
[State 3] Inst Executing 0xa476
[State 3] Inst Executing 0xa478
[State 3] Inst Executing 0xa47c
[State 3] Inst Executing 0xa47e
[State 3] Inst Executing 0xa480
[State 3] Inst Executing 0xa482
[State 3] Inst Executing 0xa484
[State 3] Inst Executing 0xa486
[State 3] Inst Executing 0xa488
[State 3] Inst Executing 0xa48a
[State 3] Inst Executing 0xa48c
[State 3] Inst Executing 0xa48e
[State 3] Inst Executing 0xa490
[State 3] Inst Executing 0xa492
[State 3] Inst Executing 0xa494
[State 3] Inst Executing 0xa496
[State 3] Inst Executing 0xa498
[State 3] Inst Executing 0xd310
[State 3] Inst Executing 0xd312
[State 3] Inst Executing 0xd314
[State 3] Inst Executing 0xa49c
[State 3] Inst Executing 0xa49e
[State 3] Inst Executing 0xa4a0
[State 3] Inst Executing 0xa4a2
[State 3] Inst Executing 0xa4a4
[State 3] Inst Executing 0x6ff0
[State 3] Inst Executing 0x6ff2
[State 3] Inst Executing 0x6ff4
[State 3] Inst Executing 0x6ff6
[State 3] Inst Executing 0x6ff8
[State 3] Inst Executing 0x6ffa
[State 3] Inst Executing 0x6ffc
[State 3] Inst Executing 0x6ffe
[State 3] Inst Executing 0xa4a8
[State 3] Inst Executing 0xa4aa
[State 3] Inst Executing 0xa4ac
[State 3] Inst Executing 0xa4ae
[State 3] Inst Executing 0xa4b0
[State 3] Inst Executing 0x70d8
[State 3] Inst Executing 0x70da
[State 3] Inst Executing 0x70dc
[State 3] Inst Executing 0x70de
[State 3] Inst Executing 0x70e0
[State 3] Inst Executing 0x70e2
[State 3] Inst Executing 0x70e4
[State 3] Inst Executing 0x70e6
[State 3] Inst Executing 0x70e8
[State 3] Inst Executing 0x70ec
[State 3] Inst Executing 0x70ee
[State 3] Inst Executing 0x70f0
[State 3] Inst Executing 0x7174
[State 3] Inst Executing 0x7176
[State 3] Inst Executing 0xa4b4
[State 3] Inst Executing 0xa4b6
[State 3] Inst Executing 0xe8ee
[State 3] Inst Executing 0xe8f0
[State 3] Inst Executing 0xe53e
[State 3] Inst Executing 0x353c
[State 3] Inst Executing 0x353e
[State 3] Inst Executing 0x3540
[State 3] Inst Executing 0x3542
[State 3] Inst Executing 0x3544
[State 3] Inst Executing 0x3546
[State 3] Inst Executing 0x3548
[State 3] Inst Executing 0x354a
[State 3] Inst Executing 0x14c98
[State 3] Inst Executing 0x12ef2
[State 3] Inst Executing 0x354e
[State 3] Inst Executing 0x3550
[State 3] Inst Executing 0xe542
[State 3] Inst Executing 0x33f0
[State 3] Inst Executing 0x33f2
[State 3] Inst Executing 0x33f4
[State 3] Inst Executing 0x33f6
[State 3] Inst Executing 0x33f8
[State 3] Inst Executing 0x3402
[State 3] Inst Executing 0xe546
[State 3] Inst Executing 0xe54a
[State 3] Inst Executing 0xe54c
