!!! after isr_rx !!!
!!! after isr_abort !!!
0x3440
0x3442
0x3444
0x3448
0x344a
0x344e
0x3452
0x3454
0x3458
0x345c
0x345e
0x3462
0x3464
0x3466
0x3468
0x346a
0x346c
0x346e
0x3472
0x3476
0x347a
0x347e
0x342c
0x342e
0x3430
0x830e
0x82d0
0x82d4
0x82d6
0x9da0
0x9da4
0x9da6
0x9daa
0x9dac
0x9dae
0x9db0
0x9db2
0x9db4
0x9db6
0x9db8
0x9dbc
0x7000
0x7002
0x7004
0x7006
0x7008
0x700a
0x9dc0
0x9dc2
0x9dc4
0x9dc8
0x9dca
0x9dcc
0x9dce
0x9dd0
0x95d4
0x95d8
0x95da
0x95dc
0x95de
0x95e0
0x95e2
0x95e4
0x95e6
0x95e8
0x95ea
0x95ec
0x95ee
0x95f0
0x967e
0x9682
0x9684
0x9dd4
0x9dd6
0x9dd8
0x9ddc
0x9dde
0x9de2
0x9de4
0x9de8
0x9dec
0x9dee
0x95d4
0x95d8
0x95da
0x95dc
0x95de
0x95e0
0x95e2
0x95e4
0x95e6
0x95e8
0x95ea
0x95ec
0x95ee
0x95f0
0x967e
0x9682
0x9684
0x9df2
0x9df4
0x9df8
0x9dfa
0x9dfc
0x9dfe
0x9e00
0x9e02
0x9ee2
0x9ee4
0x9ee6
0x9ee8
0x9eea
0x9eec
0x82da
0x82dc
0x82e0
0x82e2
0x82e4
0x82e6
0x82e8
0x82ea
0x82ec
0x9f30
0x9f32
0x9f34
0x9f36
0x9f38
0x9f3a
0x9f3c
0x9f3e
0x7010
0x7012
0x7014
0x7016
0x7018
0x701a
0x701c
0x701e
0x7020
0x7022
0x9f42
0x9f44
0x6f5c
0x6f5e
0x6f60
0x6f62
0x6f64
0x6f88
0x6f8a
0x6f72
0x6f74
0x6f76
0x6f78
0x13084
0x13086
0x1308a
0x1308c
0x1308e
0x130a8
0x130aa
0x130ac
0x130b0
0x130b2
0x130b4
0x130b6
0x130b8
0x130c6
0x130ca
0x130ce
0x130b6
0x130b8
0x130ba
0x130be
0x130c2
0x130c4
0x13090
0x13092
0x13094
0x13096
0x13098
0x6f7c
0x6f7e
0x6f82
0x6f84
0x6f86
0x9f48
0x9f4a
0x9f4c
0x9f4e
0x9f54
0x9f58
0x9f5a
0x9f5c
0x9f60
0x9f62
0x9f64
0x9f66
0x9f6a
0x9f6c
0x9f6e
0x9f72
0x6f5c
0x6f5e
0x6f60
0x6f62
0x6f64
0x6f88
0x6f8a
0x6f72
0x6f74
0x6f76
0x6f78
0x13084
0x13086
0x1308a
0x1308c
0x1308e
0x130a8
0x130aa
0x130ac
0x130b0
0x130b2
0x130b4
0x130b6
0x130b8
0x130c6
0x130ca
0x130ce
0x130b6
0x130b8
0x130ba
0x130be
0x130c2
0x130c4
0x13090
0x13092
0x13094
0x13096
0x13098
0x6f7c
0x6f7e
0x6f82
0x6f84
0x6f86
0x9f76
0x9f7a
0x9f7e
0x9f82
0x9f84
0xaac8
0xaaca
0xaacc
0xaad0
0xaad4
0x9f88
0x9f8a
0x9f8c
0xdb64
0xdb72
0xdb74
0x1517e
0x15180
0x15182
0x151a2
0x151a6
0x151a0
0x9f90
0x9f92
0x82f0
0x82f2
0x82f4
0x9544
0x9546
0x9548
0x954a
0x954c
0x955a
0x955c
0x82f8
0x82fa
0x82fc
0x82fe
0x14d98
0x14d9a
0x14d9c
0x14d9e
0x14cce
0x14cd2
0x14cd4
0x14cd6
0x14cd8
0x14cdc
0x14ce0
0x14ce4
0x14ce8
0x14cec
0x14d26
0x14d2a
0x14d2c
0x14d0e
0x14d10
0x14d14
0x14d16
0x14d18
0x14d1a
0x14d1c
0x14d1e
0x14d20
0x14d22
0x14d24
0x14d40
0x14d42
0x14d44
0x15462
0x15464
0x15466
0x15468
0x1546a
0x1546e
0x15470
0x15472
0x15474
0x15478
0x1529a
0x1529c
0x1529e
0x152a0
0x152a2
0x152a4
0x152a6
0x152c0
0x152d0
0x152d2
0x152d4
0x152d6
0x152d8
0x152da
0x152dc
0x152de
0x152e0
0x152e2
0x152e4
0x152e6
0x14f14
0x14f16
0x14f18
0x14f1c
0x14f20
0x14f24
0x14f28
0x14f2a
0x11838
0x1183a
0x1183e
0x11840
0x1184e
0x11852
0x11854
0x11856
0x11858
0x1185c
0x14f2e
0x14f30
0x14f34
0x14f36
0x14f38
0x14f3a
0x14f3e
0x14f42
0x14f46
0x14f4a
0x151a8
0x151aa
0x151ae
0x151b2
0x151b6
0x151ba
0x151bc
0x151ce
0x151d2
0x151c4
0x151c8
0x151cc
0x152ea
0x152ec
0x152ee
0x152f2
0x152f4
0x152f6
0x152f8
0x152fa
0x15300
0x15302
0x15304
0x15306
0x15308
0x14f62
0x14f64
0x14f68
0x14f6c
0x14f70
0x14f74
0x118e4
0x118e6
0x118e8
0x118ea
0x118ec
0x118ee
0x118f0
0x118f2
0x118f4
0x118f8
0x118fa
0x118fc
0x118fe
0x11900
0x11902
0x11904
0x11906
0x11908
0x1190c
0x11910
0x11912
0x11914
0x11916
0x11936
0x1193a
0x1193c
0x1193e
0x11940
0x11926
0x11928
0x1192c
0x1192e
0x11930
0x11932
0x11864
0x11866
0x11868
0x1186a
0x1186e
0x14f4e
0x14f50
0x14f52
0x14f54
0x14f56
0x14f58
0x14f5a
0x14f5c
0x11872
0x11874
0x11876
0x11878
0x1187a
0x1187c
0x11880
0x11882
0x11886
0x11888
0x1188a
0x1188c
0x1188e
0x11890
0x11892
0x11894
0x11896
0x11898
0x1189a
0x14f78
0x14f7c
0x14f80
0x1530c
0x152fc
0x152fe
0x152c2
0x152c4
0x152c6
0x152c8
0x152ac
0x152ae
0x152b0
0x152b2
0x152b6
0x152b8
0x152bc
0x152be
0x152ca
0x14d48
0x14d4a
0x14d4c
0x14ed2
0x14ed4
0x14ed8
0x14eda
0x340c
0x340e
0x3410
0x3412
0x3414
0x3416
0x3418
0x341a
0x341c
0x3420
0x3422
0x3424
0x3428
0x3440
0x3442
0x3444
0x3448
0x344a
0x344e
0x3452
0x3454
0x3458
0x345c
0x345e
0x3462
0x3464
0x3466
0x3468
0x346a
0x346c
0x346e
0x3472
0x3476
0x347a
0x347e
0x342c
0x342e
0x3430
0x14d50
0x14d52
0x14d02
0x8302
0x82d0
0x82d4
0x82d6
0x9da0
0x9da4
0x9da6
0x9daa
0x9dac
0x9dae
0x9db0
0x9db2
0x9db4
0x9db6
0x9db8
0x9dbc
0x7000
0x7002
0x7004
0x7006
0x7008
0x700a
0x9dc0
0x9dc2
0x9dc4
0x9dc8
0x9dca
0x9dcc
0x9dce
0x9dd0
0x95d4
0x95d8
0x95da
0x95dc
0x95de
0x95e0
0x95e2
0x95e4
0x95e6
0x95e8
0x95ea
0x95ec
0x95ee
0x95f0
0x967e
0x9682
0x9684
0x9dd4
0x9dd6
0x9dd8
0x9ddc
0x9dde
0x9de2
0x9de4
0x9de8
0x9dec
0x9dee
0x95d4
0x95d8
0x95da
0x95dc
0x95de
0x95e0
0x95e2
0x95e4
0x95e6
0x95e8
0x95ea
0x95ec
0x95ee
0x95f0
0x967e
0x9682
0x9684
0x9df2
0x9df4
0x9df8
0x9dfa
0x9dfc
0x9dfe
0x9e00
0x9e02
0x9ee2
0x9ee4
0x9ee6
0x9ee8
0x9eea
0x9eec
0x82da
0x82dc
0x82e0
0x82e2
0x82e4
0x82e6
0x82e8
0x82ea
0x82ec
0x9f30
0x9f32
0x9f34
0x9f36
0x9f38
0x9f3a
0x9f3c
0x9f3e
0x7010
0x7012
0x7014
0x7016
0x7018
0x701a
0x701c
0x701e
0x7020
0x7022
0x9f42
0x9f44
0x6f5c
0x6f5e
0x6f60
0x6f62
0x6f64
0x6f66
0x6f68
0x6f6c
0x6f6e
0x6f70
0x6f72
0x6f74
0x6f76
0x6f78
0x13084
0x13086
0x1308a
0x1308c
0x1308e
0x130a8
0x130aa
0x130ac
0x130b0
0x130b2
0x130b4
0x130b6
0x130b8
0x130c6
0x130ca
0x130ce
0x130b6
0x130b8
0x130ba
0x130be
0x130c2
0x130c4
0x13090
0x13092
0x13094
0x13096
0x13098
0x6f7c
0x6f7e
0x6f82
0x6f84
0x6f86
0x9f48
0x9f4a
0x9f4c
0x9f4e
0x9f50
0x9f52
0x82f0
0x82f2
0x82f4
0x9544
0x9546
0x9548
0x954a
0x954c
0x954e
0x9550
0x9552
0x9554
0x9556
0x9558
0x82f8
0x82fa
0x82fc
0x82fe
0x14d98
0x14d9a
0x14d9c
0x14d9e
0x14cce
0x14cd2
0x14cd4
0x14cd6
0x14cd8
0x14cdc
0x14ce0
0x14ce4
0x14ce8
0x14cec
0x14d26
0x14d2a
0x14d2c
0x14d0e
0x14d10
0x14d14
0x14d2e
0x14d30
0x14d34
0x14d36
0x14d38
0x14d3a
0x14d54
0x14d56
0x14d5a
0x14d5c
0x14d5e
0x14d22
0x14d24
0x14d40
0x14d42
0x14d44
0x15462
0x15464
0x15466
0x15468
0x1547c
0x14d48
0x14d4a
0x14d4c
0x14ed2
0x14ed4
0x14ed8
0x14eda
0x340c
0x340e
0x3410
0x3412
0x3414
0x3416
0x3418
0x341a
0x341c
0x3420
0x3422
0x3424
0x3428
0x3440
0x3442
0x3444
0x3448
0x344a
0x344e
0x3452
0x3454
0x3458
0x345c
0x345e
0x3462
0x3464
0x3466
0x3468
0x346a
0x346c
0x346e
0x3472
0x3476
0x347a
0x347e
0x342c
0x342e
0x3430
0x14d50
0x14d52
0x14d02
0x8302
0x82d0
0x82d4
0x82d6
0x9da0
0x9da4
0x9da6
0x9daa
0x9dac
0x9dae
0x9db0
0x9db2
0x9db4
0x9db6
0x9db8
0x9dbc
0x7000
0x7002
0x700c
0x700e
0x9dc0
0x9dc2
0x9dc4
0x9efa
0x9efc
0x9efe
0x9f00
0x95d4
0x95d8
0x95da
0x95dc
0x95de
0x95e0
0x95e2
0x95e4
0x95e6
0x95e8
0x95ea
0x95ec
0x95ee
0x95f0
0x967e
0x9682
0x9684
0x9f04
0x9f06
0x9f08
0x9f0a
0x82da
0x82dc
0x82e0
0x82e2
0x82e4
0x82e6
0x82e8
0x82ea
0x8304
0x8308
0x830a
0x11de0
0x11de2
0x11de4
0x11de8
0x11dec
0x11df0
0x11df4
0x11df6
0x11e08
0x11e18
0x11e1a
0x11c24
0x11c26
0x11c28
0x11c2a
0x11c2c
0x11c2e
0x11c30
0x11c32
0x11c34
0x11b38
0x11b3a
0x11b3c
0x11b3e
0x11b40
0x11b44
0x11b48
0x11b4c
0x11b50
0x11b04
0x11b06
0x11b0a
0x11b0c
0x11b0e
0x11b10
0x11b12
0x11838
0x1183a
0x1183e
0x11840
0x11842
0x11844
0x11846
0x11848
0x1184a
0x1184c
0x1184e
0x11852
0x11854
0x11856
0x11858
0x1185c
0x11b16
0x11b18
0x11b1c
0x11b1e
0x11b20
0x11b22
0x11b24
0x11b26
0x11b28
0x11b2c
0x11864
0x11866
0x11868
0x1186a
0x1186e
0x14f4e
0x14f50
0x14f52
0x14f54
0x14f56
0x14f58
0x14f5a
0x14f5c
0x11872
0x11874
0x11876
0x11878
0x1187a
0x1187c
0x11880
0x11882
0x11886
0x1189c
0x1189e
0x118a0
0x1178c
0x1178e
0x11790
0x11792
0x117ac
0x118a4
0x118a6
0x1189a
0x11b54
0x11b56
0x11b5a
0x11b5c
0x11b5e
0x11b60
0x11b62
0x11b64
0x11b66
0x11b68
0x11b6a
0x11b6c
0x11b6e
0x11bc8
0x11bca
0x11bcc
0x11bce
0x11bd0
0x11bd2
0x11bd4
0x11b90
0x11b94
0x11b98
0x11b9a
0x11bd6
0x11c38
0x11c3a
0x11c3e
0x340c
0x340e
0x3410
0x3412
0x3414
0x3416
0x3418
0x341a
0x341c
0x3420
0x3422
0x3424
0x3428
0x3440
0x3442
0x3444
0x3448
0x344a
0x344e
0x3452
0x3454
0x3458
0x345c
0x345e
0x3462
0x3464
0x3466
0x3468
0x346a
0x346c
0x346e
0x3472
0x3476
0x347a
0x347e
0x342c
0x342e
0x3430
0x122ca
0x122cc
0x122d0
0x122d4
0x122d8
0x122dc
0x12286
0x12288
0x1228a
0x1228c
0x15244
0x15246
0x15248
0x1524c
0x1524e
0x15250
0x15254
0x15258
0x1525c
0x15260
0x15262
0x1527a
0x1527c
0x15266
0x1526a
0x1527e
0x15282
0x15286
0x1528a
0x1528e
0x15292
0x15296
0x15298
0x1524e
0x15250
0x15252
0x12290
0x12294
0x12298
0x122b2
0x122b4
0x122b6
0x14e70
0x14e7a
0x14e7e
0x14e82
0x14e86
0x14e8a
0x14e8c
0x14e8e
0x14e90
0x14e92
0x14e96
0x14e98
0x14e9a
0x14e9c
0x14e9e
0x14ea0
0x14d70
0x14d72
0x14d74
0x14d76
0x14d78
0x14d7a
0x14d84
0x14d86
0x14ea4
0x14ea8
0x14eac
0x14eae
0x14e32
0x14e34
0x821a
0x821c
0x821e
0x8220
0x8222
0x8224
0x8202
0x8258
0x825a
0x825c
0x8260
0x8262
0x4ebc
0x4ebe
0x4ec0
0x4ec2
0x149a0
0x149a2
0x149a4
0x149a6
0x149a8
0x1057c
0x10580
0x10582
0x10584
0x10586
0x14998
0x1499a
0x15228
0x1522a
0x12210
0x12212
0x12216
0x1221a
0x1221e
0x12222
0x335c
0x3360
0x3364
0x3368
0x336c
0x336e
0x3372
0x3374
0x3376
0x3378
0x337c
0x3380
0x3384
0x12226
0x12228
0x1222c
0x1222e
0x12232
0x12236
0x1223a
0x1223c
0x1223e
0x1522e
0x15232
0x15236
0x1523a
0x1523c
0x15240
0x15242
0x1499e
0x1058a
0x1058c
0x10590
0x10594
0x10598
0x1059c
0x1059e
0x105a0
0x105a2
0x105a4
0x105a6
0x10602
0x10604
0x10606
0x10608
0x1060c
0x10610
0x10612
0x10614
0x10616
0x10618
0x1061c
0x1061e
0x10620
0x10622
0x10624
0x105bc
0x105be
0x105c0
0x105c2
0x105c4
0x105c6
0x105d6
0x105d8
0x105da
0x105de
0x105e0
0x105e2
0x105e4
0x105e6
0x105e8
0x105ea
0x10550
0x10552
0x10554
0x10556
0x1055a
0x1055c
0x1055e
0x10560
0x10562
0x10564
0x10566
0x10568
0x1056a
0x10534
0x10536
0x10538
0x1053c
0x1053e
0x10540
0x10542
0x10544
0x10546
0x1056e
0x10572
0x10576
0x105ec
0x105ee
0x105f0
0x10646
0x10648
0x1064a
0x1064c
0x1064e
0x10650
0x10652
0x10654
0x10656
0x10658
0x1063c
0x1063e
0x10640
0x4ec6
0x4ec8
0x4eca
0x4ecc
0x4ece
0x149de
0x149e0
0x149e2
0x149e4
0x4ed2
0x4ed4
0x4ed6
0x8266
0x8268
0x826a
0x826c
0x826e
0x9048
0x904c
0x904e
0x9050
0x9052
0x9054
0x9056
0x9058
0x905a
0x905c
0x905e
0x9060
0x9072
0x9076
0x9078
0x945c
0x9460
0x9464
0x9466
0x946a
0xe050
0xe052
0xe054
0xe056
0xe05a
0xe05c
0xe05e
0x946e
0x907c
0x907e
0x9080
0x9084
0x9086
0x908a
0x908c
0x908e
0x9090
0x9094
0x9098
0x909c
0x909e
0x90a0
0x90a4
0x90a6
0x90a8
0x90aa
0x90ae
0x90b0
0x90b2
0x90b4
0x90b6
0x90ba
0x90be
0x90c0
0x94a2
0x94a4
0x94a6
0x83a0
0x83a2
0x83a6
0x83a8
0x83aa
0x83ac
0x83ae
0x14a08
0x14a0a
0x14a0c
0x14a0e
0x14a10
0x14a12
0x83b2
0x83b4
0x83b6
0x83b8
0x83ba
0x83bc
0x83be
0x14a08
0x14a0a
0x14a0c
0x14a0e
0x14a10
0x14a12
0x83c2
0x83c4
0x83c6
0x83c8
0x83cc
0x14a08
0x14a0a
0x14a0c
0x14a0e
0x14a10
0x14a12
0x94aa
0x94ac
0x94b0
0x94b4
0x94b6
0x94ba
0x94bc
0x94be
0x94c0
0x94c2
0x94c4
0x13084
0x13086
0x1308a
0x1308c
0x1308e
0x13090
0x13092
0x13094
0x13096
0x130d0
0x130d4
0x130d8
0x13094
0x13096
0x130d0
0x130d4
0x130d8
0x13094
0x13096
0x130d0
0x130d4
0x130d8
0x13094
0x13096
0x130d0
0x130d4
0x130d8
0x13094
0x13096
0x130d0
0x130d4
0x130d8
0x13094
0x13096
0x130d0
0x130d4
0x130d8
0x13094
0x13096
0x13098
0x94c8
0x94ca
0x94cc
0x94ce
0x94d2
0x94d6
0x94da
0x94de
0x94e0
0x9134
0x9136
0x8272
0x8274
0x8276
0x8278
0x9fc0
0x9fc4
0x9fc6
0x9fc8
0x9fca
0x9fcc
0x9fce
0x9fd0
0x9fd2
0x9fd4
0x9fd6
0x9fd8
0x9fec
0x9ff0
0x9ff2
0x9ff4
0x9ff6
0x9ff8
0x9ffa
0x9ffc
0x6f5c
0x6f5e
0x6f60
0x6f62
0x6f64
0x6f66
0x6f68
0x6f6c
0x6f6e
0x6f70
0x6f72
0x6f74
0x6f76
0x6f78
0x13084
0x13086
0x1308a
0x1308c
0x1308e
0x130a8
0x130aa
0x130ac
0x130b0
0x130b2
0x130b4
0x130b6
0x130b8
0x130c6
0x130ca
0x130ce
0x130b6
0x130b8
0x130ba
0x130be
0x130c2
0x130c4
0x13090
0x13092
0x13094
0x13096
0x13098
0x6f7c
0x6f7e
0x6f82
0x6f84
0x6f86
0xa000
0xa002
0xa004
0xa006
0xa008
0xa00a
0xa00c
0xa00e
0xa012
0xa014
0xa018
0xa01a
0xa01c
0xa01e
0xa020
0xa022
0xa024
0xa026
0xa028
0xa02a
0xa08e
0xa090
0xa092
0xa094
0xa096
0xa098
0xa09a
0xa09e
0xa0a0
0xa0a4
0xa0a6
0xa0a8
0xa0aa
0xa0ac
0xa0ae
0xa0b0
0xa0b2
0xa0b4
0xa0b6
0xa0b8
0x6f28
0x6f2a
0x6f2c
0x6f2e
0x6f30
0x6f32
0x6f36
0x6f38
0x6f3a
0x6f3c
0x6f40
0x6f42
0x13084
0x13086
0x1308a
0x1308c
0x1308e
0x130a8
0x130aa
0x130ac
0x130b0
0x130b2
0x130b4
0x130b6
0x130b8
0x130c6
0x130ca
0x130ce
0x130b6
0x130b8
0x130ba
0x130be
0x130c2
0x130c4
0x13090
0x13092
0x13094
0x13096
0x13098
0x6f46
0x6f48
0x6f4a
0x6f4c
0x6f50
0x6f52
0x6f54
0x6f56
0x6f58
0x6f5a
0xa0bc
0xa0be
0xa0c0
0xa0c4
0xa0c6
0x6f28
0x6f2a
0x6f2c
0x6f2e
0x6f30
0x6f32
0x6f36
0x6f38
0x6f3a
0x6f3c
0x6f40
0x6f42
0x13084
0x13086
0x1308a
0x1308c
0x1308e
0x130a8
0x130aa
0x130ac
0x130b0
0x130b2
0x130b4
0x130b6
0x130b8
0x130c6
0x130ca
0x130ce
0x130b6
0x130b8
0x130ba
0x130be
0x130c2
0x130c4
0x13090
0x13092
0x13094
0x13096
0x13098
0x6f46
0x6f48
0x6f4a
0x6f4c
0x6f50
0x6f52
0x6f54
0x6f56
0x6f58
0x6f5a
0xa0ca
0xa0cc
0xa0ce
0xa0d0
0xa0d4
0xa0d6
0xa0d8
0xa0da
0xa0de
0xa0e0
0xa0e2
0xa0e4
0xa0e6
0xa0e8
0xa0ea
0xa060
0x827c
0x827e
0x8280
0x8282
0x8252
0x4378
0x437a
0x437c
0x437e
0x4380
0x43ce
0x43d0
0x43d2
0x14a56
0x14a58
0x14a5a
0x14a5c
0x14a5e
0x14a60
0x14a62
0x14a64
0x43d6
0x43d8
0x43da
0x43dc
0x43de
0x13282
0x13284
0x13288
0x1328a
0x1328c
0x1328e
0x13290
0x13292
0x13294
0x13296
0x1328c
0x1328e
0x13290
0x1329c
0x1329e
0x132a0
0x132a2
0x132a4
0x132a6
0x132a8
0x3c30
0x3c32
0x3c34
0x3c36
0x3c38
0x14a56
0x14a58
0x14a5a
0x14a5c
0x14a5e
0x14a60
0x14a62
0x14a64
0x3c3c
0x3c3e
0x3c40
0x3c42
0x3c46
0x3c48
0x13282
0x13284
0x13288
0x1328a
0x1328c
0x1328e
0x13290
0x1329c
0x1329e
0x132a0
0x132a2
0x132a4
0x132a6
0x132a8
0x1367a
0x1367c
0x1367e
0x13680
0x13682
0x13686
0x1368a
0x1368e
0x13690
0x13694
0x13698
0x1369c
0x136a0
0x136a4
0x136a8
0x136ac
0x136ae
0x136b2
0x136b4
0x136b6
0x132b8
0x132ba
0x13084
0x13086
0x1308a
0x1308c
0x1308e
0x13090
0x13092
0x13094
0x13096
0x130d0
0x130d4
0x130d8
0x13094
0x13096
0x130d0
0x130d4
0x130d8
0x13094
0x13096
0x130d0
0x130d4
0x130d8
0x13094
0x13096
0x130d0
0x130d4
0x130d8
0x13094
0x13096
0x130d0
0x130d4
0x130d8
0x13094
0x13096
0x130d0
0x130d4
0x130d8
0x13094
0x13096
0x130d0
0x130d4
0x130d8
0x13094
0x13096
0x13098
0x136ba
0x136bc
0x136be
0x136c0
0x136c4
0x136c6
0x136ca
0x13084
0x13086
0x1308a
0x1308c
0x1308e
0x13090
0x13092
0x13094
0x13096
0x130d0
0x130d4
0x130d8
0x13094
0x13096
0x130d0
0x130d4
0x130d8
0x13094
0x13096
0x130d0
0x130d4
0x130d8
0x13094
0x13096
0x130d0
0x130d4
0x130d8
0x13094
0x13096
0x130d0
0x130d4
0x130d8
0x13094
0x13096
0x130d0
0x130d4
0x130d8
0x13094
0x13096
0x13098
0x136ce
0x136d0
0x136d2
0x136d6
0x136d8
0x136dc
0x13084
0x13086
0x1308a
0x1308c
0x1308e
0x13090
0x13092
0x13094
0x13096
0x130d0
0x130d4
0x130d8
0x13094
0x13096
0x130d0
0x130d4
0x130d8
0x13094
0x13096
0x130d0
0x130d4
0x130d8
0x13094
0x13096
0x130d0
0x130d4
0x130d8
0x13094
0x13096
0x130d0
0x130d4
0x130d8
0x13094
0x13096
0x130d0
0x130d4
0x130d8
0x13094
0x13096
0x13098
0x136e0
0x136e2
0x4d90
0x4d92
0x4d94
0x4d96
0x4d98
0x4dc4
0x4dc6
0x4dca
0x4dcc
0x4dce
0x132b8
0x132ba
0x13084
0x13086
0x1308a
0x1308c
0x1308e
0x130a8
0x130aa
0x130ac
0x130b0
0x130b2
0x130b4
0x130b6
0x130b8
0x130c6
0x130ca
0x130ce
0x130b6
0x130b8
0x130ba
0x130be
0x130c2
0x130c4
0x13090
0x13092
0x13094
0x13096
0x130d0
0x130d4
0x130d8
0x13094
0x13096
0x130d0
0x130d4
0x130d8
0x13094
0x13096
0x130d0
0x130d4
0x130d8
0x13094
0x13096
0x13098
0x4dd2
0x4dd6
0x4dd8
0x4dda
0x4ddc
0x4dde
0x4e24
0x4e26
0x4e28
0x132b8
0x132ba
0x13084
0x13086
0x1308a
0x1308c
0x1308e
0x130a8
0x130aa
0x130ac
0x130b0
0x130b2
0x130b4
0x130b6
0x130b8
0x130c6
0x130ca
0x130ce
0x130b6
0x130b8
0x130ba
0x130be
0x130c2
0x130c4
0x13090
0x13092
0x13094
0x13096
0x130d0
0x130d4
0x130d8
0x13094
0x13096
0x130d0
0x130d4
0x130d8
0x13094
0x13096
0x130d0
0x130d4
0x130d8
0x13094
0x13096
0x13098
0x4e2c
0x4df8
0x4dfa
0x4dfc
0x4dfe
0x4e00
0x3c50
0x3c52
0x3c54
0x3c56
0x3c58
0x3c5a
0x54d8
0x54da
0x54dc
0x54de
0x54e2
0x54e4
0x136ea
0x136ee
0x136f0
0x136f4
0x54e8
0x54ee
0x54f0
0x54f2
0x54f4
0x550c
0x550e
0x5510
0x5512
0x13826
0x13828
0x1382a
0x1382c
0x1382e
0x13830
0x13832
0x13836
0x13838
0x1383a
0x13064
0x13066
0x13068
0x1306a
0x1306c
0x13070
0x13074
0x13076
0x13078
0x1307a
0x1306c
0x13070
0x13074
0x13076
0x13078
0x1307a
0x1307c
0x1307e
0x1383e
0x13840
0x13842
0x13844
0x13846
0x1384a
0x1384c
0x13064
0x13066
0x13068
0x1306a
0x1306c
0x13070
0x13074
0x13076
0x13078
0x1307a
0x1306c
0x13070
0x13074
0x13076
0x13078
0x1307a
0x1307c
0x1307e
0x13850
0x13854
0x13856
0x5516
0x5518
0x551a
0x54ea
0x54ec
0x3c5e
0x3c60
0x3c62
0x3c64
0x3c66
0x3c68
0x3c6a
0x3c6e
0x3c70
0x3c74
0x3c76
0x3c78
0x54d8
0x54da
0x54dc
0x54de
0x54e2
0x54e4
0x136ea
0x136ee
0x136f0
0x136f4
0x54e8
0x54ee
0x54f0
0x54f2
0x54f4
0x550c
0x550e
0x5510
0x5512
0x13826
0x13828
0x1382a
0x1382c
0x1382e
0x13830
0x13832
0x13836
0x13838
0x1383a
0x13064
0x13066
0x13068
0x1306a
0x1306c
0x13070
0x13074
0x13076
0x13078
0x1307a
0x1306c
0x13070
0x13074
0x13076
0x13078
0x1307a
0x1306c
0x13070
0x13074
0x13076
0x13078
0x1307a
0x1306c
0x13070
0x13074
0x13076
0x13078
0x1307a
0x1306c
0x13070
0x13074
0x13076
0x13078
0x1307a
0x1306c
0x13070
0x13074
0x13076
0x13078
0x1307a
0x1306c
0x13070
0x13074
0x13076
0x1307c
0x1307e
0x1383e
0x13862
0x13864
0x13856
0x5516
0x5518
0x54f6
0x54f8
0x54fa
0x54fc
0x54fe
0x5500
0x5502
0x5504
0x13726
0x13728
0x1372c
0x13730
0x13732
0x13736
0x13738
0x1373a
0x1373e
0x5508
0x550a
0x54ec
0x3c7c
0x3c7e
0x4e04
0x4e06
0x4e08
0x4e0a
0x4e0c
0x4e0e
0x4e12
0x132f2
0x132f4
0x132f8
0x132fc
0x13300
0x13304
0x13308
0x1330a
0x1330e
0x4e16
0x4e2e
0x4e30
0x4e32
0x4e36
0x132b8
0x132ba
0x13084
0x13086
0x1308a
0x1308c
0x1308e
0x130a8
0x130aa
0x130ac
0x130b0
0x130b2
0x130b4
0x130b6
0x130b8
0x130c6
0x130ca
0x130ce
0x130b6
0x130b8
0x130ba
0x130be
0x130c2
0x130c4
0x13090
0x13092
0x13094
0x13096
0x130d0
0x130d4
0x130d8
0x13094
0x13096
0x130d0
0x130d4
0x130d8
0x13094
0x13096
0x130d0
0x130d4
0x130d8
0x13094
0x13096
0x13098
0x4e3a
0x4e3c
0x4e3e
0x4e42
0x4e46
0x4e48
0x4e4a
0x4e4e
0x4e52
0x4e54
0x4e56
0x4e5a
0x4e5e
0x4e60
0x4e62
0x4e64
0x4e66
0x4e68
0x4e6a
0x4e6c
0x4e70
0x132b8
0x132ba
0x13084
0x13086
0x1308a
0x1308c
0x1308e
0x13090
0x13092
0x13094
0x13096
0x130d0
0x130d4
0x130d8
0x13094
0x13096
0x130d0
0x130d4
0x130d8
0x13094
0x13096
0x130d0
0x130d4
0x130d8
0x13094
0x13096
0x130d0
0x130d4
0x130d8
0x13094
0x13096
0x130d0
0x130d4
0x130d8
0x13094
0x13096
0x130d0
0x130d4
0x130d8
0x13094
0x13096
0x130d0
0x130d4
0x130d8
0x13094
0x13096
0x13098
0x4e74
0x4e76
0x4e78
0x4e7c
0x4e7e
0x4e82
0x132b8
0x132ba
0x13084
0x13086
0x1308a
0x1308c
0x1308e
0x13090
0x13092
0x13094
0x13096
0x130d0
0x130d4
0x130d8
0x13094
0x13096
0x130d0
0x130d4
0x130d8
0x13094
0x13096
0x130d0
0x130d4
0x130d8
0x13094
0x13096
0x130d0
0x130d4
0x130d8
0x13094
0x13096
0x130d0
0x130d4
0x130d8
0x13094
0x13096
0x130d0
0x130d4
0x130d8
0x13094
0x13096
0x130d0
0x130d4
0x130d8
0x13094
0x13096
0x13098
0x4e86
0x4e8a
0x132ac
0x132b0
0x132b2
0x132b6
0x4e8e
0x4e90
0x4e92
0x4e96
0x4e98
0x4e9c
0x4e9e
0x4ea0
0x4cec
0x4cee
0x4cf0
0x4cf2
0x4cf4
0x4cf6
0x4cfa
0x4cfc
0x4cfe
0x4d00
0x4d02
0x4d06
0x52bc
0x52c0
0x52c2
0x52c6
0x52c8
0x52ca
0x52cc
0x136ea
0x136ee
0x136f0
0x136f4
0x52d0
0x52d2
0x52d4
0x52d6
0x4d0a
0x4d0c
0x4d2a
0x4d2c
0x4ea4
0x4ea6
0x4ea8
0x5338
0x533a
0x533c
0x533e
0x5340
0x5344
0x5346
0x534e
0x5350
0x5352
0x5354
0x5358
0x535a
0x535c
0x5360
0x5364
0x14d88
0x14d8a
0x14d8e
0x14d92
0x14d96
0x5368
0x536a
0x536c
0x122ec
0x122ee
0x122f0
0x122f4
0x122f8
0x122fc
0x12300
0x12302
0x12304
0x12306
0x12308
0x1230a
0x1231a
0x1231e
0x12320
0x12322
0x12324
0x12328
0x1529a
0x1529c
0x1529e
0x152a0
0x152a2
0x152a4
0x152a6
0x152c0
0x152d0
0x152d2
0x152d4
0x152d6
0x152d8
0x152da
0x152dc
0x152de
0x152e0
0x152e2
0x152e4
0x152e6
0x14f14
0x14f16
0x14f18
0x14f1c
0x14f20
0x14f24
0x14f28
0x14f2a
0x11838
0x1183a
0x1183e
0x11840
0x1184e
0x11852
0x11854
0x11856
0x11858
0x1185c
0x14f2e
0x14f30
0x14f34
0x14f36
0x14f38
0x14f3a
0x14f3e
0x14f42
0x14f46
0x14f4a
0x151a8
0x151aa
0x151ae
0x151b2
0x151b6
0x151ba
0x151bc
0x151ce
0x151d2
0x151c4
0x151c8
0x151cc
0x152ea
0x152ec
0x152ee
0x152f2
0x152f4
0x152f6
0x152f8
0x152fa
0x15300
0x15302
0x15304
0x15306
0x15308
0x14f62
0x14f64
0x14f68
0x14f6c
0x14f70
0x14f74
0x118e4
0x118e6
0x118e8
0x118ea
0x118ec
0x118ee
0x118f0
0x118f2
0x118f4
0x118f8
0x118fa
0x118fc
0x118fe
0x11900
0x11902
0x11904
0x11906
0x11908
0x1190c
0x11910
0x11912
0x1191c
0x1191e
0x11922
0x11924
0x11926
0x11928
0x1192c
0x1192e
0x11930
0x11932
0x11864
0x11866
0x11868
0x1186a
0x1186e
0x14f4e
0x14f50
0x14f52
0x14f54
0x14f56
0x14f58
0x14f5a
0x14f5c
0x11872
0x11874
0x11876
0x11878
0x1187a
0x1187c
0x11880
0x11882
0x11886
0x11888
0x1188a
0x1188c
0x1188e
0x11890
0x11892
0x11894
0x11896
0x11898
0x1189a
0x14f78
0x14f7c
0x14f80
0x1530c
0x152fc
0x152fe
0x152c2
0x152c4
0x152c6
0x152c8
0x152ac
0x152ae
0x152b0
0x152b2
0x152b6
0x152b8
0x152bc
0x152be
0x152ca
0x1232c
0x1232e
0x12330
0x12332
0x14ed2
0x14ed4
0x14ed8
0x14eda
0x340c
0x340e
0x3410
0x3412
0x3414
0x3416
0x3418
0x341a
0x341c
0x3420
0x3422
0x3424
0x3428
0x3440
0x3442
0x3444
0x3448
0x344a
0x344e
0x3452
0x3454
0x3458
0x345c
0x345e
0x3462
0x3464
0x3466
0x3468
0x346a
0x346c
0x346e
0x3472
0x3476
0x347a
0x347e
0x342c
0x342e
0x3430
0x12336
0x12316
0x12318
0x5370
0x5372
0x5374
0x5378
0x57f4
0x57f8
0x57fa
0x57fc
0x5800
0x5802
0x5804
0x580c
0x580e
0x5810
0x5812
0x59c4
0x59c6
0x59c8
0x59ca
0x59cc
0x59ce
0x11438
0x1143a
0x1143c
0x1143e
0x11442
0x11446
0x1144a
0x1144e
0x11450
0x11452
0x11454
0x11456
0x11458
0x1145a
0x1145c
0x1145e
0x11460
0x11464
0x11468
0x11486
0x59d2
0x59d4
0x59d6
0x59d8
0x59da
0x59dc
0x130da
0x130dc
0x130de
0x130e0
0x130e2
0x130e4
0x130e8
0x130ec
0x130f0
0x130f2
0x130f4
0x130f6
0x13114
0x13118
0x130f4
0x130f6
0x13114
0x13118
0x130f4
0x130f6
0x13114
0x13118
0x130f4
0x130f6
0x13114
0x13118
0x130f4
0x130f6
0x13114
0x13118
0x130f4
0x130f6
0x13114
0x13118
0x130f4
0x130f6
0x13114
0x13118
0x130f4
0x130f6
0x13114
0x13118
0x130f4
0x130f6
0x13114
0x13118
0x130f4
0x130f6
0x13114
0x13118
0x130f4
0x130f6
0x13114
0x13118
0x130f4
0x130f6
0x13114
0x13118
0x130f4
0x130f6
0x13114
0x13118
0x130f4
0x130f6
0x13114
0x13118
0x130f4
0x130f6
0x13114
0x13118
0x130f4
0x130f6
0x13114
0x13118
0x130f4
0x130f6
0x13114
0x13118
0x130f4
0x130f6
0x13114
0x13118
0x130f4
0x130f6
0x13114
0x13118
0x130f4
0x130f6
0x13114
0x13118
0x130f4
0x130f6
0x13114
0x13118
0x130f4
0x130f6
0x13114
0x13118
0x130f4
0x130f6
0x13114
0x13118
0x130f4
0x130f6
0x13114
0x13118
0x130f4
0x130f6
0x13114
0x13118
0x130f4
0x130f6
0x13114
0x13118
0x130f4
0x130f6
0x13114
0x13118
0x130f4
0x130f6
0x13114
0x13118
0x130f4
0x130f6
0x13114
0x13118
0x130f4
0x130f6
0x13114
0x13118
0x130f4
0x130f6
0x13114
0x13118
0x130f4
0x130f6
0x13114
0x13118
0x130f4
0x130f6
0x13114
0x13118
0x130f4
0x130f6
0x13114
0x13118
0x130f4
0x130f6
0x13114
0x13118
0x130f4
0x130f6
0x13114
0x13118
0x130f4
0x130f6
0x13114
0x13118
0x130f4
0x130f6
0x13114
0x13118
0x130f4
0x130f6
0x13114
0x13118
0x130f4
0x130f6
0x13114
0x13118
0x130f4
0x130f6
0x13114
0x13118
0x130f4
0x130f6
0x13114
0x13118
0x130f4
0x130f6
0x13114
0x13118
0x130f4
0x130f6
0x13114
0x13118
0x130f4
0x130f6
0x13114
0x13118
0x130f4
0x130f6
0x13114
0x13118
0x130f4
0x130f6
0x13114
0x13118
0x130f4
0x130f6
0x13114
0x13118
0x130f4
0x130f6
0x13114
0x13118
0x130f4
0x130f6
0x13114
0x13118
0x130f4
0x130f6
0x13114
0x13118
0x130f4
0x130f6
0x13114
0x13118
0x130f4
0x130f6
0x13114
0x13118
0x130f4
0x130f6
0x13114
0x13118
0x130f4
0x130f6
0x13114
0x13118
0x130f4
0x130f6
0x13114
0x13118
0x130f4
0x130f6
0x13114
0x13118
0x130f4
0x130f6
0x13114
0x13118
0x130f4
0x130f6
0x130f8
0x130fc
0x13100
0x13102
0x13104
0x13106
0x59e0
0x59e2
0x59e4
0x59e6
0x59e8
0x59ea
0x59ec
0x15052
0x15054
0x15056
0x15058
0x1505c
0x15060
0x15064
0x15068
0x1506a
0x59f0
0x59f2
0x59f4
0x59f6
0x59f8
0x5814
0x5816
0x5818
0x581a
0x581c
0x581e
0x5822
0x5824
0x5828
0x582c
0x1516e
0x15170
0x15174
0x15178
0x1517a
0x1517c
0x5830
0x5834
0x5838
0x583a
0x583e
0x5842
0x5844
0x5846
0x584a
0x584c
0x584e
0x5852
0x5854
0x5858
0x585a
0x585c
0x585e
0x5862
0x5864
0x5866
0x593c
0x593e
0x5940
0x5942
0x14d88
0x14d8a
0x14d8e
0x14d92
0x14d96
0x5946
0x5948
0x594c
0x594e
0x5950
0x5954
0x1516e
0x15170
0x15174
0x15178
0x1517a
0x1517c
0x5958
0x595a
0x595e
0x5868
0x586a
0x586e
0x5870
0x5874
0x5878
0x587c
0x587e
0x5880
0x5884
0x5886
0x5888
0x588a
0x5892
0x5894
0x5802
0x5804
0x580c
0x580e
0x5810
0x5812
0x57d8
0x57da
0x57dc
0x57de
0x57e0
0x57e2
0x57e4
0x5814
0x5816
0x5818
0x581a
0x581c
0x581e
0x5822
0x5824
0x5828
0x582c
0x1516e
0x15170
0x15174
0x15178
0x1517a
0x1517c
0x5830
0x5834
0x5838
0x583a
0x583e
0x5842
0x5844
0x5846
0x584a
0x584c
0x584e
0x5852
0x5896
0x5898
0x589a
0x5858
0x585a
0x585c
0x585e
0x5862
0x5864
0x5866
0x138bc
0x5868
0x586a
0x586e
0x5870
0x5874
0x5878
0x587c
0x587e
0x5880
0x5884
0x5886
0x5888
0x588a
0x5892
0x5894
0x5802
0x5804
0x580c
0x580e
0x5810
0x5812
0x6eb0
0x6eb2
0x6eb4
0x6eb6
0x6eb8
0x6eba
0x6ebc
0x5814
0x5816
0x5818
0x581a
0x581c
0x581e
0x5822
0x5824
0x5828
0x582c
0x1516e
0x15170
0x15174
0x15178
0x1517a
0x1517c
0x5830
0x5834
0x5838
0x583a
0x583e
0x5842
0x5844
0x5846
0x584a
0x584c
0x584e
0x5852
0x5896
0x5898
0x589a
0x5858
0x585a
0x585c
0x585e
0x5862
0x5864
0x5868
0x586a
0x586e
0x5870
0x5874
0x5878
0x587c
0x587e
0x5880
0x5884
0x5886
0x5888
0x588a
0x5892
0x5894
0x5802
0x5804
0x5806
0x5808
0x537c
0x537e
0x5382
0x4f8c
0x4f8e
0x4f90
0x4f92
0x4f94
0x4f96
0x4fa4
0x4fa6
0x4fa8
0x4faa
0x2778
0x2780
0x2782
0x127dc
0x127de
0x127e0
0x127e2
0x127e6
0x127e8
0x2c50
0x2c52
0x2c54
0x2c56
0x2c58
0x2c5a
0x2c5c
0x2c5e
0x2928
0x292c
0x292e
0x2930
0x2932
0x2934
0x2936
0x2938
0x293a
0x293e
0x2940
0x2942
0x2950
0x2952
0x2956
0x2958
0x295a
0x2944
0x2946
0x2948
0x294c
0x294e
0x286c
0x286e
0x2870
0x2872
0x2874
0x2876
0x3138
0x313a
0x313c
0x313e
0x3140
0x314c
0x314e
0x3150
0x3152
0x3154
0x10c2c
0x10c2e
0x10c30
0x10c32
0x10c34
0x10c36
0x10c38
0x10c3a
0x10c3c
0x10c3e
0x10c40
0x10c44
0x10c46
0x10c48
0x10c44
0x10c46
0x10c48
0x10c44
0x10c46
0x10c48
0x10c44
0x10c46
0x10c48
0x10c44
0x10c46
0x10c48
0x10c44
0x10c46
0x10c48
0x10c44
0x10c46
0x10c48
0x10c44
0x10c46
0x10c48
0x10c44
0x10c46
0x10c48
0x10c44
0x10c46
0x10c48
0x10c44
0x10c46
0x10c48
0x10c44
0x10c46
0x10c48
0x10c44
0x10c46
0x10c48
0x10c44
0x10c46
0x10c48
0x10c44
0x10c46
0x10c48
0x10c44
0x10c46
0x10c48
0x10c44
0x10c46
0x10c48
0x10c44
0x10c46
0x10c48
0x10c44
0x10c46
0x10c48
0x10c44
0x10c46
0x10c48
0x10c44
0x10c46
0x10c48
0x10c44
0x10c46
0x10c48
0x10c44
0x10c46
0x10c48
0x10c44
0x10c46
0x10c48
0x10c44
0x10c46
0x10c48
0x10c44
0x10c46
0x10c48
0x10c44
0x10c46
0x10c48
0x10c44
0x10c46
0x10c48
0x10c44
0x10c46
0x10c48
0x10c44
0x10c46
0x10c48
0x10c44
0x10c46
0x10c48
0x10c44
0x10c46
0x10c48
0x10c44
0x10c46
0x10c48
0x10c44
0x10c46
0x10c48
0x10c44
0x10c46
0x10c48
0x10c44
0x10c46
0x10c48
0x10c44
0x10c46
0x10c48
0x10c44
0x10c46
0x10c48
0x10c44
0x10c46
0x10c48
0x10c44
0x10c46
0x10c48
0x10c44
0x10c46
0x10c48
0x10c44
0x10c46
0x10c48
0x10c44
0x10c46
0x10c48
0x10c44
0x10c46
0x10c48
0x10c44
0x10c46
0x10c48
0x10c44
0x10c46
0x10c48
0x10c44
0x10c46
0x10c48
0x10c44
0x10c46
0x10c48
0x10c44
0x10c46
0x10c48
0x10c44
0x10c46
0x10c48
0x10c44
0x10c46
0x10c48
0x10c44
0x10c46
0x10c48
0x10c44
0x10c46
0x10c48
0x10c44
0x10c46
0x10c48
0x10c44
0x10c46
0x10c48
0x10c44
0x10c46
0x10c48
0x10c44
0x10c46
0x10c48
0x10c44
0x10c46
0x10c48
0x10c44
0x10c46
0x10c48
0x10c44
0x10c46
0x10c48
0x10c44
0x10c46
0x10c48
0x10c44
0x10c46
0x10c48
0x10c44
0x10c46
0x10c48
0x10c44
0x10c46
0x10c48
0x10c44
0x10c46
0x10c48
0x10c44
0x10c46
0x10c48
0x10c44
0x10c46
0x10c48
0x10c44
0x10c46
0x10c48
0x10c44
0x10c46
0x10c48
0x10c44
0x10c46
0x10c48
0x10c44
0x10c46
0x10c48
0x10c44
0x10c46
0x10c48
0x10c44
0x10c46
0x10c48
0x10c44
0x10c46
0x10c48
0x10c44
0x10c46
0x10c48
0x10c44
0x10c46
0x10c48
0x10c44
0x10c46
0x10c48
0x10c44
0x10c46
0x10c48
0x10c44
0x10c46
0x10c48
0x10c44
0x10c46
0x10c48
0x10c44
0x10c46
0x10c48
0x10c44
0x10c46
0x10c48
0x10c44
0x10c46
0x10c48
0x10c44
0x10c46
0x10c48
0x10c44
0x10c46
0x10c48
0x10c44
0x10c46
0x10c48
0x10c44
0x10c46
0x10c48
0x10c44
0x10c46
0x10c48
0x10c44
0x10c46
0x10c48
0x10c44
0x10c46
0x10c48
0x10c44
0x10c46
0x10c48
0x10c44
0x10c46
0x10c48
0x10c44
0x10c46
0x10c48
0x10c44
0x10c46
0x10c48
0x10c44
0x10c46
0x10c48
0x10c44
0x10c46
0x10c48
0x10c44
0x10c46
0x10c48
0x10c44
0x10c46
0x10c48
0x10c44
0x10c46
0x10c48
0x10c44
0x10c46
0x10c48
0x10c44
0x10c46
0x10c48
0x10c44
0x10c46
0x10c48
0x10c44
0x10c46
0x10c48
0x10c44
0x10c46
0x10c48
0x10c44
0x10c46
0x10c48
0x10c44
0x10c46
0x10c48
0x10c44
0x10c46
0x10c48
0x10c44
0x10c46
0x10c48
0x10c44
0x10c46
0x10c48
0x10c44
0x10c46
0x10c48
0x10c44
0x10c46
0x10c48
0x10c44
0x10c46
0x10c48
0x10c44
0x10c46
0x10c48
0x10c44
0x10c46
0x10c48
0x10c44
0x10c46
0x10c48
0x10c44
0x10c46
0x10c48
0x10c44
0x10c46
0x10c48
0x10c44
0x10c46
0x10c48
0x10c44
0x10c46
0x10c48
0x10c44
0x10c46
0x10c48
0x10c44
0x10c46
0x10c48
0x10c44
0x10c46
0x10c48
0x10c44
0x10c46
0x10c48
0x10c44
0x10c46
0x10c48
0x10c44
0x10c46
0x10c48
0x10c44
0x10c46
0x10c48
0x10c44
0x10c46
0x10c48
0x10c44
0x10c46
0x10c48
0x10c44
0x10c46
0x10c48
0x10c44
0x10c46
0x10c48
0x10c44
0x10c46
0x10c48
0x10c44
0x10c46
0x10c48
0x10c44
0x10c46
0x10c48
0x10c44
0x10c46
0x10c48
0x10c44
0x10c46
0x10c48
0x10c44
0x10c46
0x10c48
0x10c44
0x10c46
0x10c48
0x10c44
0x10c46
0x10c48
0x10c44
0x10c46
0x10c48
0x10c44
0x10c46
0x10c48
0x10c44
0x10c46
0x10c48
0x10c44
0x10c46
0x10c48
0x10c44
0x10c46
0x10c48
0x10c44
0x10c46
0x10c48
0x10c44
0x10c46
0x10c48
0x10c44
0x10c46
0x10c48
0x10c44
0x10c46
0x10c48
0x10c44
0x10c46
0x10c48
0x10c44
0x10c46
0x10c48
0x10c44
0x10c46
0x10c48
0x10c44
0x10c46
0x10c48
0x10c44
0x10c46
0x10c48
0x10c44
0x10c46
0x10c48
0x10c44
0x10c46
0x10c48
0x10c44
0x10c46
0x10c48
0x10c44
0x10c46
0x10c48
0x10c44
0x10c46
0x10c48
0x10c44
0x10c46
0x10c48
0x10c44
0x10c46
0x10c48
0x10c44
0x10c46
0x10c48
0x10c44
0x10c46
0x10c48
0x10c44
0x10c46
0x10c48
0x10c44
0x10c46
0x10c48
0x10c44
0x10c46
0x10c48
0x10c44
0x10c46
0x10c48
0x10c44
0x10c46
0x10c48
0x10c44
0x10c46
0x10c48
0x10c44
0x10c46
0x10c48
0x10c44
0x10c46
0x10c48
0x10c44
0x10c46
0x10c48
0x10c44
0x10c46
0x10c48
0x10c44
0x10c46
0x10c48
0x10c44
0x10c46
0x10c48
0x10c44
0x10c46
0x10c48
0x10c44
0x10c46
0x10c48
0x10c44
0x10c46
0x10c48
0x10c44
0x10c46
0x10c48
0x10c44
0x10c46
0x10c48
0x10c44
0x10c46
0x10c48
0x10c44
0x10c46
0x10c48
0x10c44
0x10c46
0x10c48
0x10c44
0x10c46
0x10c48
0x10c44
0x10c46
0x10c48
0x10c44
0x10c46
0x10c48
0x10c44
0x10c46
0x10c48
0x10c44
0x10c46
0x10c48
0x10c44
0x10c46
0x10c48
0x10c44
0x10c46
0x10c48
0x10c44
0x10c46
0x10c48
0x10c44
0x10c46
0x10c48
0x10c44
0x10c46
0x10c48
0x10c44
0x10c46
0x10c48
0x10c44
0x10c46
0x10c48
0x10c44
0x10c46
0x10c48
0x10c44
0x10c46
0x10c48
0x10c44
0x10c46
0x10c48
0x10c44
0x10c46
0x10c48
0x10c44
0x10c46
0x10c48
0x10c44
0x10c46
0x10c48
0x10c44
0x10c46
0x10c48
0x10c44
0x10c46
0x10c48
0x10c44
0x10c46
0x10c48
0x10c44
0x10c46
0x10c48
0x10c44
0x10c46
0x10c48
0x10c44
0x10c46
0x10c48
0x10c44
0x10c46
0x10c48
0x10c44
0x10c46
0x10c48
0x10c44
0x10c46
0x10c48
0x10c44
0x10c46
0x10c48
0x10c44
0x10c46
0x10c48
0x10c44
0x10c46
0x10c48
0x10c44
0x10c46
0x10c48
0x10c44
0x10c46
0x10c48
0x10c44
0x10c46
0x10c48
0x10c44
0x10c46
0x10c48
0x10c44
0x10c46
0x10c48
0x10c44
0x10c46
0x10c48
0x10c44
0x10c46
0x10c48
0x10c44
0x10c46
0x10c48
0x10c44
0x10c46
0x10c48
0x10c44
0x10c46
0x10c48
0x10c44
0x10c46
0x10c48
0x10c44
0x10c46
0x10c48
0x10c44
0x10c46
0x10c48
0x10c44
0x10c46
0x10c48
0x10c44
0x10c46
0x10c48
0x10c44
0x10c46
0x10c48
0x10c44
0x10c46
0x10c48
0x10c44
0x10c46
0x10c48
0x10c44
0x10c46
0x10c48
0x10c44
0x10c46
0x10c48
0x10c44
0x10c46
0x10c48
0x10c44
0x10c46
0x10c48
0x10c44
0x10c46
0x10c48
0x10c44
0x10c46
0x10c48
0x10c44
0x10c46
0x10c48
0x10c44
0x10c46
0x10c48
0x10c44
0x10c46
0x10c48
0x10c44
0x10c46
0x10c48
0x10c44
0x10c46
0x10c48
0x10c44
0x10c46
0x10c48
0x10c44
0x10c46
0x10c48
0x10c44
0x10c46
0x10c48
0x10c44
0x10c46
0x10c48
0x10c44
0x10c46
0x10c48
0x10c44
0x10c46
0x10c48
0x10c44
0x10c46
0x10c48
0x10c44
0x10c46
0x10c48
0x10c44
0x10c46
0x10c48
0x10c44
0x10c46
0x10c48
0x10c44
0x10c46
0x10c48
0x10c44
0x10c46
0x10c48
0x10c44
0x10c46
0x10c48
0x10c44
0x10c46
0x10c48
0x10c44
0x10c46
0x10c48
0x10c44
0x10c46
0x10c48
0x10c44
0x10c46
0x10c48
0x10c44
0x10c46
0x10c48
0x10c44
0x10c46
0x10c48
0x10c44
0x10c46
0x10c48
0x10c44
0x10c46
0x10c48
0x10c44
0x10c46
0x10c48
0x10c44
0x10c46
0x10c48
0x10c44
0x10c46
0x10c48
0x10c44
0x10c46
0x10c48
0x10c44
0x10c46
0x10c48
0x10c44
0x10c46
0x10c48
0x10c44
0x10c46
0x10c48
0x10c44
0x10c46
0x10c48
0x10c44
0x10c46
0x10c48
0x10c44
0x10c46
0x10c48
0x10c44
0x10c46
0x10c48
0x10c44
0x10c46
0x10c48
0x10c44
0x10c46
0x10c48
0x10c44
0x10c46
0x10c48
0x10c44
0x10c46
0x10c48
0x10c44
0x10c46
0x10c48
0x10c44
0x10c46
0x10c48
0x10c44
0x10c46
0x10c48
0x10c44
0x10c46
0x10c48
0x10c44
0x10c46
0x10c48
0x10c44
0x10c46
0x10c48
0x10c44
0x10c46
0x10c48
0x10c44
0x10c46
0x10c48
0x10c44
0x10c46
0x10c48
0x10c44
0x10c46
0x10c48
0x10c44
0x10c46
0x10c48
0x10c44
0x10c46
0x10c48
0x10c44
0x10c46
0x10c48
0x10c44
0x10c46
0x10c48
0x10c44
0x10c46
0x10c48
0x10c44
0x10c46
0x10c48
0x10c44
0x10c46
0x10c48
0x10c44
0x10c46
0x10c48
0x10c44
0x10c46
0x10c48
0x10c44
0x10c46
0x10c48
0x10c44
0x10c46
0x10c48
0x10c44
0x10c46
0x10c48
0x10c44
0x10c46
0x10c48
0x10c44
0x10c46
0x10c48
0x10c44
0x10c46
0x10c48
0x10c44
0x10c46
0x10c48
0x10c44
0x10c46
0x10c48
0x10c44
0x10c46
0x10c48
0x10c44
0x10c46
0x10c48
0x10c44
0x10c46
0x10c48
0x10c44
0x10c46
0x10c48
0x10c44
0x10c46
0x10c48
0x10c44
0x10c46
0x10c48
0x10c44
0x10c46
0x10c48
0x10c44
0x10c46
0x10c48
0x10c44
0x10c46
0x10c48
0x10c44
0x10c46
0x10c48
0x10c44
0x10c46
0x10c48
0x10c44
0x10c46
0x10c48
0x10c44
0x10c46
0x10c48
0x10c44
0x10c46
0x10c48
0x10c4a
0x10c4c
0x10c4e
0x10c50
0x10c52
0x3156
0x3158
0x2950
0x2952
0x2956
0x2958
0x295a
0x2944
0x2946
0x2948
0x294c
0x294e
0x286c
0x286e
0x2870
0x2872
0x2874
0x2876
0x3138
0x313a
0x313c
0x313e
0x3140
0x314c
0x314e
0x3150
0x3152
0x3154
0x10c2c
0x10c2e
0x10c30
0x10c32
0x10c34
0x10c36
0x10c38
0x10c3a
0x10c3c
0x10c3e
0x10c40
0x10c44
0x10c46
0x10c48
0x10c44
0x10c46
0x10c48
0x10c44
0x10c46
0x10c48
0x10c44
0x10c46
0x10c48
0x10c44
0x10c46
0x10c48
0x10c44
0x10c46
0x10c48
0x10c44
0x10c46
0x10c48
0x10c44
0x10c46
0x10c48
0x10c44
0x10c46
0x10c48
0x10c44
0x10c46
0x10c48
0x10c44
0x10c46
0x10c48
0x10c44
0x10c46
0x10c48
0x10c44
0x10c46
0x10c48
0x10c44
0x10c46
0x10c48
0x10c44
0x10c46
0x10c48
0x10c44
0x10c46
0x10c48
0x10c44
0x10c46
0x10c48
0x10c44
0x10c46
0x10c48
0x10c44
0x10c46
0x10c48
0x10c44
0x10c46
0x10c48
0x10c44
0x10c46
0x10c48
0x10c44
0x10c46
0x10c48
0x10c44
0x10c46
0x10c48
0x10c44
0x10c46
0x10c48
0x10c44
0x10c46
0x10c48
0x10c44
0x10c46
0x10c48
0x10c44
0x10c46
0x10c48
0x10c44
0x10c46
0x10c48
0x10c44
0x10c46
0x10c48
0x10c44
0x10c46
0x10c48
0x10c44
0x10c46
0x10c48
0x10c44
0x10c46
0x10c48
0x10c44
0x10c46
0x10c48
0x10c44
0x10c46
0x10c48
0x10c44
0x10c46
0x10c48
0x10c44
0x10c46
0x10c48
0x10c44
0x10c46
0x10c48
0x10c44
0x10c46
0x10c48
0x10c44
0x10c46
0x10c48
0x10c44
0x10c46
0x10c48
0x10c44
0x10c46
0x10c48
0x10c44
0x10c46
0x10c48
0x10c44
0x10c46
0x10c48
0x10c44
0x10c46
0x10c48
0x10c44
0x10c46
0x10c48
0x10c44
0x10c46
0x10c48
0x10c44
0x10c46
0x10c48
0x10c44
0x10c46
0x10c48
0x10c44
0x10c46
0x10c48
0x10c44
0x10c46
0x10c48
0x10c44
0x10c46
0x10c48
0x10c44
0x10c46
0x10c48
0x10c44
0x10c46
0x10c48
0x10c44
0x10c46
0x10c48
0x10c44
0x10c46
0x10c48
0x10c44
0x10c46
0x10c48
0x10c44
0x10c46
0x10c48
0x10c44
0x10c46
0x10c48
0x10c44
0x10c46
0x10c48
0x10c44
0x10c46
0x10c48
0x10c44
0x10c46
0x10c48
0x10c44
0x10c46
0x10c48
0x10c44
0x10c46
0x10c48
0x10c44
0x10c46
0x10c48
0x10c44
0x10c46
0x10c48
0x10c44
0x10c46
0x10c48
0x10c44
0x10c46
0x10c48
0x10c44
0x10c46
0x10c48
0x10c44
0x10c46
0x10c48
0x10c44
0x10c46
0x10c48
0x10c44
0x10c46
0x10c48
0x10c44
0x10c46
0x10c48
0x10c44
0x10c46
0x10c48
0x10c44
0x10c46
0x10c48
0x10c44
0x10c46
0x10c48
0x10c44
0x10c46
0x10c48
0x10c44
0x10c46
0x10c48
0x10c44
0x10c46
0x10c48
0x10c44
0x10c46
0x10c48
0x10c44
0x10c46
0x10c48
0x10c44
0x10c46
0x10c48
0x10c44
0x10c46
0x10c48
0x10c44
0x10c46
0x10c48
0x10c44
0x10c46
0x10c48
0x10c44
0x10c46
0x10c48
0x10c44
0x10c46
0x10c48
0x10c44
0x10c46
0x10c48
0x10c44
0x10c46
0x10c48
0x10c44
0x10c46
0x10c48
0x10c44
0x10c46
0x10c48
0x10c44
0x10c46
0x10c48
0x10c44
0x10c46
0x10c48
0x10c44
0x10c46
0x10c48
0x10c44
0x10c46
0x10c48
0x10c44
0x10c46
0x10c48
0x10c44
0x10c46
0x10c48
0x10c44
0x10c46
0x10c48
0x10c44
0x10c46
0x10c48
0x10c44
0x10c46
0x10c48
0x10c44
0x10c46
0x10c48
0x10c44
0x10c46
0x10c48
0x10c44
0x10c46
0x10c48
0x10c44
0x10c46
0x10c48
0x10c44
0x10c46
0x10c48
0x10c44
0x10c46
0x10c48
0x10c44
0x10c46
0x10c48
0x10c44
0x10c46
0x10c48
0x10c44
0x10c46
0x10c48
0x10c44
0x10c46
0x10c48
0x10c44
0x10c46
0x10c48
0x10c44
0x10c46
0x10c48
0x10c44
0x10c46
0x10c48
0x10c44
0x10c46
0x10c48
0x10c44
0x10c46
0x10c48
0x10c44
0x10c46
0x10c48
0x10c44
0x10c46
0x10c48
0x10c44
0x10c46
0x10c48
0x10c44
0x10c46
0x10c48
0x10c44
0x10c46
0x10c48
0x10c44
0x10c46
0x10c48
0x10c44
0x10c46
0x10c48
0x10c44
0x10c46
0x10c48
0x10c44
0x10c46
0x10c48
0x10c44
0x10c46
0x10c48
0x10c44
0x10c46
0x10c48
0x10c44
0x10c46
0x10c48
0x10c44
0x10c46
0x10c48
0x10c44
0x10c46
0x10c48
0x10c44
0x10c46
0x10c48
0x10c44
0x10c46
0x10c48
0x10c44
0x10c46
0x10c48
0x10c44
0x10c46
0x10c48
0x10c44
0x10c46
0x10c48
0x10c44
0x10c46
0x10c48
0x10c44
0x10c46
0x10c48
0x10c44
0x10c46
0x10c48
0x10c44
0x10c46
0x10c48
0x10c44
0x10c46
0x10c48
0x10c44
0x10c46
0x10c48
0x10c44
0x10c46
0x10c48
0x10c44
0x10c46
0x10c48
0x10c44
0x10c46
0x10c48
0x10c44
0x10c46
0x10c48
0x10c44
0x10c46
0x10c48
0x10c44
0x10c46
0x10c48
0x10c44
0x10c46
0x10c48
0x10c44
0x10c46
0x10c48
0x10c44
0x10c46
0x10c48
0x10c44
0x10c46
0x10c48
0x10c44
0x10c46
0x10c48
0x10c44
0x10c46
0x10c48
0x10c44
0x10c46
0x10c48
0x10c44
0x10c46
0x10c48
0x10c44
0x10c46
0x10c48
0x10c44
0x10c46
0x10c48
0x10c44
0x10c46
0x10c48
0x10c44
0x10c46
0x10c48
0x10c44
0x10c46
0x10c48
0x10c44
0x10c46
0x10c48
0x10c44
0x10c46
0x10c48
0x10c44
0x10c46
0x10c48
0x10c44
0x10c46
0x10c48
0x10c44
0x10c46
0x10c48
0x10c44
0x10c46
0x10c48
0x10c44
0x10c46
0x10c48
0x10c44
0x10c46
0x10c48
0x10c44
0x10c46
0x10c48
0x10c44
0x10c46
0x10c48
0x10c44
0x10c46
0x10c48
0x10c44
0x10c46
0x10c48
0x10c44
0x10c46
0x10c48
0x10c44
0x10c46
0x10c48
0x10c44
0x10c46
0x10c48
0x10c44
0x10c46
0x10c48
0x10c44
0x10c46
0x10c48
0x10c44
0x10c46
0x10c48
0x10c44
0x10c46
0x10c48
0x10c44
0x10c46
0x10c48
0x10c44
0x10c46
0x10c48
0x10c44
0x10c46
0x10c48
0x10c44
0x10c46
0x10c48
0x10c44
0x10c46
0x10c48
0x10c44
0x10c46
0x10c48
0x10c44
0x10c46
0x10c48
0x10c44
0x10c46
0x10c48
0x10c44
0x10c46
0x10c48
0x10c44
0x10c46
0x10c48
0x10c44
0x10c46
0x10c48
0x10c44
0x10c46
0x10c48
0x10c44
0x10c46
0x10c48
0x10c44
0x10c46
0x10c48
0x10c44
0x10c46
0x10c48
0x10c44
0x10c46
0x10c48
0x10c44
0x10c46
0x10c48
0x10c44
0x10c46
0x10c48
0x10c44
0x10c46
0x10c48
0x10c44
0x10c46
0x10c48
0x10c44
0x10c46
0x10c48
0x10c44
0x10c46
0x10c48
0x10c44
0x10c46
0x10c48
0x10c44
0x10c46
0x10c48
0x10c44
0x10c46
0x10c48
0x10c44
0x10c46
0x10c48
0x10c44
0x10c46
0x10c48
0x10c44
0x10c46
0x10c48
0x10c44
0x10c46
0x10c48
0x10c44
0x10c46
0x10c48
0x10c44
0x10c46
0x10c48
0x10c44
0x10c46
0x10c48
0x10c44
0x10c46
0x10c48
0x10c44
0x10c46
0x10c48
0x10c44
0x10c46
0x10c48
0x10c44
0x10c46
0x10c48
0x10c44
0x10c46
0x10c48
0x10c44
0x10c46
0x10c48
0x10c44
0x10c46
0x10c48
0x10c44
0x10c46
0x10c48
0x10c44
0x10c46
0x10c48
0x10c44
0x10c46
0x10c48
0x10c44
0x10c46
0x10c48
0x10c44
0x10c46
0x10c48
0x10c44
0x10c46
0x10c48
0x10c44
0x10c46
0x10c48
0x10c44
0x10c46
0x10c48
0x10c44
0x10c46
0x10c48
0x10c44
0x10c46
0x10c48
0x10c44
0x10c46
0x10c48
0x10c44
0x10c46
0x10c48
0x10c44
0x10c46
0x10c48
0x10c44
0x10c46
0x10c48
0x10c44
0x10c46
0x10c48
0x10c44
0x10c46
0x10c48
0x10c44
0x10c46
0x10c48
0x10c44
0x10c46
0x10c48
0x10c44
0x10c46
0x10c48
0x10c44
0x10c46
0x10c48
0x10c44
0x10c46
0x10c48
0x10c44
0x10c46
0x10c48
0x10c44
0x10c46
0x10c48
0x10c44
0x10c46
0x10c48
0x10c44
0x10c46
0x10c48
0x10c44
0x10c46
0x10c48
0x10c44
0x10c46
0x10c48
0x10c44
0x10c46
0x10c48
0x10c44
0x10c46
0x10c48
0x10c44
0x10c46
0x10c48
0x10c44
0x10c46
0x10c48
0x10c44
0x10c46
0x10c48
0x10c44
0x10c46
0x10c48
0x10c44
0x10c46
0x10c48
0x10c44
0x10c46
0x10c48
0x10c44
0x10c46
0x10c48
0x10c44
0x10c46
0x10c48
0x10c44
0x10c46
0x10c48
0x10c44
0x10c46
0x10c48
0x10c44
0x10c46
0x10c48
0x10c44
0x10c46
0x10c48
0x10c44
0x10c46
0x10c48
0x10c44
0x10c46
0x10c48
0x10c44
0x10c46
0x10c48
0x10c44
0x10c46
0x10c48
0x10c44
0x10c46
0x10c48
0x10c44
0x10c46
0x10c48
0x10c44
0x10c46
0x10c48
0x10c44
0x10c46
0x10c48
0x10c44
0x10c46
0x10c48
0x10c44
0x10c46
0x10c48
0x10c44
0x10c46
0x10c48
0x10c44
0x10c46
0x10c48
0x10c44
0x10c46
0x10c48
0x10c44
0x10c46
0x10c48
0x10c44
0x10c46
0x10c48
0x10c44
0x10c46
0x10c48
0x10c44
0x10c46
0x10c48
0x10c44
0x10c46
0x10c48
0x10c44
0x10c46
0x10c48
0x10c44
0x10c46
0x10c48
0x10c44
0x10c46
0x10c48
0x10c44
0x10c46
0x10c48
0x10c44
0x10c46
0x10c48
0x10c44
0x10c46
0x10c48
0x10c44
0x10c46
0x10c48
0x10c44
0x10c46
0x10c48
0x10c44
0x10c46
0x10c48
0x10c44
0x10c46
0x10c48
0x10c44
0x10c46
0x10c48
0x10c44
0x10c46
0x10c48
0x10c44
0x10c46
0x10c48
0x10c44
0x10c46
0x10c48
0x10c44
0x10c46
0x10c48
0x10c44
0x10c46
0x10c48
0x10c44
0x10c46
0x10c48
0x10c44
0x10c46
0x10c48
0x10c44
0x10c46
0x10c48
0x10c44
0x10c46
0x10c48
0x10c44
0x10c46
0x10c48
0x10c44
0x10c46
0x10c48
0x10c44
0x10c46
0x10c48
0x10c44
0x10c46
0x10c48
0x10c44
0x10c46
0x10c48
0x10c44
0x10c46
0x10c48
0x10c44
0x10c46
0x10c48
0x10c44
0x10c46
0x10c48
0x10c44
0x10c46
0x10c48
0x10c44
0x10c46
0x10c48
0x10c44
0x10c46
0x10c48
0x10c44
0x10c46
0x10c48
0x10c44
0x10c46
0x10c48
0x10c44
0x10c46
0x10c48
0x10c44
0x10c46
0x10c48
0x10c44
0x10c46
0x10c48
0x10c44
0x10c46
0x10c48
0x10c44
0x10c46
0x10c48
0x10c44
0x10c46
0x10c48
0x10c44
0x10c46
0x10c48
0x10c44
0x10c46
0x10c48
0x10c44
0x10c46
0x10c48
0x10c44
0x10c46
0x10c48
0x10c44
0x10c46
0x10c48
0x10c44
0x10c46
0x10c48
0x10c44
0x10c46
0x10c48
0x10c44
0x10c46
0x10c48
0x10c44
0x10c46
0x10c48
0x10c44
0x10c46
0x10c48
0x10c44
0x10c46
0x10c48
0x10c44
0x10c46
0x10c48
0x10c44
0x10c46
0x10c48
0x10c44
0x10c46
0x10c48
0x10c44
0x10c46
0x10c48
0x10c44
0x10c46
0x10c48
0x10c44
0x10c46
0x10c48
0x10c44
0x10c46
0x10c48
0x10c44
0x10c46
0x10c48
0x10c44
0x10c46
0x10c48
0x10c44
0x10c46
0x10c48
0x10c44
0x10c46
0x10c48
0x10c4a
0x10c4c
0x10c4e
0x10c50
0x10c52
0x3156
0x3158
0x2950
0x2952
0x2956
0x2958
0x295a
0x2944
0x2946
0x2948
0x294c
0x294e
0x286c
0x286e
0x2870
0x2872
0x2874
0x2876
0x3138
0x313a
0x313c
0x313e
0x3140
0x314c
0x314e
0x3150
0x3152
0x3154
0x10c2c
0x10c2e
0x10c30
0x10c32
0x10c34
0x10c36
0x10c38
0x10c3a
0x10c3c
0x10c3e
0x10c40
0x10c44
0x10c46
0x10c48
0x10c44
0x10c46
0x10c48
0x10c44
0x10c46
0x10c48
0x10c44
0x10c46
0x10c48
0x10c44
0x10c46
0x10c48
0x10c44
0x10c46
0x10c48
0x10c44
0x10c46
0x10c48
0x10c44
0x10c46
0x10c48
0x10c44
0x10c46
0x10c48
0x10c44
0x10c46
0x10c48
0x10c44
0x10c46
0x10c48
0x10c44
0x10c46
0x10c48
0x10c44
0x10c46
0x10c48
0x10c44
0x10c46
0x10c48
0x10c44
0x10c46
0x10c48
0x10c44
0x10c46
0x10c48
0x10c44
0x10c46
0x10c48
0x10c44
0x10c46
0x10c48
0x10c44
0x10c46
0x10c48
0x10c44
0x10c46
0x10c48
0x10c44
0x10c46
0x10c48
0x10c44
0x10c46
0x10c48
0x10c44
0x10c46
0x10c48
0x10c44
0x10c46
0x10c48
0x10c44
0x10c46
0x10c48
0x10c44
0x10c46
0x10c48
0x10c44
0x10c46
0x10c48
0x10c44
0x10c46
0x10c48
0x10c44
0x10c46
0x10c48
0x10c44
0x10c46
0x10c48
0x10c44
0x10c46
0x10c48
0x10c44
0x10c46
0x10c48
0x10c44
0x10c46
0x10c48
0x10c44
0x10c46
0x10c48
0x10c44
0x10c46
0x10c48
0x10c44
0x10c46
0x10c48
0x10c44
0x10c46
0x10c48
0x10c44
0x10c46
0x10c48
0x10c44
0x10c46
0x10c48
0x10c44
0x10c46
0x10c48
0x10c44
0x10c46
0x10c48
0x10c44
0x10c46
0x10c48
0x10c44
0x10c46
0x10c48
0x10c44
0x10c46
0x10c48
0x10c44
0x10c46
0x10c48
0x10c44
0x10c46
0x10c48
0x10c44
0x10c46
0x10c48
0x10c44
0x10c46
0x10c48
0x10c44
0x10c46
0x10c48
0x10c44
0x10c46
0x10c48
0x10c44
0x10c46
0x10c48
0x10c44
0x10c46
0x10c48
0x10c44
0x10c46
0x10c48
0x10c44
0x10c46
0x10c48
0x10c44
0x10c46
0x10c48
0x10c44
0x10c46
0x10c48
0x10c44
0x10c46
0x10c48
0x10c44
0x10c46
0x10c48
0x10c44
0x10c46
0x10c48
0x10c44
0x10c46
0x10c48
0x10c44
0x10c46
0x10c48
0x10c44
0x10c46
0x10c48
0x10c44
0x10c46
0x10c48
0x10c44
0x10c46
0x10c48
0x10c44
0x10c46
0x10c48
0x10c44
0x10c46
0x10c48
0x10c44
0x10c46
0x10c48
0x10c44
0x10c46
0x10c48
0x10c44
0x10c46
0x10c48
0x10c44
0x10c46
0x10c48
0x10c44
0x10c46
0x10c48
0x10c44
0x10c46
0x10c48
0x10c44
0x10c46
0x10c48
0x10c44
0x10c46
0x10c48
0x10c44
0x10c46
0x10c48
0x10c44
0x10c46
0x10c48
0x10c44
0x10c46
0x10c48
0x10c44
0x10c46
0x10c48
0x10c44
0x10c46
0x10c48
0x10c44
0x10c46
0x10c48
0x10c44
0x10c46
0x10c48
0x10c44
0x10c46
0x10c48
0x10c44
0x10c46
0x10c48
0x10c44
0x10c46
0x10c48
0x10c44
0x10c46
0x10c48
0x10c44
0x10c46
0x10c48
0x10c44
0x10c46
0x10c48
0x10c44
0x10c46
0x10c48
0x10c44
0x10c46
0x10c48
0x10c44
0x10c46
0x10c48
0x10c44
0x10c46
0x10c48
0x10c44
0x10c46
0x10c48
0x10c44
0x10c46
0x10c48
0x10c44
0x10c46
0x10c48
0x10c44
0x10c46
0x10c48
0x10c44
0x10c46
0x10c48
0x10c44
0x10c46
0x10c48
0x10c44
0x10c46
0x10c48
0x10c44
0x10c46
0x10c48
0x10c44
0x10c46
0x10c48
0x10c44
0x10c46
0x10c48
0x10c44
0x10c46
0x10c48
0x10c44
0x10c46
0x10c48
0x10c44
0x10c46
0x10c48
0x10c44
0x10c46
0x10c48
0x10c44
0x10c46
0x10c48
0x10c44
0x10c46
0x10c48
0x10c44
0x10c46
0x10c48
0x10c44
0x10c46
0x10c48
0x10c44
0x10c46
0x10c48
0x10c44
0x10c46
0x10c48
0x10c44
0x10c46
0x10c48
0x10c44
0x10c46
0x10c48
0x10c44
0x10c46
0x10c48
0x10c44
0x10c46
0x10c48
0x10c44
0x10c46
0x10c48
0x10c44
0x10c46
0x10c48
0x10c44
0x10c46
0x10c48
0x10c44
0x10c46
0x10c48
0x10c44
0x10c46
0x10c48
0x10c44
0x10c46
0x10c48
0x10c44
0x10c46
0x10c48
0x10c44
0x10c46
0x10c48
0x10c44
0x10c46
0x10c48
0x10c44
0x10c46
0x10c48
0x10c44
0x10c46
0x10c48
0x10c44
0x10c46
0x10c48
0x10c44
0x10c46
0x10c48
0x10c44
0x10c46
0x10c48
0x10c44
0x10c46
0x10c48
0x10c44
0x10c46
0x10c48
0x10c44
0x10c46
0x10c48
0x10c44
0x10c46
0x10c48
0x10c44
0x10c46
0x10c48
0x10c44
0x10c46
0x10c48
0x10c44
0x10c46
0x10c48
0x10c44
0x10c46
0x10c48
0x10c44
0x10c46
0x10c48
0x10c44
0x10c46
0x10c48
0x10c44
0x10c46
0x10c48
0x10c44
0x10c46
0x10c48
0x10c44
0x10c46
0x10c48
0x10c44
0x10c46
0x10c48
0x10c44
0x10c46
0x10c48
0x10c44
0x10c46
0x10c48
0x10c44
0x10c46
0x10c48
0x10c44
0x10c46
0x10c48
0x10c44
0x10c46
0x10c48
0x10c44
0x10c46
0x10c48
0x10c44
0x10c46
0x10c48
0x10c44
0x10c46
0x10c48
0x10c44
0x10c46
0x10c48
0x10c44
0x10c46
0x10c48
0x10c44
0x10c46
0x10c48
0x10c44
0x10c46
0x10c48
0x10c44
0x10c46
0x10c48
0x10c44
0x10c46
0x10c48
0x10c44
0x10c46
0x10c48
0x10c44
0x10c46
0x10c48
0x10c44
0x10c46
0x10c48
0x10c44
0x10c46
0x10c48
0x10c44
0x10c46
0x10c48
0x10c44
0x10c46
0x10c48
0x10c44
0x10c46
0x10c48
0x10c44
0x10c46
0x10c48
0x10c44
0x10c46
0x10c48
0x10c44
0x10c46
0x10c48
0x10c44
0x10c46
0x10c48
0x10c44
0x10c46
0x10c48
0x10c44
0x10c46
0x10c48
0x10c44
0x10c46
0x10c48
0x10c44
0x10c46
0x10c48
0x10c44
0x10c46
0x10c48
0x10c44
0x10c46
0x10c48
0x10c44
0x10c46
0x10c48
0x10c44
0x10c46
0x10c48
0x10c44
0x10c46
0x10c48
0x10c44
0x10c46
0x10c48
0x10c44
0x10c46
0x10c48
0x10c44
0x10c46
0x10c48
0x10c44
0x10c46
0x10c48
0x10c44
0x10c46
0x10c48
0x10c44
0x10c46
0x10c48
0x10c44
0x10c46
0x10c48
0x10c44
0x10c46
0x10c48
0x10c44
0x10c46
0x10c48
0x10c44
0x10c46
0x10c48
0x10c44
0x10c46
0x10c48
0x10c44
0x10c46
0x10c48
0x10c44
0x10c46
0x10c48
0x10c44
0x10c46
0x10c48
0x10c44
0x10c46
0x10c48
0x10c44
0x10c46
0x10c48
0x10c44
0x10c46
0x10c48
0x10c44
0x10c46
0x10c48
0x10c44
0x10c46
0x10c48
0x10c44
0x10c46
0x10c48
0x10c44
0x10c46
0x10c48
0x10c44
0x10c46
0x10c48
0x10c44
0x10c46
0x10c48
0x10c44
0x10c46
0x10c48
0x10c44
0x10c46
0x10c48
0x10c44
0x10c46
0x10c48
0x10c44
0x10c46
0x10c48
0x10c44
0x10c46
0x10c48
0x10c44
0x10c46
0x10c48
0x10c44
0x10c46
0x10c48
0x10c44
0x10c46
0x10c48
0x10c44
0x10c46
0x10c48
0x10c44
0x10c46
0x10c48
0x10c44
0x10c46
0x10c48
0x10c44
0x10c46
0x10c48
0x10c44
0x10c46
0x10c48
0x10c44
0x10c46
0x10c48
0x10c44
0x10c46
0x10c48
0x10c44
0x10c46
0x10c48
0x10c44
0x10c46
0x10c48
0x10c44
0x10c46
0x10c48
0x10c44
0x10c46
0x10c48
0x10c44
0x10c46
0x10c48
0x10c44
0x10c46
0x10c48
0x10c44
0x10c46
0x10c48
0x10c44
0x10c46
0x10c48
0x10c44
0x10c46
0x10c48
0x10c44
0x10c46
0x10c48
0x10c44
0x10c46
0x10c48
0x10c44
0x10c46
0x10c48
0x10c44
0x10c46
0x10c48
0x10c44
0x10c46
0x10c48
0x10c44
0x10c46
0x10c48
0x10c44
0x10c46
0x10c48
0x10c44
0x10c46
0x10c48
0x10c44
0x10c46
0x10c48
0x10c44
0x10c46
0x10c48
0x10c44
0x10c46
0x10c48
0x10c44
0x10c46
0x10c48
0x10c44
0x10c46
0x10c48
0x10c44
0x10c46
0x10c48
0x10c44
0x10c46
0x10c48
0x10c44
0x10c46
0x10c48
0x10c44
0x10c46
0x10c48
0x10c44
0x10c46
0x10c48
0x10c44
0x10c46
0x10c48
0x10c44
0x10c46
0x10c48
0x10c44
0x10c46
0x10c48
0x10c44
0x10c46
0x10c48
0x10c44
0x10c46
0x10c48
0x10c44
0x10c46
0x10c48
0x10c44
0x10c46
0x10c48
0x10c44
0x10c46
0x10c48
0x10c44
0x10c46
0x10c48
0x10c44
0x10c46
0x10c48
0x10c44
0x10c46
0x10c48
0x10c44
0x10c46
0x10c48
0x10c44
0x10c46
0x10c48
0x10c44
0x10c46
0x10c48
0x10c44
0x10c46
0x10c48
0x10c44
0x10c46
0x10c48
0x10c44
0x10c46
0x10c48
0x10c44
0x10c46
0x10c48
0x10c44
0x10c46
0x10c48
0x10c44
0x10c46
0x10c48
0x10c44
0x10c46
0x10c48
0x10c44
0x10c46
0x10c48
0x10c44
0x10c46
0x10c48
0x10c44
0x10c46
0x10c48
0x10c44
0x10c46
0x10c48
0x10c44
0x10c46
0x10c48
0x10c44
0x10c46
0x10c48
0x10c44
0x10c46
0x10c48
0x10c44
0x10c46
0x10c48
0x10c44
0x10c46
0x10c48
0x10c44
0x10c46
0x10c48
0x10c44
0x10c46
0x10c48
0x10c44
0x10c46
0x10c48
0x10c44
0x10c46
0x10c48
0x10c44
0x10c46
0x10c48
0x10c44
0x10c46
0x10c48
0x10c44
0x10c46
0x10c48
0x10c44
0x10c46
0x10c48
0x10c44
0x10c46
0x10c48
0x10c44
0x10c46
0x10c48
0x10c44
0x10c46
0x10c48
0x10c44
0x10c46
0x10c48
0x10c44
0x10c46
0x10c48
0x10c44
0x10c46
0x10c48
0x10c44
0x10c46
0x10c48
0x10c44
0x10c46
0x10c48
0x10c44
0x10c46
0x10c48
0x10c44
0x10c46
0x10c48
0x10c44
0x10c46
0x10c48
0x10c44
0x10c46
0x10c48
0x10c44
0x10c46
0x10c48
0x10c44
0x10c46
0x10c48
0x10c44
0x10c46
0x10c48
0x10c44
0x10c46
0x10c48
0x10c44
0x10c46
0x10c48
0x10c44
0x10c46
0x10c48
0x10c44
0x10c46
0x10c48
0x10c44
0x10c46
0x10c48
0x10c44
0x10c46
0x10c48
0x10c44
0x10c46
0x10c48
0x10c44
0x10c46
0x10c48
0x10c44
0x10c46
0x10c48
0x10c44
0x10c46
0x10c48
0x10c44
0x10c46
0x10c48
0x10c44
0x10c46
0x10c48
0x10c44
0x10c46
0x10c48
0x10c44
0x10c46
0x10c48
0x10c44
0x10c46
0x10c48
0x10c44
0x10c46
0x10c48
0x10c44
0x10c46
0x10c48
0x10c44
0x10c46
0x10c48
0x10c44
0x10c46
0x10c48
0x10c44
0x10c46
0x10c48
0x10c44
0x10c46
0x10c48
0x10c44
0x10c46
0x10c48
0x10c44
0x10c46
0x10c48
0x10c44
0x10c46
0x10c48
0x10c44
0x10c46
0x10c48
0x10c44
0x10c46
0x10c48
0x10c44
0x10c46
0x10c48
0x10c44
0x10c46
0x10c48
0x10c44
0x10c46
0x10c48
0x10c44
0x10c46
0x10c48
0x10c44
0x10c46
0x10c48
0x10c44
0x10c46
0x10c48
0x10c44
0x10c46
0x10c48
0x10c44
0x10c46
0x10c48
0x10c44
0x10c46
0x10c48
0x10c44
0x10c46
0x10c48
0x10c44
0x10c46
0x10c48
0x10c44
0x10c46
0x10c48
0x10c44
0x10c46
0x10c48
0x10c44
0x10c46
0x10c48
0x10c44
0x10c46
0x10c48
0x10c4a
0x10c4c
0x10c4e
0x10c50
0x10c52
0x3156
0x3158
0x2950
0x2952
0x2956
0x2958
0x295a
0x2944
0x2946
0x2948
0x294c
0x294e
0x286c
0x286e
0x2870
0x2872
0x2874
0x2876
0x3138
0x313a
0x313c
0x313e
0x3140
0x314c
0x314e
0x3150
0x3152
0x3154
0x10c2c
0x10c2e
0x10c30
0x10c32
0x10c34
0x10c36
0x10c38
0x10c3a
0x10c3c
0x10c3e
0x10c40
0x10c44
0x10c46
0x10c48
0x10c44
0x10c46
0x10c48
0x10c44
0x10c46
0x10c48
0x10c44
0x10c46
0x10c48
0x10c44
0x10c46
0x10c48
0x10c44
0x10c46
0x10c48
0x10c44
0x10c46
0x10c48
0x10c44
0x10c46
0x10c48
0x10c44
0x10c46
0x10c48
0x10c44
0x10c46
0x10c48
0x10c44
0x10c46
0x10c48
0x10c44
0x10c46
0x10c48
0x10c44
0x10c46
0x10c48
0x10c44
0x10c46
0x10c48
0x10c44
0x10c46
0x10c48
0x10c44
0x10c46
0x10c48
0x10c44
0x10c46
0x10c48
0x10c44
0x10c46
0x10c48
0x10c44
0x10c46
0x10c48
0x10c44
0x10c46
0x10c48
0x10c44
0x10c46
0x10c48
0x10c44
0x10c46
0x10c48
0x10c44
0x10c46
0x10c48
0x10c44
0x10c46
0x10c48
0x10c44
0x10c46
0x10c48
0x10c44
0x10c46
0x10c48
0x10c44
0x10c46
0x10c48
0x10c44
0x10c46
0x10c48
0x10c44
0x10c46
0x10c48
0x10c44
0x10c46
0x10c48
0x10c44
0x10c46
0x10c48
0x10c44
0x10c46
0x10c48
0x10c44
0x10c46
0x10c48
0x10c44
0x10c46
0x10c48
0x10c44
0x10c46
0x10c48
0x10c44
0x10c46
0x10c48
0x10c44
0x10c46
0x10c48
0x10c44
0x10c46
0x10c48
0x10c44
0x10c46
0x10c48
0x10c44
0x10c46
0x10c48
0x10c44
0x10c46
0x10c48
0x10c44
0x10c46
0x10c48
0x10c44
0x10c46
0x10c48
0x10c44
0x10c46
0x10c48
0x10c44
0x10c46
0x10c48
0x10c44
0x10c46
0x10c48
0x10c44
0x10c46
0x10c48
0x10c44
0x10c46
0x10c48
0x10c44
0x10c46
0x10c48
0x10c44
0x10c46
0x10c48
0x10c44
0x10c46
0x10c48
0x10c44
0x10c46
0x10c48
0x10c44
0x10c46
0x10c48
0x10c44
0x10c46
0x10c48
0x10c44
0x10c46
0x10c48
0x10c44
0x10c46
0x10c48
0x10c44
0x10c46
0x10c48
0x10c44
0x10c46
0x10c48
0x10c44
0x10c46
0x10c48
0x10c44
0x10c46
0x10c48
0x10c44
0x10c46
0x10c48
0x10c44
0x10c46
0x10c48
0x10c44
0x10c46
0x10c48
0x10c44
0x10c46
0x10c48
0x10c44
0x10c46
0x10c48
0x10c44
0x10c46
0x10c48
0x10c44
0x10c46
0x10c48
0x10c44
0x10c46
0x10c48
0x10c44
0x10c46
0x10c48
0x10c44
0x10c46
0x10c48
0x10c44
0x10c46
0x10c48
0x10c44
0x10c46
0x10c48
0x10c44
0x10c46
0x10c48
0x10c44
0x10c46
0x10c48
0x10c44
0x10c46
0x10c48
0x10c44
0x10c46
0x10c48
0x10c44
0x10c46
0x10c48
0x10c44
0x10c46
0x10c48
0x10c44
0x10c46
0x10c48
0x10c44
0x10c46
0x10c48
0x10c44
0x10c46
0x10c48
0x10c44
0x10c46
0x10c48
0x10c44
0x10c46
0x10c48
0x10c44
0x10c46
0x10c48
0x10c44
0x10c46
0x10c48
0x10c44
0x10c46
0x10c48
0x10c44
0x10c46
0x10c48
0x10c44
0x10c46
0x10c48
0x10c44
0x10c46
0x10c48
0x10c44
0x10c46
0x10c48
0x10c44
0x10c46
0x10c48
0x10c44
0x10c46
0x10c48
0x10c44
0x10c46
0x10c48
0x10c44
0x10c46
0x10c48
0x10c44
0x10c46
0x10c48
0x10c44
0x10c46
0x10c48
0x10c44
0x10c46
0x10c48
0x10c44
0x10c46
0x10c48
0x10c44
0x10c46
0x10c48
0x10c44
0x10c46
0x10c48
0x10c44
0x10c46
0x10c48
0x10c44
0x10c46
0x10c48
0x10c44
0x10c46
0x10c48
0x10c44
0x10c46
0x10c48
0x10c44
0x10c46
0x10c48
0x10c44
0x10c46
0x10c48
0x10c44
0x10c46
0x10c48
0x10c44
0x10c46
0x10c48
0x10c44
0x10c46
0x10c48
0x10c44
0x10c46
0x10c48
0x10c44
0x10c46
0x10c48
0x10c44
0x10c46
0x10c48
0x10c44
0x10c46
0x10c48
0x10c44
0x10c46
0x10c48
0x10c44
0x10c46
0x10c48
0x10c44
0x10c46
0x10c48
0x10c44
0x10c46
0x10c48
0x10c44
0x10c46
0x10c48
0x10c44
0x10c46
0x10c48
0x10c44
0x10c46
0x10c48
0x10c44
0x10c46
0x10c48
0x10c44
0x10c46
0x10c48
0x10c44
0x10c46
0x10c48
0x10c44
0x10c46
0x10c48
0x10c44
0x10c46
0x10c48
0x10c44
0x10c46
0x10c48
0x10c44
0x10c46
0x10c48
0x10c44
0x10c46
0x10c48
0x10c44
0x10c46
0x10c48
0x10c44
0x10c46
0x10c48
0x10c44
0x10c46
0x10c48
0x10c44
0x10c46
0x10c48
0x10c44
0x10c46
0x10c48
0x10c44
0x10c46
0x10c48
0x10c44
0x10c46
0x10c48
0x10c44
0x10c46
0x10c48
0x10c44
0x10c46
0x10c48
0x10c44
0x10c46
0x10c48
0x10c44
0x10c46
0x10c48
0x10c44
0x10c46
0x10c48
0x10c44
0x10c46
0x10c48
0x10c44
0x10c46
0x10c48
0x10c44
0x10c46
0x10c48
0x10c44
0x10c46
0x10c48
0x10c44
0x10c46
0x10c48
0x10c44
0x10c46
0x10c48
0x10c44
0x10c46
0x10c48
0x10c44
0x10c46
0x10c48
0x10c44
0x10c46
0x10c48
0x10c44
0x10c46
0x10c48
0x10c44
0x10c46
0x10c48
0x10c44
0x10c46
0x10c48
0x10c44
0x10c46
0x10c48
0x10c44
0x10c46
0x10c48
0x10c44
0x10c46
0x10c48
0x10c44
0x10c46
0x10c48
0x10c44
0x10c46
0x10c48
0x10c44
0x10c46
0x10c48
0x10c44
0x10c46
0x10c48
0x10c44
0x10c46
0x10c48
0x10c44
0x10c46
0x10c48
0x10c44
0x10c46
0x10c48
0x10c44
0x10c46
0x10c48
0x10c44
0x10c46
0x10c48
0x10c44
0x10c46
0x10c48
0x10c44
0x10c46
0x10c48
0x10c44
0x10c46
0x10c48
0x10c44
0x10c46
0x10c48
0x10c44
0x10c46
0x10c48
0x10c44
0x10c46
0x10c48
0x10c44
0x10c46
0x10c48
0x10c44
0x10c46
0x10c48
0x10c44
0x10c46
0x10c48
0x10c44
0x10c46
0x10c48
0x10c44
0x10c46
0x10c48
0x10c44
0x10c46
0x10c48
0x10c44
0x10c46
0x10c48
0x10c44
0x10c46
0x10c48
0x10c44
0x10c46
0x10c48
0x10c44
0x10c46
0x10c48
0x10c44
0x10c46
0x10c48
0x10c44
0x10c46
0x10c48
0x10c44
0x10c46
0x10c48
0x10c44
0x10c46
0x10c48
0x10c44
0x10c46
0x10c48
0x10c44
0x10c46
0x10c48
0x10c44
0x10c46
0x10c48
0x10c44
0x10c46
0x10c48
0x10c44
0x10c46
0x10c48
0x10c44
0x10c46
0x10c48
0x10c44
0x10c46
0x10c48
0x10c44
0x10c46
0x10c48
0x10c44
0x10c46
0x10c48
0x10c44
0x10c46
0x10c48
0x10c44
0x10c46
0x10c48
0x10c44
0x10c46
0x10c48
0x10c44
0x10c46
0x10c48
0x10c44
0x10c46
0x10c48
0x10c44
0x10c46
0x10c48
0x10c44
0x10c46
0x10c48
0x10c44
0x10c46
0x10c48
0x10c44
0x10c46
0x10c48
0x10c44
0x10c46
0x10c48
0x10c44
0x10c46
0x10c48
0x10c44
0x10c46
0x10c48
0x10c44
0x10c46
0x10c48
0x10c44
0x10c46
0x10c48
0x10c44
0x10c46
0x10c48
0x10c44
0x10c46
0x10c48
0x10c44
0x10c46
0x10c48
0x10c44
0x10c46
0x10c48
0x10c44
0x10c46
0x10c48
0x10c44
0x10c46
0x10c48
0x10c44
0x10c46
0x10c48
0x10c44
0x10c46
0x10c48
0x10c44
0x10c46
0x10c48
0x10c44
0x10c46
0x10c48
0x10c44
0x10c46
0x10c48
0x10c44
0x10c46
0x10c48
0x10c44
0x10c46
0x10c48
0x10c44
0x10c46
0x10c48
0x10c44
0x10c46
0x10c48
0x10c44
0x10c46
0x10c48
0x10c44
0x10c46
0x10c48
0x10c44
0x10c46
0x10c48
0x10c44
0x10c46
0x10c48
0x10c44
0x10c46
0x10c48
0x10c44
0x10c46
0x10c48
0x10c44
0x10c46
0x10c48
0x10c44
0x10c46
0x10c48
0x10c44
0x10c46
0x10c48
0x10c44
0x10c46
0x10c48
0x10c44
0x10c46
0x10c48
0x10c44
0x10c46
0x10c48
0x10c44
0x10c46
0x10c48
0x10c44
0x10c46
0x10c48
0x10c44
0x10c46
0x10c48
0x10c44
0x10c46
0x10c48
0x10c44
0x10c46
0x10c48
0x10c44
0x10c46
0x10c48
0x10c44
0x10c46
0x10c48
0x10c44
0x10c46
0x10c48
0x10c44
0x10c46
0x10c48
0x10c44
0x10c46
0x10c48
0x10c44
0x10c46
0x10c48
0x10c44
0x10c46
0x10c48
0x10c44
0x10c46
0x10c48
0x10c44
0x10c46
0x10c48
0x10c44
0x10c46
0x10c48
0x10c44
0x10c46
0x10c48
0x10c44
0x10c46
0x10c48
0x10c44
0x10c46
0x10c48
0x10c44
0x10c46
0x10c48
0x10c44
0x10c46
0x10c48
0x10c44
0x10c46
0x10c48
0x10c44
0x10c46
0x10c48
0x10c44
0x10c46
0x10c48
0x10c44
0x10c46
0x10c48
0x10c44
0x10c46
0x10c48
0x10c44
0x10c46
0x10c48
0x10c44
0x10c46
0x10c48
0x10c44
0x10c46
0x10c48
0x10c44
0x10c46
0x10c48
0x10c44
0x10c46
0x10c48
0x10c44
0x10c46
0x10c48
0x10c44
0x10c46
0x10c48
0x10c44
0x10c46
0x10c48
0x10c44
0x10c46
0x10c48
0x10c44
0x10c46
0x10c48
0x10c44
0x10c46
0x10c48
0x10c44
0x10c46
0x10c48
0x10c44
0x10c46
0x10c48
0x10c44
0x10c46
0x10c48
0x10c44
0x10c46
0x10c48
0x10c44
0x10c46
0x10c48
0x10c44
0x10c46
0x10c48
0x10c44
0x10c46
0x10c48
0x10c44
0x10c46
0x10c48
0x10c44
0x10c46
0x10c48
0x10c44
0x10c46
0x10c48
0x10c44
0x10c46
0x10c48
0x10c44
0x10c46
0x10c48
0x10c44
0x10c46
0x10c48
0x10c44
0x10c46
0x10c48
0x10c44
0x10c46
0x10c48
0x10c44
0x10c46
0x10c48
0x10c44
0x10c46
0x10c48
0x10c44
0x10c46
0x10c48
0x10c44
0x10c46
0x10c48
0x10c44
0x10c46
0x10c48
0x10c44
0x10c46
0x10c48
0x10c44
0x10c46
0x10c48
0x10c44
0x10c46
0x10c48
0x10c44
0x10c46
0x10c48
0x10c44
0x10c46
0x10c48
0x10c44
0x10c46
0x10c48
0x10c44
0x10c46
0x10c48
0x10c44
0x10c46
0x10c48
0x10c44
0x10c46
0x10c48
0x10c44
0x10c46
0x10c48
0x10c44
0x10c46
0x10c48
0x10c44
0x10c46
0x10c48
0x10c44
0x10c46
0x10c48
0x10c44
0x10c46
0x10c48
0x10c44
0x10c46
0x10c48
0x10c44
0x10c46
0x10c48
0x10c44
0x10c46
0x10c48
0x10c44
0x10c46
0x10c48
0x10c44
0x10c46
0x10c48
0x10c44
0x10c46
0x10c48
0x10c44
0x10c46
0x10c48
0x10c44
0x10c46
0x10c48
0x10c44
0x10c46
0x10c48
0x10c44
0x10c46
0x10c48
0x10c44
0x10c46
0x10c48
0x10c44
0x10c46
0x10c48
0x10c44
0x10c46
0x10c48
0x10c44
0x10c46
0x10c48
0x10c44
0x10c46
0x10c48
0x10c44
0x10c46
0x10c48
0x10c44
0x10c46
0x10c48
0x10c44
0x10c46
0x10c48
0x10c44
0x10c46
0x10c48
0x10c44
0x10c46
0x10c48
0x10c44
0x10c46
0x10c48
0x10c44
0x10c46
0x10c48
0x10c44
0x10c46
0x10c48
0x10c44
0x10c46
0x10c48
0x10c44
0x10c46
0x10c48
0x10c44
0x10c46
0x10c48
0x10c44
0x10c46
0x10c48
0x10c44
0x10c46
0x10c48
0x10c44
0x10c46
0x10c48
0x10c44
0x10c46
0x10c48
0x10c44
0x10c46
0x10c48
0x10c44
0x10c46
0x10c48
0x10c4a
0x10c4c
0x10c4e
0x10c50
0x10c52
0x3156
0x3158
0x2950
0x2952
0x2956
0x2958
0x295a
0x2944
0x2946
0x2948
0x294c
0x294e
0x286c
0x286e
0x2870
0x2872
0x2874
0x2876
0x3138
0x313a
0x313c
0x313e
0x3140
0x314c
0x314e
0x3150
0x3152
0x3154
0x10c2c
0x10c2e
0x10c30
0x10c32
0x10c34
0x10c36
0x10c38
0x10c3a
0x10c3c
0x10c3e
0x10c40
0x10c44
0x10c46
0x10c48
0x10c44
0x10c46
0x10c48
0x10c44
0x10c46
0x10c48
0x10c44
0x10c46
0x10c48
0x10c44
0x10c46
0x10c48
0x10c44
0x10c46
0x10c48
0x10c44
0x10c46
0x10c48
0x10c44
0x10c46
0x10c48
0x10c44
0x10c46
0x10c48
0x10c44
0x10c46
0x10c48
0x10c44
0x10c46
0x10c48
0x10c44
0x10c46
0x10c48
0x10c44
0x10c46
0x10c48
0x10c44
0x10c46
0x10c48
0x10c44
0x10c46
0x10c48
0x10c44
0x10c46
0x10c48
0x10c44
0x10c46
0x10c48
0x10c44
0x10c46
0x10c48
0x10c44
0x10c46
0x10c48
0x10c44
0x10c46
0x10c48
0x10c44
0x10c46
0x10c48
0x10c44
0x10c46
0x10c48
0x10c44
0x10c46
0x10c48
0x10c44
0x10c46
0x10c48
0x10c44
0x10c46
0x10c48
0x10c44
0x10c46
0x10c48
0x10c44
0x10c46
0x10c48
0x10c44
0x10c46
0x10c48
0x10c44
0x10c46
0x10c48
0x10c44
0x10c46
0x10c48
0x10c44
0x10c46
0x10c48
0x10c44
0x10c46
0x10c48
0x10c44
0x10c46
0x10c48
0x10c44
0x10c46
0x10c48
0x10c44
0x10c46
0x10c48
0x10c44
0x10c46
0x10c48
0x10c44
0x10c46
0x10c48
0x10c44
0x10c46
0x10c48
0x10c44
0x10c46
0x10c48
0x10c44
0x10c46
0x10c48
0x10c44
0x10c46
0x10c48
0x10c44
0x10c46
0x10c48
0x10c44
0x10c46
0x10c48
0x10c44
0x10c46
0x10c48
0x10c44
0x10c46
0x10c48
0x10c44
0x10c46
0x10c48
0x10c44
0x10c46
0x10c48
0x10c44
0x10c46
0x10c48
0x10c44
0x10c46
0x10c48
0x10c44
0x10c46
0x10c48
0x10c44
0x10c46
0x10c48
0x10c44
0x10c46
0x10c48
0x10c44
0x10c46
0x10c48
0x10c44
0x10c46
0x10c48
0x10c44
0x10c46
0x10c48
0x10c44
0x10c46
0x10c48
0x10c44
0x10c46
0x10c48
0x10c44
0x10c46
0x10c48
0x10c44
0x10c46
0x10c48
0x10c44
0x10c46
0x10c48
0x10c44
0x10c46
0x10c48
0x10c44
0x10c46
0x10c48
0x10c44
0x10c46
0x10c48
0x10c44
0x10c46
0x10c48
0x10c44
0x10c46
0x10c48
0x10c44
0x10c46
0x10c48
0x10c44
0x10c46
0x10c48
0x10c44
0x10c46
0x10c48
0x10c44
0x10c46
0x10c48
0x10c44
0x10c46
0x10c48
0x10c44
0x10c46
0x10c48
0x10c44
0x10c46
0x10c48
0x10c44
0x10c46
0x10c48
0x10c44
0x10c46
0x10c48
0x10c44
0x10c46
0x10c48
0x10c44
0x10c46
0x10c48
0x10c44
0x10c46
0x10c48
0x10c44
0x10c46
0x10c48
0x10c44
0x10c46
0x10c48
0x10c44
0x10c46
0x10c48
0x10c44
0x10c46
0x10c48
0x10c44
0x10c46
0x10c48
0x10c44
0x10c46
0x10c48
0x10c44
0x10c46
0x10c48
0x10c44
0x10c46
0x10c48
0x10c44
0x10c46
0x10c48
0x10c44
0x10c46
0x10c48
0x10c44
0x10c46
0x10c48
0x10c44
0x10c46
0x10c48
0x10c44
0x10c46
0x10c48
0x10c44
0x10c46
0x10c48
0x10c44
0x10c46
0x10c48
0x10c44
0x10c46
0x10c48
0x10c44
0x10c46
0x10c48
0x10c44
0x10c46
0x10c48
0x10c44
0x10c46
0x10c48
0x10c44
0x10c46
0x10c48
0x10c44
0x10c46
0x10c48
0x10c44
0x10c46
0x10c48
0x10c44
0x10c46
0x10c48
0x10c44
0x10c46
0x10c48
0x10c44
0x10c46
0x10c48
0x10c44
0x10c46
0x10c48
0x10c44
0x10c46
0x10c48
0x10c44
0x10c46
0x10c48
0x10c44
0x10c46
0x10c48
0x10c44
0x10c46
0x10c48
0x10c44
0x10c46
0x10c48
0x10c44
0x10c46
0x10c48
0x10c44
0x10c46
0x10c48
0x10c44
0x10c46
0x10c48
0x10c44
0x10c46
0x10c48
0x10c44
0x10c46
0x10c48
0x10c44
0x10c46
0x10c48
0x10c44
0x10c46
0x10c48
0x10c44
0x10c46
0x10c48
0x10c44
0x10c46
0x10c48
0x10c44
0x10c46
0x10c48
0x10c44
0x10c46
0x10c48
0x10c44
0x10c46
0x10c48
0x10c44
0x10c46
0x10c48
0x10c44
0x10c46
0x10c48
