 path gen time 0.03546762466430664
Levenshtein distance 1594 ratio 0.6228111689540937
Transformation path:
At position 10 delete 0x14c98
At position 11 delete 0x12ef2
At position 1733 delete 0x98f8
At position 1734 delete 0x98fc
At position 1735 delete 0x98fe
At position 2307 delete 0x76f6
At position 2308 delete 0x76f8
At position 2309 delete 0x76fc
At position 2310 delete 0x76fe
At position 2311 delete 0x771e
At position 2312 replace 0x7720 with 0x76cc
At position 2313 replace 0x7722 with 0x76d0
At position 2314 replace 0x7724 with 0x76d2
At position 2336 delete 0x7416
At position 2337 delete 0x741a
At position 2338 delete 0x741e
At position 2339 delete 0x7422
At position 2340 delete 0x7426
At position 2341 delete 0x7428
At position 2342 delete 0x742a
At position 2343 delete 0x7674
At position 2344 delete 0x7676
At position 2345 delete 0x7678
At position 2346 delete 0x767a
At position 2347 delete 0x74c6
At position 2348 delete 0x74c8
At position 2349 delete 0x74ca
At position 2350 delete 0x74ce
At position 2351 delete 0x74d0
At position 2352 delete 0x756a
At position 2353 delete 0x756c
At position 2354 delete 0x756e
At position 2355 delete 0x7572
At position 2356 delete 0x7574
At position 2357 delete 0x7576
At position 2358 delete 0x7578
At position 2359 delete 0x757a
At position 2360 delete 0x7506
At position 2361 delete 0x750a
At position 2362 delete 0x750c
At position 2363 delete 0x750e
At position 2364 delete 0x7510
At position 2365 delete 0x7512
At position 2366 delete 0x7514
At position 2367 delete 0x7658
At position 2368 delete 0x765c
At position 2369 delete 0x7660
At position 2370 delete 0x7664
At position 2371 delete 0x7666
At position 2372 delete 0x7668
At position 2373 delete 0x751c
At position 2374 delete 0x751e
At position 2375 delete 0x7520
At position 2376 delete 0x7522
At position 2377 delete 0x7524
At position 2378 delete 0x7526
At position 2379 delete 0x7528
At position 2380 delete 0x752a
At position 2381 delete 0x752c
At position 2382 delete 0x766a
At position 2383 delete 0x766c
At position 2384 delete 0x766e
At position 2385 delete 0x7670
At position 2386 delete 0x7672
At position 2387 delete 0x7416
At position 2388 delete 0x741a
At position 2389 delete 0x741e
At position 2390 delete 0x7422
At position 2391 delete 0x7426
At position 2392 delete 0x7428
At position 2393 delete 0x742a
At position 2394 delete 0x7674
At position 2395 delete 0x7676
At position 2396 delete 0x7678
At position 2397 delete 0x767a
At position 2398 delete 0x74c6
At position 2399 delete 0x74c8
At position 2400 delete 0x74ca
At position 2401 delete 0x74ce
At position 2402 delete 0x74d0
At position 2403 delete 0x756a
At position 2404 delete 0x756c
At position 2405 delete 0x756e
At position 2406 delete 0x7572
At position 2407 delete 0x7574
At position 2408 delete 0x7576
At position 2409 delete 0x7578
At position 2410 delete 0x757a
At position 2411 delete 0x7506
At position 2412 delete 0x750a
At position 2413 delete 0x750c
At position 2414 delete 0x750e
At position 2415 delete 0x7510
At position 2416 delete 0x7512
At position 2417 delete 0x7514
At position 2418 delete 0x7658
At position 2419 delete 0x765c
At position 2420 delete 0x7660
At position 2421 delete 0x7664
At position 2422 delete 0x7666
At position 2423 delete 0x7668
At position 2424 delete 0x751c
At position 2425 delete 0x751e
At position 2426 delete 0x7520
At position 2427 delete 0x7522
At position 2428 delete 0x7524
At position 2429 delete 0x7526
At position 2430 delete 0x7528
At position 2431 delete 0x752a
At position 2432 delete 0x752c
At position 2433 delete 0x766a
At position 2434 delete 0x766c
At position 2435 delete 0x766e
At position 2436 delete 0x7670
At position 2437 delete 0x7672
At position 2438 delete 0x7416
At position 2439 delete 0x741a
At position 2440 delete 0x741e
At position 2441 delete 0x7422
At position 2442 delete 0x7426
At position 2443 delete 0x7428
At position 2444 delete 0x742a
At position 2445 delete 0x7674
At position 2446 delete 0x7676
At position 2447 delete 0x7678
At position 2448 delete 0x767a
At position 2449 delete 0x74c6
At position 2450 delete 0x74c8
At position 2451 delete 0x74ca
At position 2452 delete 0x74ce
At position 2453 delete 0x74d0
At position 2454 delete 0x756a
At position 2455 delete 0x756c
At position 2456 delete 0x756e
At position 2457 delete 0x7572
At position 2458 delete 0x7574
At position 2459 delete 0x7576
At position 2460 delete 0x7578
At position 2461 delete 0x757a
At position 2462 delete 0x7506
At position 2463 delete 0x750a
At position 2464 delete 0x750c
At position 2465 delete 0x750e
At position 2466 delete 0x7510
At position 2467 delete 0x7512
At position 2468 delete 0x7514
At position 2469 delete 0x7658
At position 2470 delete 0x765c
At position 2471 delete 0x7660
At position 2472 delete 0x7664
At position 2473 delete 0x7666
At position 2474 delete 0x7668
At position 2475 delete 0x751c
At position 2476 delete 0x751e
At position 2477 delete 0x7520
At position 2478 delete 0x7522
At position 2479 delete 0x7524
At position 2480 delete 0x7526
At position 2481 delete 0x7528
At position 2482 delete 0x752a
At position 2483 delete 0x752c
At position 2484 delete 0x766a
At position 2485 delete 0x766c
At position 2486 delete 0x766e
At position 2487 delete 0x7670
At position 2488 delete 0x7672
At position 2489 delete 0x7416
At position 2490 delete 0x741a
At position 2491 delete 0x741e
At position 2492 delete 0x7422
At position 2493 delete 0x7426
At position 2494 delete 0x7428
At position 2495 delete 0x742a
At position 2496 delete 0x7674
At position 2497 delete 0x7676
At position 2498 delete 0x7678
At position 2499 delete 0x767a
At position 2500 delete 0x74c6
At position 2501 delete 0x74c8
At position 2502 delete 0x74ca
At position 2503 delete 0x74ce
At position 2504 delete 0x74d0
At position 2505 delete 0x756a
At position 2506 delete 0x756c
At position 2507 delete 0x756e
At position 2508 delete 0x7572
At position 2509 delete 0x7574
At position 2510 delete 0x7576
At position 2511 delete 0x7578
At position 2512 delete 0x757a
At position 2513 delete 0x7506
At position 2514 delete 0x750a
At position 2515 delete 0x750c
At position 2516 delete 0x750e
At position 2517 delete 0x7510
At position 2518 delete 0x7512
At position 2519 delete 0x7514
At position 2520 delete 0x7658
At position 2521 delete 0x765c
At position 2522 delete 0x7660
At position 2523 delete 0x7664
At position 2524 delete 0x7666
At position 2525 delete 0x7668
At position 2526 delete 0x751c
At position 2527 delete 0x751e
At position 2528 delete 0x7520
At position 2529 delete 0x7522
At position 2530 delete 0x7524
At position 2531 delete 0x7526
At position 2532 delete 0x7528
At position 2533 delete 0x752a
At position 2534 delete 0x752c
At position 2535 delete 0x766a
At position 2536 delete 0x766c
At position 2537 delete 0x766e
At position 2538 delete 0x7670
At position 2539 delete 0x7672
At position 2540 delete 0x7416
At position 2541 delete 0x741a
At position 2542 delete 0x741e
At position 2543 delete 0x7422
At position 2544 delete 0x7426
At position 2545 delete 0x7428
At position 2546 delete 0x742a
At position 2547 delete 0x7674
At position 2548 delete 0x7676
At position 2549 delete 0x7678
At position 2550 delete 0x767a
At position 2551 delete 0x74c6
At position 2552 delete 0x74c8
At position 2553 delete 0x74ca
At position 2554 delete 0x74ce
At position 2555 delete 0x74d0
At position 2556 delete 0x756a
At position 2557 delete 0x756c
At position 2558 delete 0x756e
At position 2559 delete 0x7572
At position 2560 delete 0x7574
At position 2561 delete 0x7576
At position 2562 delete 0x7578
At position 2563 delete 0x757a
At position 2564 delete 0x7506
At position 2565 delete 0x750a
At position 2566 delete 0x750c
At position 2567 delete 0x750e
At position 2568 delete 0x7510
At position 2569 delete 0x7512
At position 2570 delete 0x7514
At position 2571 delete 0x7658
At position 2572 delete 0x765c
At position 2573 delete 0x7660
At position 2574 delete 0x7664
At position 2575 delete 0x7666
At position 2576 delete 0x7668
At position 2577 delete 0x751c
At position 2578 delete 0x751e
At position 2579 delete 0x7520
At position 2580 delete 0x7522
At position 2581 delete 0x7524
At position 2582 delete 0x7526
At position 2583 delete 0x7528
At position 2584 delete 0x752a
At position 2585 delete 0x752c
At position 2586 delete 0x766a
At position 2587 delete 0x766c
At position 2588 delete 0x766e
At position 2589 delete 0x7670
At position 2590 delete 0x7672
At position 2591 delete 0x7416
At position 2592 delete 0x741a
At position 2593 delete 0x741e
At position 2594 delete 0x7422
At position 2595 delete 0x7426
At position 2596 delete 0x7428
At position 2597 delete 0x742a
At position 2598 delete 0x7674
At position 2599 delete 0x7676
At position 2600 delete 0x7678
At position 2601 delete 0x767a
At position 2602 delete 0x74c6
At position 2603 delete 0x74c8
At position 2604 delete 0x74ca
At position 2605 delete 0x74ce
At position 2606 delete 0x74d0
At position 2607 delete 0x756a
At position 2608 delete 0x756c
At position 2609 delete 0x756e
At position 2610 delete 0x7572
At position 2611 delete 0x7574
At position 2612 delete 0x7576
At position 2613 delete 0x7578
At position 2614 delete 0x757a
At position 2615 delete 0x7506
At position 2616 delete 0x750a
At position 2617 delete 0x750c
At position 2618 delete 0x750e
At position 2619 delete 0x7510
At position 2620 delete 0x7512
At position 2621 delete 0x7514
At position 2622 delete 0x7658
At position 2623 delete 0x765c
At position 2624 delete 0x7660
At position 2625 delete 0x7664
At position 2626 delete 0x7666
At position 2627 delete 0x7668
At position 2628 delete 0x751c
At position 2629 delete 0x751e
At position 2630 delete 0x7520
At position 2631 delete 0x7522
At position 2632 delete 0x7524
At position 2633 delete 0x7526
At position 2634 delete 0x7528
At position 2635 delete 0x752a
At position 2636 delete 0x752c
At position 2637 delete 0x766a
At position 2638 delete 0x766c
At position 2639 delete 0x766e
At position 2640 delete 0x7670
At position 2641 delete 0x7672
At position 2642 delete 0x7416
At position 2643 delete 0x741a
At position 2644 delete 0x741e
At position 2645 delete 0x7422
At position 2646 delete 0x7426
At position 2647 delete 0x7428
At position 2648 delete 0x742a
At position 2649 delete 0x7674
At position 2650 delete 0x7676
At position 2651 delete 0x7678
At position 2652 delete 0x767a
At position 2653 delete 0x74c6
At position 2654 delete 0x74c8
At position 2655 delete 0x74ca
At position 2656 delete 0x74ce
At position 2657 delete 0x74d0
At position 2658 delete 0x756a
At position 2659 delete 0x756c
At position 2660 delete 0x756e
At position 2661 delete 0x7572
At position 2662 delete 0x7574
At position 2663 delete 0x7576
At position 2664 delete 0x7578
At position 2665 delete 0x757a
At position 2666 delete 0x7506
At position 2667 delete 0x750a
At position 2668 delete 0x750c
At position 2669 delete 0x750e
At position 2670 delete 0x7510
At position 2671 delete 0x7512
At position 2672 delete 0x7514
At position 2673 delete 0x7658
At position 2674 delete 0x765c
At position 2675 delete 0x7660
At position 2676 delete 0x7664
At position 2677 delete 0x7666
At position 2678 delete 0x7668
At position 2679 delete 0x751c
At position 2680 delete 0x751e
At position 2681 delete 0x7520
At position 2682 delete 0x7522
At position 2683 delete 0x7524
At position 2684 delete 0x7526
At position 2685 delete 0x7528
At position 2686 delete 0x752a
At position 2687 delete 0x752c
At position 2688 delete 0x766a
At position 2689 delete 0x766c
At position 2690 delete 0x766e
At position 2691 delete 0x7670
At position 2692 delete 0x7672
At position 2693 delete 0x7416
At position 2694 delete 0x741a
At position 2695 delete 0x741e
At position 2696 delete 0x7422
At position 2697 delete 0x7426
At position 2698 delete 0x7428
At position 2699 delete 0x742a
At position 2700 delete 0x7674
At position 2701 delete 0x7676
At position 2702 delete 0x7678
At position 2703 delete 0x767a
At position 2704 delete 0x74c6
At position 2705 delete 0x74c8
At position 2706 delete 0x74ca
At position 2707 delete 0x74ce
At position 2708 delete 0x74d0
At position 2709 delete 0x756a
At position 2710 delete 0x756c
At position 2711 delete 0x756e
At position 2712 delete 0x7572
At position 2713 delete 0x7574
At position 2714 delete 0x7576
At position 2715 delete 0x7578
At position 2716 delete 0x757a
At position 2717 delete 0x7506
At position 2718 delete 0x750a
At position 2719 delete 0x750c
At position 2720 delete 0x750e
At position 2721 delete 0x7510
At position 2722 delete 0x7512
At position 2723 delete 0x7514
At position 2724 delete 0x7658
At position 2725 delete 0x765c
At position 2726 delete 0x7660
At position 2727 delete 0x7664
At position 2728 delete 0x7666
At position 2729 delete 0x7668
At position 2730 delete 0x751c
At position 2731 delete 0x751e
At position 2732 delete 0x7520
At position 2733 delete 0x7522
At position 2734 delete 0x7524
At position 2735 delete 0x7526
At position 2736 delete 0x7528
At position 2737 delete 0x752a
At position 2738 delete 0x752c
At position 2739 delete 0x766a
At position 2740 delete 0x766c
At position 2741 delete 0x766e
At position 2742 delete 0x7670
At position 2743 delete 0x7672
At position 2744 delete 0x7416
At position 2745 delete 0x741a
At position 2746 delete 0x741e
At position 2747 delete 0x7422
At position 2748 delete 0x7426
At position 2749 delete 0x7428
At position 2750 delete 0x742a
At position 2751 delete 0x7674
At position 2752 delete 0x7676
At position 2753 delete 0x7678
At position 2754 delete 0x767a
At position 2755 delete 0x74c6
At position 2756 delete 0x74c8
At position 2757 delete 0x74ca
At position 2758 delete 0x74ce
At position 2759 delete 0x74d0
At position 2760 delete 0x756a
At position 2761 delete 0x756c
At position 2762 delete 0x756e
At position 2763 delete 0x7572
At position 2764 delete 0x7574
At position 2765 delete 0x7576
At position 2766 delete 0x7578
At position 2767 delete 0x757a
At position 2768 delete 0x7506
At position 2769 delete 0x750a
At position 2770 delete 0x750c
At position 2771 delete 0x750e
At position 2772 delete 0x7510
At position 2773 delete 0x7512
At position 2774 delete 0x7514
At position 2775 delete 0x7658
At position 2776 delete 0x765c
At position 2777 delete 0x7660
At position 2778 delete 0x7664
At position 2779 delete 0x7666
At position 2780 delete 0x7668
At position 2781 delete 0x751c
At position 2782 delete 0x751e
At position 2783 delete 0x7520
At position 2784 delete 0x7522
At position 2785 delete 0x7524
At position 2786 delete 0x7526
At position 2787 delete 0x7528
At position 2788 delete 0x752a
At position 2789 delete 0x752c
At position 2790 delete 0x766a
At position 2791 delete 0x766c
At position 2792 delete 0x766e
At position 2793 delete 0x7670
At position 2794 delete 0x7672
At position 2795 delete 0x7416
At position 2796 delete 0x741a
At position 2797 delete 0x741e
At position 2798 delete 0x7422
At position 2799 delete 0x7426
At position 2800 delete 0x7428
At position 2801 delete 0x742a
At position 2802 delete 0x7674
At position 2803 delete 0x7676
At position 2804 delete 0x7678
At position 2805 delete 0x767a
At position 2806 delete 0x74c6
At position 2807 delete 0x74c8
At position 2808 delete 0x74ca
At position 2809 delete 0x74ce
At position 2810 delete 0x74d0
At position 2811 delete 0x756a
At position 2812 delete 0x756c
At position 2813 delete 0x756e
At position 2814 delete 0x7572
At position 2815 delete 0x7574
At position 2816 delete 0x7576
At position 2817 delete 0x7578
At position 2818 delete 0x757a
At position 2819 delete 0x7506
At position 2820 delete 0x750a
At position 2821 delete 0x750c
At position 2822 delete 0x750e
At position 2823 delete 0x7510
At position 2824 delete 0x7512
At position 2825 delete 0x7514
At position 2826 delete 0x7658
At position 2827 delete 0x765c
At position 2828 delete 0x7660
At position 2829 delete 0x7664
At position 2830 delete 0x7666
At position 2831 delete 0x7668
At position 2832 delete 0x751c
At position 2833 delete 0x751e
At position 2834 delete 0x7520
At position 2835 delete 0x7522
At position 2836 delete 0x7524
At position 2837 delete 0x7526
At position 2838 delete 0x7528
At position 2839 delete 0x752a
At position 2840 delete 0x752c
At position 2841 delete 0x766a
At position 2842 delete 0x766c
At position 2843 delete 0x766e
At position 2844 delete 0x7670
At position 2845 delete 0x7672
At position 2846 delete 0x7416
At position 2847 delete 0x741a
At position 2848 delete 0x741e
At position 2849 delete 0x7422
At position 2850 delete 0x7426
At position 2851 delete 0x7428
At position 2852 delete 0x742a
At position 2853 delete 0x7674
At position 2854 delete 0x7676
At position 2855 delete 0x7678
At position 2856 delete 0x767a
At position 2857 delete 0x74c6
At position 2858 delete 0x74c8
At position 2859 delete 0x74ca
At position 2860 delete 0x74ce
At position 2861 delete 0x74d0
At position 2862 delete 0x756a
At position 2863 delete 0x756c
At position 2864 delete 0x756e
At position 2865 delete 0x7572
At position 2866 delete 0x7574
At position 2867 delete 0x7576
At position 2868 delete 0x7578
At position 2869 delete 0x757a
At position 2870 delete 0x7506
At position 2871 delete 0x750a
At position 2872 delete 0x750c
At position 2873 delete 0x750e
At position 2874 delete 0x7510
At position 2875 delete 0x7512
At position 2876 delete 0x7514
At position 2877 delete 0x7658
At position 2878 delete 0x765c
At position 2879 delete 0x7660
At position 2880 delete 0x7664
At position 2881 delete 0x7666
At position 2882 delete 0x7668
At position 2883 delete 0x751c
At position 2884 delete 0x751e
At position 2885 delete 0x7520
At position 2886 delete 0x7522
At position 2887 delete 0x7524
At position 2888 delete 0x7526
At position 2889 delete 0x7528
At position 2890 delete 0x752a
At position 2891 delete 0x752c
At position 2892 delete 0x766a
At position 2893 delete 0x766c
At position 2894 delete 0x766e
At position 2895 delete 0x7670
At position 2896 delete 0x7672
At position 2897 delete 0x7416
At position 2898 delete 0x741a
At position 2899 delete 0x741e
At position 2900 delete 0x7422
At position 2901 delete 0x7426
At position 2902 delete 0x7428
At position 2903 delete 0x742a
At position 2904 delete 0x7674
At position 2905 delete 0x7676
At position 2906 delete 0x7678
At position 2907 delete 0x767a
At position 2908 delete 0x74c6
At position 2909 delete 0x74c8
At position 2910 delete 0x74ca
At position 2911 delete 0x74ce
At position 2912 delete 0x74d0
At position 2913 delete 0x756a
At position 2914 delete 0x756c
At position 2915 delete 0x756e
At position 2916 delete 0x7572
At position 2917 delete 0x7574
At position 2918 delete 0x7576
At position 2919 delete 0x7578
At position 2920 delete 0x757a
At position 2921 delete 0x7506
At position 2922 delete 0x750a
At position 2923 delete 0x750c
At position 2924 delete 0x750e
At position 2925 delete 0x7510
At position 2926 delete 0x7512
At position 2927 delete 0x7514
At position 2928 delete 0x7658
At position 2929 delete 0x765c
At position 2930 delete 0x7660
At position 2931 delete 0x7664
At position 2932 delete 0x7666
At position 2933 delete 0x7668
At position 2934 delete 0x751c
At position 2935 delete 0x751e
At position 2936 delete 0x7520
At position 2937 delete 0x7522
At position 2938 delete 0x7524
At position 2939 delete 0x7526
At position 2940 delete 0x7528
At position 2941 delete 0x752a
At position 2942 delete 0x752c
At position 2943 delete 0x766a
At position 2944 delete 0x766c
At position 2945 delete 0x766e
At position 2946 delete 0x7670
At position 2947 delete 0x7672
At position 2948 delete 0x7416
At position 2949 delete 0x741a
At position 2950 delete 0x741e
At position 2951 delete 0x7422
At position 2952 delete 0x7426
At position 2953 delete 0x7428
At position 2954 delete 0x742a
At position 2955 delete 0x7674
At position 2956 delete 0x7676
At position 2957 delete 0x7678
At position 2958 delete 0x767a
At position 2959 delete 0x74c6
At position 2960 delete 0x74c8
At position 2961 delete 0x74ca
At position 2962 delete 0x74ce
At position 2963 delete 0x74d0
At position 2964 delete 0x756a
At position 2965 delete 0x756c
At position 2966 delete 0x756e
At position 2967 delete 0x7572
At position 2968 delete 0x7574
At position 2969 delete 0x7576
At position 2970 delete 0x7578
At position 2971 delete 0x757a
At position 2972 delete 0x7506
At position 2973 delete 0x750a
At position 2974 delete 0x750c
At position 2975 delete 0x750e
At position 2976 delete 0x7510
At position 2977 delete 0x7512
At position 2978 delete 0x7514
At position 2979 delete 0x7658
At position 2980 delete 0x765c
At position 2981 delete 0x7660
At position 2982 delete 0x7664
At position 2983 delete 0x7666
At position 2984 delete 0x7668
At position 2985 delete 0x751c
At position 2986 delete 0x751e
At position 2987 delete 0x7520
At position 2988 delete 0x7522
At position 2989 delete 0x7524
At position 2990 delete 0x7526
At position 2991 delete 0x7528
At position 2992 delete 0x752a
At position 2993 delete 0x752c
At position 2994 delete 0x766a
At position 2995 delete 0x766c
At position 2996 delete 0x766e
At position 2997 delete 0x7670
At position 2998 delete 0x7672
At position 2999 delete 0x7416
At position 3000 delete 0x741a
At position 3001 delete 0x741e
At position 3002 delete 0x7422
At position 3003 delete 0x7426
At position 3004 delete 0x7428
At position 3005 delete 0x742a
At position 3006 delete 0x7674
At position 3007 delete 0x7676
At position 3008 delete 0x7678
At position 3009 delete 0x767a
At position 3010 delete 0x74c6
At position 3011 delete 0x74c8
At position 3012 delete 0x74ca
At position 3013 delete 0x74ce
At position 3014 delete 0x74d0
At position 3015 delete 0x756a
At position 3016 delete 0x756c
At position 3017 delete 0x756e
At position 3018 delete 0x7572
At position 3019 delete 0x7574
At position 3020 delete 0x7576
At position 3021 delete 0x7578
At position 3022 delete 0x757a
At position 3023 delete 0x7506
At position 3024 delete 0x750a
At position 3025 delete 0x750c
At position 3026 delete 0x750e
At position 3027 delete 0x7510
At position 3028 delete 0x7512
At position 3029 delete 0x7514
At position 3030 delete 0x7658
At position 3031 delete 0x765c
At position 3032 delete 0x7660
At position 3033 delete 0x7664
At position 3034 delete 0x7666
At position 3035 delete 0x7668
At position 3036 delete 0x751c
At position 3037 delete 0x751e
At position 3038 delete 0x7520
At position 3039 delete 0x7522
At position 3040 delete 0x7524
At position 3041 delete 0x7526
At position 3042 delete 0x7528
At position 3043 delete 0x752a
At position 3044 delete 0x752c
At position 3045 delete 0x766a
At position 3046 delete 0x766c
At position 3047 delete 0x766e
At position 3048 delete 0x7670
At position 3049 delete 0x7672
At position 3050 delete 0x7416
At position 3051 delete 0x741a
At position 3052 delete 0x741e
At position 3053 delete 0x7422
At position 3054 delete 0x7426
At position 3055 delete 0x7428
At position 3056 delete 0x742a
At position 3057 delete 0x7674
At position 3058 delete 0x7676
At position 3059 delete 0x7678
At position 3060 delete 0x767a
At position 3061 delete 0x74c6
At position 3062 delete 0x74c8
At position 3063 delete 0x74ca
At position 3064 delete 0x74ce
At position 3065 delete 0x74d0
At position 3066 delete 0x756a
At position 3067 delete 0x756c
At position 3068 delete 0x756e
At position 3069 delete 0x7572
At position 3070 delete 0x7574
At position 3071 delete 0x7576
At position 3072 delete 0x7578
At position 3073 delete 0x757a
At position 3074 delete 0x7506
At position 3075 delete 0x750a
At position 3076 delete 0x750c
At position 3077 delete 0x750e
At position 3078 delete 0x7510
At position 3079 delete 0x7512
At position 3080 delete 0x7514
At position 3081 delete 0x7658
At position 3082 delete 0x765c
At position 3083 delete 0x7660
At position 3084 delete 0x7664
At position 3085 delete 0x7666
At position 3086 delete 0x7668
At position 3087 delete 0x751c
At position 3088 delete 0x751e
At position 3089 delete 0x7520
At position 3090 delete 0x7522
At position 3091 delete 0x7524
At position 3092 delete 0x7526
At position 3093 delete 0x7528
At position 3094 delete 0x752a
At position 3095 delete 0x752c
At position 3096 delete 0x766a
At position 3097 delete 0x766c
At position 3098 delete 0x766e
At position 3099 delete 0x7670
At position 3100 delete 0x7672
At position 3101 delete 0x7416
At position 3102 delete 0x741a
At position 3103 delete 0x741e
At position 3104 delete 0x7422
At position 3105 delete 0x7426
At position 3106 delete 0x7428
At position 3107 delete 0x742a
At position 3108 delete 0x7674
At position 3109 delete 0x7676
At position 3110 delete 0x7678
At position 3111 delete 0x767a
At position 3112 delete 0x74c6
At position 3113 delete 0x74c8
At position 3114 delete 0x74ca
At position 3115 delete 0x74ce
At position 3116 delete 0x74d0
At position 3117 delete 0x756a
At position 3118 delete 0x756c
At position 3119 delete 0x756e
At position 3120 delete 0x7572
At position 3121 delete 0x7574
At position 3122 delete 0x7576
At position 3123 delete 0x7578
At position 3124 delete 0x757a
At position 3125 delete 0x7506
At position 3126 delete 0x750a
At position 3127 delete 0x750c
At position 3128 delete 0x750e
At position 3129 delete 0x7510
At position 3130 delete 0x7512
At position 3131 delete 0x7514
At position 3132 delete 0x7658
At position 3133 delete 0x765c
At position 3134 delete 0x7660
At position 3135 delete 0x7664
At position 3136 delete 0x7666
At position 3137 delete 0x7668
At position 3138 delete 0x751c
At position 3139 delete 0x751e
At position 3140 delete 0x7520
At position 3141 delete 0x7522
At position 3142 delete 0x7524
At position 3143 delete 0x7526
At position 3144 delete 0x7528
At position 3145 delete 0x752a
At position 3146 delete 0x752c
At position 3147 delete 0x766a
At position 3148 delete 0x766c
At position 3149 delete 0x766e
At position 3150 delete 0x7670
At position 3151 delete 0x7672
At position 3152 delete 0x7416
At position 3153 delete 0x741a
At position 3154 delete 0x741e
At position 3155 delete 0x7422
At position 3156 delete 0x7426
At position 3157 delete 0x7428
At position 3158 delete 0x742a
At position 3159 delete 0x7674
At position 3160 delete 0x7676
At position 3161 delete 0x7678
At position 3162 delete 0x767a
At position 3163 delete 0x74c6
At position 3164 delete 0x74c8
At position 3165 delete 0x74ca
At position 3166 delete 0x74ce
At position 3167 delete 0x74d0
At position 3168 delete 0x756a
At position 3169 delete 0x756c
At position 3170 delete 0x756e
At position 3171 delete 0x7572
At position 3172 delete 0x7574
At position 3173 delete 0x7576
At position 3174 delete 0x7578
At position 3175 delete 0x757a
At position 3176 delete 0x7506
At position 3177 delete 0x750a
At position 3178 delete 0x750c
At position 3179 delete 0x750e
At position 3180 delete 0x7510
At position 3181 delete 0x7512
At position 3182 delete 0x7514
At position 3183 delete 0x7658
At position 3184 delete 0x765c
At position 3185 delete 0x7660
At position 3186 delete 0x7664
At position 3187 delete 0x7666
At position 3188 delete 0x7668
At position 3189 delete 0x751c
At position 3190 delete 0x751e
At position 3191 delete 0x7520
At position 3192 delete 0x7522
At position 3193 delete 0x7524
At position 3194 delete 0x7526
At position 3195 delete 0x7528
At position 3196 delete 0x752a
At position 3197 delete 0x752c
At position 3198 delete 0x766a
At position 3199 delete 0x766c
At position 3200 delete 0x766e
At position 3201 delete 0x7670
At position 3202 delete 0x7672
At position 3203 delete 0x7416
At position 3204 delete 0x741a
At position 3205 delete 0x741e
At position 3206 delete 0x7422
At position 3207 delete 0x7426
At position 3208 delete 0x7428
At position 3209 delete 0x742a
At position 3210 delete 0x7674
At position 3211 delete 0x7676
At position 3212 delete 0x7678
At position 3213 delete 0x767a
At position 3214 delete 0x74c6
At position 3215 delete 0x74c8
At position 3216 delete 0x74ca
At position 3217 delete 0x74ce
At position 3218 delete 0x74d0
At position 3219 delete 0x756a
At position 3220 delete 0x756c
At position 3221 delete 0x756e
At position 3222 delete 0x7572
At position 3223 delete 0x7574
At position 3224 delete 0x7576
At position 3225 delete 0x7578
At position 3226 delete 0x757a
At position 3227 delete 0x7506
At position 3228 delete 0x750a
At position 3229 delete 0x750c
At position 3230 delete 0x750e
At position 3231 delete 0x7510
At position 3232 delete 0x7512
At position 3233 delete 0x7514
At position 3234 delete 0x7658
At position 3235 delete 0x765c
At position 3236 delete 0x7660
At position 3237 delete 0x7664
At position 3238 delete 0x7666
At position 3239 delete 0x7668
At position 3240 delete 0x751c
At position 3241 delete 0x751e
At position 3242 delete 0x7520
At position 3243 delete 0x7522
At position 3244 delete 0x7524
At position 3245 delete 0x7526
At position 3246 delete 0x7528
At position 3247 delete 0x752a
At position 3248 delete 0x752c
At position 3249 delete 0x766a
At position 3250 delete 0x766c
At position 3251 delete 0x766e
At position 3252 delete 0x7670
At position 3253 delete 0x7672
At position 3254 delete 0x7416
At position 3255 delete 0x741a
At position 3256 delete 0x741e
At position 3257 delete 0x7422
At position 3258 delete 0x7426
At position 3259 delete 0x7428
At position 3260 delete 0x742a
At position 3261 delete 0x7674
At position 3262 delete 0x7676
At position 3263 delete 0x7678
At position 3264 delete 0x767a
At position 3265 delete 0x74c6
At position 3266 delete 0x74c8
At position 3267 delete 0x74ca
At position 3268 delete 0x74ce
At position 3269 delete 0x74d0
At position 3270 delete 0x756a
At position 3271 delete 0x756c
At position 3272 delete 0x756e
At position 3273 delete 0x7572
At position 3274 delete 0x7574
At position 3275 delete 0x7576
At position 3276 delete 0x7578
At position 3277 delete 0x757a
At position 3278 delete 0x7506
At position 3279 delete 0x750a
At position 3280 delete 0x750c
At position 3281 delete 0x750e
At position 3282 delete 0x7510
At position 3283 delete 0x7512
At position 3284 delete 0x7514
At position 3285 delete 0x7658
At position 3286 delete 0x765c
At position 3287 delete 0x7660
At position 3288 delete 0x7664
At position 3289 delete 0x7666
At position 3290 delete 0x7668
At position 3291 delete 0x751c
At position 3292 delete 0x751e
At position 3293 delete 0x7520
At position 3294 delete 0x7522
At position 3295 delete 0x7524
At position 3296 delete 0x7526
At position 3297 delete 0x7528
At position 3298 delete 0x752a
At position 3299 delete 0x752c
At position 3300 delete 0x766a
At position 3301 delete 0x766c
At position 3302 delete 0x766e
At position 3303 delete 0x7670
At position 3304 delete 0x7672
At position 3305 delete 0x7416
At position 3306 delete 0x741a
At position 3307 delete 0x741e
At position 3308 delete 0x7422
At position 3309 delete 0x7426
At position 3310 delete 0x7428
At position 3311 delete 0x742a
At position 3312 delete 0x7674
At position 3313 delete 0x7676
At position 3314 delete 0x7678
At position 3315 delete 0x767a
At position 3316 delete 0x74c6
At position 3317 delete 0x74c8
At position 3318 delete 0x74ca
At position 3319 delete 0x74ce
At position 3320 delete 0x74d0
At position 3321 delete 0x756a
At position 3322 delete 0x756c
At position 3323 delete 0x756e
At position 3324 delete 0x7572
At position 3325 delete 0x7574
At position 3326 delete 0x7576
At position 3327 delete 0x7578
At position 3328 delete 0x757a
At position 3329 delete 0x7506
At position 3330 delete 0x750a
At position 3331 delete 0x750c
At position 3332 delete 0x750e
At position 3333 delete 0x7510
At position 3334 delete 0x7512
At position 3335 delete 0x7514
At position 3336 delete 0x7658
At position 3337 delete 0x765c
At position 3338 delete 0x7660
At position 3339 delete 0x7664
At position 3340 delete 0x7666
At position 3341 delete 0x7668
At position 3342 delete 0x751c
At position 3343 delete 0x751e
At position 3344 delete 0x7520
At position 3345 delete 0x7522
At position 3346 delete 0x7524
At position 3347 delete 0x7526
At position 3348 delete 0x7528
At position 3349 delete 0x752a
At position 3350 delete 0x752c
At position 3351 delete 0x766a
At position 3352 delete 0x766c
At position 3353 delete 0x766e
At position 3354 delete 0x7670
At position 3355 delete 0x7672
At position 3356 delete 0x7416
At position 3357 delete 0x741a
At position 3358 delete 0x741e
At position 3359 delete 0x7422
At position 3360 delete 0x7426
At position 3361 delete 0x7428
At position 3362 delete 0x742a
At position 3363 delete 0x7674
At position 3364 delete 0x7676
At position 3365 delete 0x7678
At position 3366 delete 0x767a
At position 3367 delete 0x74c6
At position 3368 delete 0x74c8
At position 3369 delete 0x74ca
At position 3370 delete 0x74ce
At position 3371 delete 0x74d0
At position 3372 delete 0x756a
At position 3373 delete 0x756c
At position 3374 delete 0x756e
At position 3375 delete 0x7572
At position 3376 delete 0x7574
At position 3377 delete 0x7576
At position 3378 delete 0x7578
At position 3379 delete 0x757a
At position 3380 delete 0x7506
At position 3381 delete 0x750a
At position 3382 delete 0x750c
At position 3383 delete 0x750e
At position 3384 delete 0x7510
At position 3385 delete 0x7512
At position 3386 delete 0x7514
At position 3387 delete 0x7658
At position 3388 delete 0x765c
At position 3389 delete 0x7660
At position 3390 delete 0x7664
At position 3391 delete 0x7666
At position 3392 delete 0x7668
At position 3393 delete 0x751c
At position 3394 delete 0x751e
At position 3395 delete 0x7520
At position 3396 delete 0x7522
At position 3397 delete 0x7524
At position 3398 delete 0x7526
At position 3399 delete 0x7528
At position 3400 delete 0x752a
At position 3401 delete 0x752c
At position 3402 delete 0x766a
At position 3403 delete 0x766c
At position 3404 delete 0x766e
At position 3405 delete 0x7670
At position 3406 delete 0x7672
At position 3407 delete 0x7416
At position 3408 delete 0x741a
At position 3409 delete 0x741e
At position 3410 delete 0x7422
At position 3411 delete 0x7426
At position 3412 delete 0x7428
At position 3413 delete 0x742a
At position 3414 delete 0x7674
At position 3415 delete 0x7676
At position 3416 delete 0x7678
At position 3417 delete 0x767a
At position 3418 delete 0x74c6
At position 3419 delete 0x74c8
At position 3420 delete 0x74ca
At position 3421 delete 0x74ce
At position 3422 delete 0x74d0
At position 3423 delete 0x756a
At position 3424 delete 0x756c
At position 3425 delete 0x756e
At position 3426 delete 0x7572
At position 3427 delete 0x7574
At position 3428 delete 0x7576
At position 3429 delete 0x7578
At position 3430 delete 0x757a
At position 3431 delete 0x7506
At position 3432 delete 0x750a
At position 3433 delete 0x750c
At position 3434 delete 0x750e
At position 3435 delete 0x7510
At position 3436 delete 0x7512
At position 3437 delete 0x7514
At position 3438 delete 0x7658
At position 3439 delete 0x765c
At position 3440 delete 0x7660
At position 3441 delete 0x7664
At position 3442 delete 0x7666
At position 3443 delete 0x7668
At position 3444 delete 0x751c
At position 3445 delete 0x751e
At position 3446 delete 0x7520
At position 3447 delete 0x7522
At position 3448 delete 0x7524
At position 3449 delete 0x7526
At position 3450 delete 0x7528
At position 3451 delete 0x752a
At position 3452 delete 0x752c
At position 3453 delete 0x766a
At position 3454 delete 0x766c
At position 3455 delete 0x766e
At position 3456 delete 0x7670
At position 3457 delete 0x7672
At position 3458 delete 0x7416
At position 3459 delete 0x741a
At position 3460 delete 0x741e
At position 3461 delete 0x7422
At position 3462 delete 0x7426
At position 3463 delete 0x7428
At position 3464 delete 0x742a
At position 3465 delete 0x7674
At position 3466 delete 0x7676
At position 3467 delete 0x7678
At position 3468 delete 0x767a
At position 3469 delete 0x74c6
At position 3470 delete 0x74c8
At position 3471 delete 0x74ca
At position 3472 delete 0x74ce
At position 3473 delete 0x74d0
At position 3474 delete 0x756a
At position 3475 delete 0x756c
At position 3476 delete 0x756e
At position 3477 delete 0x7572
At position 3478 delete 0x7574
At position 3479 delete 0x7576
At position 3480 delete 0x7578
At position 3481 delete 0x757a
At position 3482 delete 0x7506
At position 3483 delete 0x750a
At position 3484 delete 0x750c
At position 3485 delete 0x750e
At position 3486 delete 0x7510
At position 3487 delete 0x7512
At position 3488 delete 0x7514
At position 3489 delete 0x7658
At position 3490 delete 0x765c
At position 3491 delete 0x7660
At position 3492 delete 0x7664
At position 3493 delete 0x7666
At position 3494 delete 0x7668
At position 3495 delete 0x751c
At position 3496 delete 0x751e
At position 3497 delete 0x7520
At position 3498 delete 0x7522
At position 3499 delete 0x7524
At position 3500 delete 0x7526
At position 3501 delete 0x7528
At position 3502 delete 0x752a
At position 3503 delete 0x752c
At position 3504 delete 0x766a
At position 3505 delete 0x766c
At position 3506 delete 0x766e
At position 3507 delete 0x7670
At position 3508 delete 0x7672
At position 3509 delete 0x7416
At position 3510 delete 0x741a
At position 3511 delete 0x741e
At position 3512 delete 0x7422
At position 3513 delete 0x7426
At position 3514 delete 0x7428
At position 3515 delete 0x742a
At position 3516 delete 0x7674
At position 3517 delete 0x7676
At position 3518 delete 0x7678
At position 3519 delete 0x767a
At position 3520 delete 0x74c6
At position 3521 delete 0x74c8
At position 3522 delete 0x74ca
At position 3523 delete 0x74ce
At position 3524 delete 0x74d0
At position 3525 delete 0x756a
At position 3526 delete 0x756c
At position 3527 delete 0x756e
At position 3528 delete 0x7572
At position 3529 delete 0x7574
At position 3530 delete 0x7576
At position 3531 delete 0x7578
At position 3532 delete 0x757a
At position 3533 delete 0x7506
At position 3534 delete 0x750a
At position 3535 delete 0x750c
At position 3536 delete 0x750e
At position 3537 delete 0x7510
At position 3538 delete 0x7512
At position 3539 delete 0x7514
At position 3540 delete 0x7658
At position 3541 delete 0x765c
At position 3542 delete 0x7660
At position 3543 delete 0x7664
At position 3544 delete 0x7666
At position 3545 delete 0x7668
At position 3546 delete 0x751c
At position 3547 delete 0x751e
At position 3548 delete 0x7520
At position 3549 delete 0x7522
At position 3550 delete 0x7524
At position 3551 delete 0x7526
At position 3552 delete 0x7528
At position 3553 delete 0x752a
At position 3554 delete 0x752c
At position 3555 delete 0x766a
At position 3556 delete 0x766c
At position 3557 delete 0x766e
At position 3558 delete 0x7670
At position 3559 delete 0x7672
At position 3560 delete 0x7416
At position 3561 delete 0x741a
At position 3562 delete 0x741e
At position 3563 delete 0x7422
At position 3564 delete 0x7426
At position 3565 delete 0x7428
At position 3566 delete 0x742a
At position 3567 delete 0x7674
At position 3568 delete 0x7676
At position 3569 delete 0x7678
At position 3570 delete 0x767a
At position 3571 delete 0x74c6
At position 3572 delete 0x74c8
At position 3573 delete 0x74ca
At position 3574 delete 0x74ce
At position 3575 delete 0x74d0
At position 3576 delete 0x756a
At position 3577 delete 0x756c
At position 3578 delete 0x756e
At position 3579 delete 0x7572
At position 3580 delete 0x7574
At position 3581 delete 0x7576
At position 3582 delete 0x7578
At position 3583 delete 0x757a
At position 3584 delete 0x7506
At position 3585 delete 0x750a
At position 3586 delete 0x750c
At position 3587 delete 0x750e
At position 3588 delete 0x7510
At position 3589 delete 0x7512
At position 3590 delete 0x7514
At position 3591 delete 0x7658
At position 3592 delete 0x765c
At position 3593 delete 0x7660
At position 3594 delete 0x7664
At position 3595 delete 0x7666
At position 3596 delete 0x7668
At position 3597 delete 0x751c
At position 3598 delete 0x751e
At position 3599 delete 0x7520
At position 3600 delete 0x7522
At position 3601 delete 0x7524
At position 3602 delete 0x7526
At position 3603 delete 0x7528
At position 3604 delete 0x752a
At position 3605 delete 0x752c
At position 3606 delete 0x766a
At position 3607 delete 0x766c
At position 3608 delete 0x766e
At position 3609 delete 0x7670
At position 3610 delete 0x7672
At position 3611 delete 0x7416
At position 3612 delete 0x741a
At position 3613 delete 0x741e
At position 3614 delete 0x7422
At position 3615 delete 0x7426
At position 3616 delete 0x7428
At position 3617 delete 0x742a
At position 3618 delete 0x7674
At position 3619 delete 0x7676
At position 3620 delete 0x7678
At position 3621 delete 0x767a
At position 3622 delete 0x74c6
At position 3623 delete 0x74c8
At position 3624 delete 0x74ca
At position 3625 delete 0x74ce
At position 3626 delete 0x74d0
At position 3627 delete 0x756a
At position 3628 delete 0x756c
At position 3629 delete 0x756e
At position 3630 delete 0x7572
At position 3631 delete 0x7574
At position 3632 delete 0x7576
At position 3633 delete 0x7578
At position 3634 delete 0x757a
At position 3635 delete 0x7506
At position 3636 delete 0x750a
At position 3637 delete 0x750c
At position 3638 delete 0x750e
At position 3639 delete 0x7510
At position 3640 delete 0x7512
At position 3641 delete 0x7514
At position 3642 delete 0x7658
At position 3643 delete 0x765c
At position 3644 delete 0x7660
At position 3645 delete 0x7664
At position 3646 delete 0x7666
At position 3647 delete 0x7668
At position 3648 delete 0x751c
At position 3649 delete 0x751e
At position 3650 delete 0x7520
At position 3651 delete 0x7522
At position 3652 delete 0x7524
At position 3653 delete 0x7526
At position 3654 delete 0x7528
At position 3655 delete 0x752a
At position 3656 delete 0x752c
At position 3657 delete 0x766a
At position 3658 delete 0x766c
At position 3659 delete 0x766e
At position 3660 delete 0x7670
At position 3661 delete 0x7672
At position 3662 delete 0x7416
At position 3663 delete 0x741a
At position 3664 delete 0x741e
At position 3665 delete 0x7422
At position 3666 delete 0x7426
At position 3667 delete 0x7428
At position 3668 delete 0x742a
At position 3669 delete 0x7674
At position 3670 delete 0x7676
At position 3671 delete 0x7678
At position 3672 delete 0x767a
At position 3673 delete 0x74c6
At position 3674 delete 0x74c8
At position 3675 delete 0x74ca
At position 3676 delete 0x74ce
At position 3677 delete 0x74d0
At position 3678 delete 0x756a
At position 3679 delete 0x756c
At position 3680 delete 0x756e
At position 3681 delete 0x7572
At position 3682 delete 0x7574
At position 3683 delete 0x7576
At position 3684 delete 0x7578
At position 3685 delete 0x757a
At position 3686 delete 0x7506
At position 3687 delete 0x750a
At position 3688 delete 0x750c
At position 3689 delete 0x750e
At position 3690 delete 0x7510
At position 3691 delete 0x7512
At position 3692 delete 0x7514
At position 3693 delete 0x7658
At position 3694 delete 0x765c
At position 3695 delete 0x7660
At position 3696 delete 0x7664
At position 3697 delete 0x7666
At position 3698 delete 0x7668
At position 3699 delete 0x751c
At position 3700 delete 0x751e
At position 3701 delete 0x7520
At position 3702 delete 0x7522
At position 3703 delete 0x7524
At position 3704 delete 0x7526
At position 3705 delete 0x7528
At position 3706 delete 0x752a
At position 3707 delete 0x752c
At position 3708 delete 0x766a
At position 3709 delete 0x766c
At position 3710 delete 0x766e
At position 3711 delete 0x7670
At position 3712 delete 0x7672
At position 3713 delete 0x7416
At position 3714 delete 0x741a
At position 3715 delete 0x741e
At position 3716 delete 0x7422
At position 3717 delete 0x7426
At position 3718 delete 0x7428
At position 3719 delete 0x742a
At position 3720 delete 0x7674
At position 3721 delete 0x7676
At position 3722 delete 0x7678
At position 3723 delete 0x767a
At position 3724 delete 0x74c6
At position 3725 delete 0x74c8
At position 3726 delete 0x74ca
At position 3727 delete 0x74ce
At position 3728 delete 0x74d0
At position 3729 delete 0x756a
At position 3730 delete 0x756c
At position 3731 delete 0x756e
At position 3732 delete 0x7572
At position 3733 delete 0x7574
At position 3734 delete 0x7576
At position 3735 delete 0x7578
At position 3736 delete 0x757a
At position 3737 delete 0x7506
At position 3738 delete 0x750a
At position 3739 delete 0x750c
At position 3740 delete 0x750e
At position 3741 delete 0x7510
At position 3742 delete 0x7512
At position 3743 delete 0x7514
At position 3744 delete 0x7658
At position 3745 delete 0x765c
At position 3746 delete 0x7660
At position 3747 delete 0x7664
At position 3748 delete 0x7666
At position 3749 delete 0x7668
At position 3750 delete 0x751c
At position 3751 delete 0x751e
At position 3752 delete 0x7520
At position 3753 delete 0x7522
At position 3754 delete 0x7524
At position 3755 delete 0x7526
At position 3756 delete 0x7528
At position 3757 delete 0x752a
At position 3758 delete 0x752c
At position 3759 delete 0x766a
At position 3760 delete 0x766c
At position 3761 delete 0x766e
At position 3762 delete 0x7670
At position 3763 delete 0x7672
At position 3764 delete 0x7416
At position 3765 delete 0x741a
At position 3766 delete 0x741e
At position 3767 delete 0x7422
At position 3768 delete 0x7426
At position 3769 delete 0x7428
At position 3770 delete 0x742a
At position 3771 delete 0x7674
At position 3772 delete 0x7676
At position 3773 delete 0x7678
At position 3774 delete 0x767a
At position 3775 delete 0x74c6
At position 3776 delete 0x74c8
At position 3777 delete 0x74ca
At position 3778 delete 0x74ce
At position 3779 delete 0x74d0
At position 3780 delete 0x756a
At position 3781 delete 0x756c
At position 3782 delete 0x756e
At position 3783 delete 0x7572
At position 3784 delete 0x7574
At position 3785 delete 0x7576
At position 3786 delete 0x7578
At position 3787 delete 0x757a
At position 3788 delete 0x7506
At position 3789 delete 0x750a
At position 3790 delete 0x750c
At position 3791 delete 0x750e
At position 3792 delete 0x7510
At position 3793 delete 0x7512
At position 3794 delete 0x7514
At position 3795 delete 0x7658
At position 3796 delete 0x765c
At position 3797 delete 0x7660
At position 3798 delete 0x7664
At position 3799 delete 0x7666
At position 3800 delete 0x7668
At position 3801 delete 0x751c
At position 3802 delete 0x751e
At position 3803 delete 0x7520
At position 3804 delete 0x7522
At position 3805 delete 0x7524
At position 3806 delete 0x7526
At position 3807 delete 0x7528
At position 3808 delete 0x752a
At position 3809 delete 0x752c
At position 3810 delete 0x766a
At position 3811 delete 0x766c
At position 3812 delete 0x766e
At position 3813 delete 0x7670
At position 3814 delete 0x7672
At position 3815 delete 0x7416
At position 3816 delete 0x741a
At position 3817 delete 0x741e
At position 3818 delete 0x7422
At position 3819 delete 0x7426
At position 3820 delete 0x7428
At position 3821 delete 0x742a
At position 3822 delete 0x7674
At position 3823 delete 0x7676
At position 3824 delete 0x7678
At position 3825 delete 0x767a
At position 3826 delete 0x74c6
At position 3827 delete 0x74c8
At position 3828 delete 0x74ca
At position 3829 delete 0x74ce
At position 3830 delete 0x74d0
At position 3831 delete 0x756a
At position 3832 delete 0x756c
At position 3833 delete 0x756e
At position 3834 delete 0x7572
At position 3835 delete 0x7574
At position 3836 delete 0x7576
At position 3837 delete 0x7578
At position 3838 delete 0x757a
At position 3839 delete 0x7506
At position 3840 delete 0x750a
At position 3841 delete 0x750c
At position 3842 delete 0x750e
At position 3843 delete 0x7510
At position 3844 delete 0x7512
At position 3845 delete 0x7514
At position 3846 delete 0x7658
At position 3847 delete 0x765c
At position 3848 delete 0x7660
At position 3849 delete 0x7664
At position 3850 delete 0x7666
At position 3851 delete 0x7668
At position 3852 delete 0x751c
At position 3853 delete 0x751e
At position 3854 delete 0x7520
At position 3855 delete 0x7522
At position 3856 delete 0x7524
At position 3857 delete 0x7526
At position 3858 delete 0x7528
At position 3859 delete 0x752a
At position 3860 delete 0x752c
At position 3861 delete 0x766a
At position 3862 delete 0x766c
At position 3863 delete 0x766e
At position 3864 delete 0x7670
At position 3865 delete 0x7672
At position 3866 delete 0x7416
At position 3867 delete 0x741a
At position 3868 delete 0x741e
At position 3869 delete 0x7422
At position 3870 delete 0x7426
At position 3871 delete 0x7428
At position 3872 delete 0x742a
At position 3873 delete 0x7674
At position 3874 delete 0x7676
At position 3875 delete 0x7678
At position 3876 delete 0x767a
At position 3877 delete 0x74c6
At position 3878 delete 0x74c8
At position 3879 delete 0x74ca
At position 3880 delete 0x74ce
At position 3881 delete 0x74d0
At position 3882 delete 0x756a
At position 3883 delete 0x756c
At position 3884 delete 0x756e
At position 3885 delete 0x7572
At position 3886 delete 0x7574
At position 3887 delete 0x7576
At position 3888 delete 0x7578
At position 3889 delete 0x757a
At position 3890 delete 0x7506
At position 3891 delete 0x750a
At position 3892 delete 0x750c
At position 3893 delete 0x750e
At position 3894 delete 0x7510
At position 3895 delete 0x7512
At position 3896 delete 0x7514
At position 3897 delete 0x7658
At position 3898 delete 0x765c
At position 3899 delete 0x7660
At position 3900 delete 0x7664
At position 3901 delete 0x7666
At position 3902 delete 0x7668
At position 3903 delete 0x751c
At position 3904 delete 0x751e
At position 3905 delete 0x7520
At position 3906 delete 0x7522
At position 3907 delete 0x7524
At position 3908 delete 0x7526
At position 3909 delete 0x7528
At position 3910 delete 0x752a
At position 3911 delete 0x752c
At position 3912 delete 0x7530
At position 3913 delete 0x7532
At position 3914 delete 0x7534
At position 3915 delete 0x7536
At position 3916 delete 0x7538
